Archive member included to satisfy reference by file (symbol)

app/libapp.a(i2c.c.obj)       (--whole-archive)
app/libapp.a(cmdproc.c.obj)   (--whole-archive)
app/libapp.a(data.c.obj)      (--whole-archive)
app/libapp.a(uart.c.obj)      (--whole-archive)
app/libapp.a(gpio.c.obj)      (--whole-archive)
app/libapp.a(heater.c.obj)    (--whole-archive)
app/libapp.a(main.c.obj)      (--whole-archive)
zephyr/libzephyr.a(heap.c.obj)
                              (--whole-archive)
zephyr/libzephyr.a(cbprintf_packaged.c.obj)
                              (--whole-archive)
zephyr/libzephyr.a(printk.c.obj)
                              (--whole-archive)
zephyr/libzephyr.a(sem.c.obj)
                              (--whole-archive)
zephyr/libzephyr.a(thread_entry.c.obj)
                              (--whole-archive)
zephyr/libzephyr.a(cbprintf_complete.c.obj)
                              (--whole-archive)
zephyr/libzephyr.a(assert.c.obj)
                              (--whole-archive)
zephyr/libzephyr.a(dec.c.obj)
                              (--whole-archive)
zephyr/libzephyr.a(hex.c.obj)
                              (--whole-archive)
zephyr/libzephyr.a(rb.c.obj)  (--whole-archive)
zephyr/libzephyr.a(timeutil.c.obj)
                              (--whole-archive)
zephyr/libzephyr.a(bitarray.c.obj)
                              (--whole-archive)
zephyr/libzephyr.a(onoff.c.obj)
                              (--whole-archive)
zephyr/libzephyr.a(notify.c.obj)
                              (--whole-archive)
zephyr/libzephyr.a(last_section_id.c.obj)
                              (--whole-archive)
zephyr/libzephyr.a(configs.c.obj)
                              (--whole-archive)
zephyr/libzephyr.a(mem_attr.c.obj)
                              (--whole-archive)
zephyr/libzephyr.a(tracing_none.c.obj)
                              (--whole-archive)
zephyr/libzephyr.a(banner.c.obj)
                              (--whole-archive)
zephyr/libzephyr.a(flash_map_partition_manager.c.obj)
                              (--whole-archive)
zephyr/libzephyr.a(nrf_cc3xx_platform_abort_zephyr.c.obj)
                              (--whole-archive)
zephyr/libzephyr.a(nrf_cc3xx_platform_mutex_zephyr.c.obj)
                              (--whole-archive)
zephyr/arch/common/libarch__common.a(sw_isr_common.c.obj)
                              (--whole-archive)
zephyr/arch/arch/arm/core/libarch__arm__core.a(fatal.c.obj)
                              (--whole-archive)
zephyr/arch/arch/arm/core/libarch__arm__core.a(nmi.c.obj)
                              (--whole-archive)
zephyr/arch/arch/arm/core/libarch__arm__core.a(nmi_on_reset.S.obj)
                              (--whole-archive)
zephyr/arch/arch/arm/core/libarch__arm__core.a(tls.c.obj)
                              (--whole-archive)
zephyr/arch/arch/arm/core/cortex_m/libarch__arm__core__cortex_m.a(exc_exit.c.obj)
                              (--whole-archive)
zephyr/arch/arch/arm/core/cortex_m/libarch__arm__core__cortex_m.a(fault.c.obj)
                              (--whole-archive)
zephyr/arch/arch/arm/core/cortex_m/libarch__arm__core__cortex_m.a(fault_s.S.obj)
                              (--whole-archive)
zephyr/arch/arch/arm/core/cortex_m/libarch__arm__core__cortex_m.a(fpu.c.obj)
                              (--whole-archive)
zephyr/arch/arch/arm/core/cortex_m/libarch__arm__core__cortex_m.a(reset.S.obj)
                              (--whole-archive)
zephyr/arch/arch/arm/core/cortex_m/libarch__arm__core__cortex_m.a(scb.c.obj)
                              (--whole-archive)
zephyr/arch/arch/arm/core/cortex_m/libarch__arm__core__cortex_m.a(thread_abort.c.obj)
                              (--whole-archive)
zephyr/arch/arch/arm/core/cortex_m/libarch__arm__core__cortex_m.a(vector_table.S.obj)
                              (--whole-archive)
zephyr/arch/arch/arm/core/cortex_m/libarch__arm__core__cortex_m.a(swap_helper.S.obj)
                              (--whole-archive)
zephyr/arch/arch/arm/core/cortex_m/libarch__arm__core__cortex_m.a(irq_manage.c.obj)
                              (--whole-archive)
zephyr/arch/arch/arm/core/cortex_m/libarch__arm__core__cortex_m.a(prep_c.c.obj)
                              (--whole-archive)
zephyr/arch/arch/arm/core/cortex_m/libarch__arm__core__cortex_m.a(thread.c.obj)
                              (--whole-archive)
zephyr/arch/arch/arm/core/cortex_m/libarch__arm__core__cortex_m.a(cpu_idle.c.obj)
                              (--whole-archive)
zephyr/arch/arch/arm/core/cortex_m/libarch__arm__core__cortex_m.a(irq_init.c.obj)
                              (--whole-archive)
zephyr/arch/arch/arm/core/cortex_m/libarch__arm__core__cortex_m.a(isr_wrapper.c.obj)
                              (--whole-archive)
zephyr/arch/arch/arm/core/cortex_m/libarch__arm__core__cortex_m.a(__aeabi_read_tp.S.obj)
                              (--whole-archive)
zephyr/arch/arch/arm/core/mpu/libarch__arm__core__mpu.a(arm_core_mpu.c.obj)
[...]
Memory Configuration

Name             Origin             Length             Attributes
FLASH            0x0000000000000000 0x0000000000100000 xr
RAM              0x0000000020000000 0x0000000000040000 xw
IDT_LIST         0x00000000ffff7fff 0x0000000000008000 xw
*default*        0x0000000000000000 0xffffffffffffffff

Linker script and memory map

                0x0000000000005c54                vfprintf = __l_vfprintf
                0x0000000000000000                vfscanf = __l_vfscanf
LOAD zephyr/CMakeFiles/zephyr_pre0.dir/misc/empty_file.c.obj
LOAD zephyr/CMakeFiles/offsets.dir/./arch/arm/core/offsets/offsets.c.obj
LOAD app/libapp.a
LOAD zephyr/libzephyr.a
LOAD zephyr/arch/common/libarch__common.a
LOAD zephyr/arch/arch/arm/core/libarch__arm__core.a
LOAD zephyr/arch/arch/arm/core/cortex_m/libarch__arm__core__cortex_m.a
LOAD zephyr/arch/arch/arm/core/mpu/libarch__arm__core__mpu.a
LOAD zephyr/lib/libc/picolibc/liblib__libc__picolibc.a
LOAD zephyr/lib/libc/common/liblib__libc__common.a
LOAD zephyr/soc/soc/nrf52840/libsoc__nordic.a
LOAD zephyr/drivers/clock_control/libdrivers__clock_control.a
LOAD zephyr/drivers/console/libdrivers__console.a
LOAD zephyr/drivers/gpio/libdrivers__gpio.a
LOAD zephyr/drivers/i2c/libdrivers__i2c.a
LOAD zephyr/drivers/pinctrl/libdrivers__pinctrl.a
LOAD zephyr/drivers/serial/libdrivers__serial.a
LOAD zephyr/drivers/timer/libdrivers__timer.a
LOAD modules/nrf/drivers/hw_cc3xx/lib..__nrf__drivers__hw_cc3xx.a
LOAD modules/hal_nordic/modules/hal_nordic/nrfx/libmodules__hal_nordic__nrfx.a
LOAD modules/segger/libmodules__segger.a
LOAD zephyr/kernel/libkernel.a
LOAD zephyr/arch/common/libisr_tables.a
LOAD C:/ncs/v3.0.1/nrfxlib/crypto/nrf_cc310_platform/lib/cortex-m4/soft-float/no-interrupts/libnrf_cc310_platform_0.9.19.a
LOAD c:\ncs\toolchains\0b393f9e1b\opt\zephyr-sdk\arm-zephyr-eabi\bin\../lib/gcc/../../picolibc/arm-zephyr-eabi/lib/thumb/v7e-m/nofp\libc.a
LOAD c:/ncs/toolchains/0b393f9e1b/opt/zephyr-sdk/arm-zephyr-eabi/bin/../lib/gcc/arm-zephyr-eabi/12.2.0/thumb/v7e-m/nofp\libgcc.a
                0x0000000000000020                _region_min_align = 0x20

.rel.plt        0x0000000000000000        0x0
 *(SORT_BY_ALIGNMENT(.rel.plt))
                [!provide]                        PROVIDE (__rel_iplt_start = .)
 *(SORT_BY_ALIGNMENT(.rel.iplt))
 .rel.iplt      0x0000000000000000        0x0 app/libapp.a(i2c.c.obj)
                [!provide]                        PROVIDE (__rel_iplt_end = .)

.rela.plt       0x0000000000000000        0x0
 *(SORT_BY_ALIGNMENT(.rela.plt))
                [!provide]                        PROVIDE (__rela_iplt_start = .)
 *(SORT_BY_ALIGNMENT(.rela.iplt))
                [!provide]                        PROVIDE (__rela_iplt_end = .)

.rel.dyn
 *(SORT_BY_ALIGNMENT(.rel.*))

.rela.dyn
 *(SORT_BY_ALIGNMENT(.rela.*))

/DISCARD/
 *(SORT_BY_ALIGNMENT(.plt))

/DISCARD/
 *(SORT_BY_ALIGNMENT(.iplt))
                0x0000000000000000                __rom_region_start = 0x0

rom_start       0x0000000000000000      0x100
                0x0000000000000000                __rom_start_address = .
 FILL mask 0x00
                0x0000000000000000                . = (. + (0x0 - (. - __rom_start_address)))
                0x0000000000000000                . = ALIGN (0x4)
                0x0000000000000000                . = ALIGN (0x80)
                0x0000000000000000                . = ALIGN (0x100)
                0x0000000000000000                _vector_start = .
 *(SORT_BY_ALIGNMENT(.exc_vector_table))
 *(SORT_BY_ALIGNMENT(.exc_vector_table.*))
 .exc_vector_table._vector_table_section
                0x0000000000000000       0x40 zephyr/arch/arch/arm/core/cortex_m/libarch__arm__core__cortex_m.a(vector_table.S.obj)
                0x0000000000000000                _vector_table
 *(SORT_BY_ALIGNMENT(.vectors))
                0x0000000000000100                _vector_end = .
                0x0000000000000040                . = ALIGN (0x4)
 *(SORT_BY_ALIGNMENT(.gnu.linkonce.irq_vector_table*))
 .gnu.linkonce.irq_vector_table
                0x0000000000000040       0xc0 zephyr/arch/common/libisr_tables.a(isr_tables.c.obj)
                0x0000000000000040                _irq_vector_table
                0x0000000000000100                _vector_end = .

text            0x0000000000000100     0x7648
                0x0000000000000100                __text_region_start = .
 *(SORT_BY_ALIGNMENT(.text))
 .text          0x0000000000000100       0x30 c:/ncs/toolchains/0b393f9e1b/opt/zephyr-sdk/arm-zephyr-eabi/bin/../lib/gcc/arm-zephyr-eabi/12.2.0/thumb/v7e-m/nofp\libgcc.a(_aeabi_uldivmod.o)
                0x0000000000000100                __aeabi_uldivmod
 .text          0x0000000000000130        0x4 c:/ncs/toolchains/0b393f9e1b/opt/zephyr-sdk/arm-zephyr-eabi/bin/../lib/gcc/arm-zephyr-eabi/12.2.0/thumb/v7e-m/nofp\libgcc.a(_dvmd_tls.o)
                0x0000000000000130                __aeabi_idiv0
                0x0000000000000130                __aeabi_ldiv0
 .text          0x0000000000000134       0x10 c:\ncs\toolchains\0b393f9e1b\opt\zephyr-sdk\arm-zephyr-eabi\bin\../lib/gcc/../../picolibc/arm-zephyr-eabi/lib/thumb/v7e-m/nofp\libc.a(strlen.S.o)
                0x0000000000000134                strlen
 .text          0x0000000000000144      0x2a0 c:/ncs/toolchains/0b393f9e1b/opt/zephyr-sdk/arm-zephyr-eabi/bin/../lib/gcc/arm-zephyr-eabi/12.2.0/thumb/v7e-m/nofp\libgcc.a(_udivmoddi4.o)
                0x0000000000000144                __udivmoddi4
 *(SORT_BY_ALIGNMENT(.text.*))
 .text.sensor_timer_handler
                0x00000000000003e4        0xc app/libapp.a(i2c.c.obj)
 .text.i2c_init
                0x00000000000003f0       0x5c app/libapp.a(i2c.c.obj)
                0x00000000000003f0                i2c_init
 .text.sensor_thread_func
                0x000000000000044c       0x8c app/libapp.a(i2c.c.obj)
                0x000000000000044c                sensor_thread_func
 .text.checkSofEof
                0x00000000000004d8       0x50 app/libapp.a(cmdproc.c.obj)
                0x00000000000004d8                checkSofEof
 .text.checkRxChecksum
                0x0000000000000528       0x5c app/libapp.a(cmdproc.c.obj)
                0x0000000000000528                checkRxChecksum
 .text.rxChar   0x0000000000000584       0x24 app/libapp.a(cmdproc.c.obj)
                0x0000000000000584                rxChar
 .text.txChar   0x00000000000005a8       0x24 app/libapp.a(cmdproc.c.obj)
                0x00000000000005a8                txChar
 .text.cmdProcessor
                0x00000000000005cc      0x254 app/libapp.a(cmdproc.c.obj)
                0x00000000000005cc                cmdProcessor
 .text.resetTxBuffer
                0x0000000000000820       0x20 app/libapp.a(cmdproc.c.obj)
                0x0000000000000820                resetTxBuffer
 .text.getTxBuffer
                0x0000000000000840       0x14 app/libapp.a(cmdproc.c.obj)
                0x0000000000000840                getTxBuffer
 .text.uart_cb  0x0000000000000854       0xdc app/libapp.a(uart.c.obj)
                0x0000000000000854                uart_cb
 .text.uart_init
                0x0000000000000930       0xc4 app/libapp.a(uart.c.obj)
                0x0000000000000930                uart_init
 .text.uart_send
                0x00000000000009f4       0x20 app/libapp.a(uart.c.obj)
                0x00000000000009f4                uart_send
 .text.device_is_ready.constprop.0
                0x0000000000000a14        0xc app/libapp.a(gpio.c.obj)
 .text.gpio_init
                0x0000000000000a20       0xc4 app/libapp.a(gpio.c.obj)
                0x0000000000000a20                gpio_init
 .text.ui_task  0x0000000000000ae4      0x140 app/libapp.a(gpio.c.obj)
                0x0000000000000ae4                ui_task
 .text.led2_toggle
                0x0000000000000c24        0xc app/libapp.a(gpio.c.obj)
                0x0000000000000c24                led2_toggle
 .text.led3_toggle
                0x0000000000000c30        0xc app/libapp.a(gpio.c.obj)
                0x0000000000000c30                led3_toggle
 .text.led4_toggle
                0x0000000000000c3c        0xc app/libapp.a(gpio.c.obj)
                0x0000000000000c3c                led4_toggle
 .text.gpio_pin_set_dt.constprop.0.isra.0
                0x0000000000000c48       0x28 app/libapp.a(heater.c.obj)
 .text.heater_init
                0x0000000000000c70       0x38 app/libapp.a(heater.c.obj)
                0x0000000000000c70                heater_init
 .text.heater_toggle
                0x0000000000000ca8       0x10 app/libapp.a(heater.c.obj)
                0x0000000000000ca8                heater_toggle
 .text.ui_timer_handler
                0x0000000000000cb8        0xc app/libapp.a(main.c.obj)
 .text.control_thread_func
                0x0000000000000cc4       0x74 app/libapp.a(main.c.obj)
                0x0000000000000cc4                control_thread_func
 .text.command_thread_func
                0x0000000000000d38       0x84 app/libapp.a(main.c.obj)
                0x0000000000000d38                command_thread_func
 .text.ui_thread_func
                0x0000000000000dbc       0x28 app/libapp.a(main.c.obj)
                0x0000000000000dbc                ui_thread_func
 .text.actuator_thread_func
                0x0000000000000de4       0xb4 app/libapp.a(main.c.obj)
                0x0000000000000de4                actuator_thread_func
 .text.control_timer_handler
                0x0000000000000e98        0xc app/libapp.a(main.c.obj)
 .text.actuator_timer_handler
                0x0000000000000ea4        0xc app/libapp.a(main.c.obj)
 .text.app_init
                0x0000000000000eb0      0x214 app/libapp.a(main.c.obj)
                0x0000000000000eb0                app_init
 .text.char_out
                0x00000000000010c4        0xc zephyr/libzephyr.a(printk.c.obj)
 .text.__printk_hook_install
                0x00000000000010d0        0xc zephyr/libzephyr.a(printk.c.obj)
                0x00000000000010d0                __printk_hook_install
 .text.vprintk  0x00000000000010dc       0x30 zephyr/libzephyr.a(printk.c.obj)
                0x00000000000010dc                vprintk
 .text.z_thread_entry
                0x000000000000110c       0x34 zephyr/libzephyr.a(thread_entry.c.obj)
                0x000000000000110c                z_thread_entry
 .text.process_event
                0x0000000000001140      0x21c zephyr/libzephyr.a(onoff.c.obj)
 .text.mem_attr_get_regions
                0x000000000000135c        0xc zephyr/libzephyr.a(mem_attr.c.obj)
                0x000000000000135c                mem_attr_get_regions
 .text.boot_banner
                0x0000000000001368       0x1c zephyr/libzephyr.a(banner.c.obj)
                0x0000000000001368                boot_banner
 .text.nrf_cc3xx_platform_abort_init
                0x0000000000001384        0xc zephyr/libzephyr.a(nrf_cc3xx_platform_abort_zephyr.c.obj)
                0x0000000000001384                nrf_cc3xx_platform_abort_init
 .text.mutex_free_platform
                0x0000000000001390       0x54 zephyr/libzephyr.a(nrf_cc3xx_platform_mutex_zephyr.c.obj)
 .text.mutex_lock_platform
                0x00000000000013e4       0x60 zephyr/libzephyr.a(nrf_cc3xx_platform_mutex_zephyr.c.obj)
 .text.mutex_unlock_platform
                0x0000000000001444       0x58 zephyr/libzephyr.a(nrf_cc3xx_platform_mutex_zephyr.c.obj)
 .text.mutex_init_platform
                0x000000000000149c       0x94 zephyr/libzephyr.a(nrf_cc3xx_platform_mutex_zephyr.c.obj)
 .text.nrf_cc3xx_platform_mutex_init
                0x0000000000001530       0x2c zephyr/libzephyr.a(nrf_cc3xx_platform_mutex_zephyr.c.obj)
                0x0000000000001530                nrf_cc3xx_platform_mutex_init
 .text.z_SysNmiOnReset
                0x000000000000155c        0x8 zephyr/arch/arch/arm/core/libarch__arm__core.a(nmi_on_reset.S.obj)
                0x000000000000155c                z_SysNmiOnReset
 .text.arch_tls_stack_setup
                0x0000000000001564       0x40 zephyr/arch/arch/arm/core/libarch__arm__core.a(tls.c.obj)
                0x0000000000001564                arch_tls_stack_setup
 .text._HandlerModeExit
                0x00000000000015a4       0x28 zephyr/arch/arch/arm/core/cortex_m/libarch__arm__core__cortex_m.a(exc_exit.c.obj)
                0x00000000000015a4                z_arm_int_exit
                0x00000000000015a4                z_arm_exc_exit
 .text.mem_manage_fault
                0x00000000000015cc       0xa0 zephyr/arch/arch/arm/core/cortex_m/libarch__arm__core__cortex_m.a(fault.c.obj)
 .text.usage_fault.constprop.0
                0x000000000000166c       0x54 zephyr/arch/arch/arm/core/cortex_m/libarch__arm__core__cortex_m.a(fault.c.obj)
 .text.bus_fault.constprop.0
                0x00000000000016c0       0x6c zephyr/arch/arch/arm/core/cortex_m/libarch__arm__core__cortex_m.a(fault.c.obj)
 .text.z_arm_fault
                0x000000000000172c      0x128 zephyr/arch/arch/arm/core/cortex_m/libarch__arm__core__cortex_m.a(fault.c.obj)
                0x000000000000172c                z_arm_fault
 .text.z_arm_fault_init
                0x0000000000001854       0x18 zephyr/arch/arch/arm/core/cortex_m/libarch__arm__core__cortex_m.a(fault.c.obj)
                0x0000000000001854                z_arm_fault_init
 .text.__fault  0x000000000000186c       0x14 zephyr/arch/arch/arm/core/cortex_m/libarch__arm__core__cortex_m.a(fault_s.S.obj)
                0x000000000000186c                z_arm_usage_fault
                0x000000000000186c                z_arm_mpu_fault
                0x000000000000186c                z_arm_exc_spurious
                0x000000000000186c                z_arm_debug_monitor
                0x000000000000186c                z_arm_hard_fault
                0x000000000000186c                z_arm_bus_fault
 .text._reset_section
                0x0000000000001880       0x54 zephyr/arch/arch/arm/core/cortex_m/libarch__arm__core__cortex_m.a(reset.S.obj)
                0x0000000000001880                __start
                0x0000000000001880                z_arm_reset
 .text.z_arm_clear_arm_mpu_config
                0x00000000000018d4       0x24 zephyr/arch/arch/arm/core/cortex_m/libarch__arm__core__cortex_m.a(scb.c.obj)
                0x00000000000018d4                z_arm_clear_arm_mpu_config
 .text.z_arm_init_arch_hw_at_boot
                0x00000000000018f8       0x64 zephyr/arch/arch/arm/core/cortex_m/libarch__arm__core__cortex_m.a(scb.c.obj)
                0x00000000000018f8                z_arm_init_arch_hw_at_boot
 .text.z_impl_k_thread_abort
                0x000000000000195c       0x2c zephyr/arch/arch/arm/core/cortex_m/libarch__arm__core__cortex_m.a(thread_abort.c.obj)
                0x000000000000195c                z_impl_k_thread_abort
 .text.z_arm_pendsv
                0x0000000000001988       0x64 zephyr/arch/arch/arm/core/cortex_m/libarch__arm__core__cortex_m.a(swap_helper.S.obj)
                0x0000000000001988                z_arm_pendsv
 .text.z_arm_svc
                0x00000000000019ec       0x24 zephyr/arch/arch/arm/core/cortex_m/libarch__arm__core__cortex_m.a(swap_helper.S.obj)
                0x00000000000019ec                z_arm_svc
 .text.arch_irq_enable
                0x0000000000001a10       0x1c zephyr/arch/arch/arm/core/cortex_m/libarch__arm__core__cortex_m.a(irq_manage.c.obj)
                0x0000000000001a10                arch_irq_enable
 .text.arch_irq_is_enabled
                0x0000000000001a2c       0x1c zephyr/arch/arch/arm/core/cortex_m/libarch__arm__core__cortex_m.a(irq_manage.c.obj)
                0x0000000000001a2c                arch_irq_is_enabled
 .text.z_arm_irq_priority_set
                0x0000000000001a48       0x30 zephyr/arch/arch/arm/core/cortex_m/libarch__arm__core__cortex_m.a(irq_manage.c.obj)
                0x0000000000001a48                z_arm_irq_priority_set
 .text.z_prep_c
                0x0000000000001a78       0x38 zephyr/arch/arch/arm/core/cortex_m/libarch__arm__core__cortex_m.a(prep_c.c.obj)
                0x0000000000001a78                z_prep_c
 .text.arch_new_thread
                0x0000000000001ab0       0x38 zephyr/arch/arch/arm/core/cortex_m/libarch__arm__core__cortex_m.a(thread.c.obj)
                0x0000000000001ab0                arch_new_thread
 .text.z_check_thread_stack_fail
                0x0000000000001ae8       0x2c zephyr/arch/arch/arm/core/cortex_m/libarch__arm__core__cortex_m.a(thread.c.obj)
                0x0000000000001ae8                z_check_thread_stack_fail
 .text.arch_switch_to_main_thread
                0x0000000000001b14       0x3c zephyr/arch/arch/arm/core/cortex_m/libarch__arm__core__cortex_m.a(thread.c.obj)
                0x0000000000001b14                arch_switch_to_main_thread
 .text.z_arm_cpu_idle_init
                0x0000000000001b50        0xc zephyr/arch/arch/arm/core/cortex_m/libarch__arm__core__cortex_m.a(cpu_idle.c.obj)
                0x0000000000001b50                z_arm_cpu_idle_init
 .text.z_arm_interrupt_init
                0x0000000000001b5c       0x18 zephyr/arch/arch/arm/core/cortex_m/libarch__arm__core__cortex_m.a(irq_init.c.obj)
                0x0000000000001b5c                z_arm_interrupt_init
 .text._isr_wrapper
                0x0000000000001b74       0x24 zephyr/arch/arch/arm/core/cortex_m/libarch__arm__core__cortex_m.a(isr_wrapper.c.obj)
                0x0000000000001b74                _isr_wrapper
 .text.z_arm_configure_static_mpu_regions
                0x0000000000001b98       0x18 zephyr/arch/arch/arm/core/mpu/libarch__arm__core__mpu.a(arm_core_mpu.c.obj)
                0x0000000000001b98                z_arm_configure_static_mpu_regions
 .text.z_arm_configure_dynamic_mpu_regions
                0x0000000000001bb0       0x20 zephyr/arch/arch/arm/core/mpu/libarch__arm__core__mpu.a(arm_core_mpu.c.obj)
                0x0000000000001bb0                z_arm_configure_dynamic_mpu_regions
 .text.region_init
                0x0000000000001bd0       0x28 zephyr/arch/arch/arm/core/mpu/libarch__arm__core__mpu.a(arm_mpu.c.obj)
 .text.mpu_configure_regions
                0x0000000000001bf8       0x6c zephyr/arch/arch/arm/core/mpu/libarch__arm__core__mpu.a(arm_mpu.c.obj)
 .text.arm_core_mpu_enable
                0x0000000000001c64       0x18 zephyr/arch/arch/arm/core/mpu/libarch__arm__core__mpu.a(arm_mpu.c.obj)
                0x0000000000001c64                arm_core_mpu_enable
 .text.arm_core_mpu_disable
                0x0000000000001c7c       0x14 zephyr/arch/arch/arm/core/mpu/libarch__arm__core__mpu.a(arm_mpu.c.obj)
                0x0000000000001c7c                arm_core_mpu_disable
 .text.arm_core_mpu_configure_static_mpu_regions
                0x0000000000001c90       0x14 zephyr/arch/arch/arm/core/mpu/libarch__arm__core__mpu.a(arm_mpu.c.obj)
                0x0000000000001c90                arm_core_mpu_configure_static_mpu_regions
 .text.arm_core_mpu_configure_dynamic_mpu_regions
                0x0000000000001ca4       0x38 zephyr/arch/arch/arm/core/mpu/libarch__arm__core__mpu.a(arm_mpu.c.obj)
                0x0000000000001ca4                arm_core_mpu_configure_dynamic_mpu_regions
 .text.z_arm_mpu_init
                0x0000000000001cdc      0x168 zephyr/arch/arch/arm/core/mpu/libarch__arm__core__mpu.a(arm_mpu.c.obj)
                0x0000000000001cdc                z_arm_mpu_init
 .text.z_impl_zephyr_fputc
                0x0000000000001e44       0x10 zephyr/lib/libc/picolibc/liblib__libc__picolibc.a(stdio.c.obj)
                0x0000000000001e44                z_impl_zephyr_fputc
 .text.__stdout_hook_install
                0x0000000000001e54       0x18 zephyr/lib/libc/picolibc/liblib__libc__picolibc.a(stdio.c.obj)
                0x0000000000001e54                __stdout_hook_install
 .text.malloc_prepare
                0x0000000000001e6c       0x24 zephyr/lib/libc/common/liblib__libc__common.a(malloc.c.obj)
 .text.nordicsemi_nrf52_init
                0x0000000000001e90       0x44 zephyr/soc/soc/nrf52840/libsoc__nordic.a(soc.c.obj)
 .text.arch_busy_wait
                0x0000000000001ed4       0x14 zephyr/soc/soc/nrf52840/libsoc__nordic.a(soc.c.obj)
                0x0000000000001ed4                arch_busy_wait
 .text.onoff_stop
                0x0000000000001ee8       0x30 zephyr/drivers/clock_control/libdrivers__clock_control.a(clock_control_nrf.c.obj)
 .text.onoff_start
                0x0000000000001f18       0x44 zephyr/drivers/clock_control/libdrivers__clock_control.a(clock_control_nrf.c.obj)
 .text.generic_hfclk_stop
                0x0000000000001f5c       0x34 zephyr/drivers/clock_control/libdrivers__clock_control.a(clock_control_nrf.c.obj)
 .text.clk_init
                0x0000000000001f90       0x58 zephyr/drivers/clock_control/libdrivers__clock_control.a(clock_control_nrf.c.obj)
 .text.api_blocking_start
                0x0000000000001fe8       0x34 zephyr/drivers/clock_control/libdrivers__clock_control.a(clock_control_nrf.c.obj)
 .text.clkstarted_handle.constprop.0
                0x000000000000201c       0x4c zephyr/drivers/clock_control/libdrivers__clock_control.a(clock_control_nrf.c.obj)
 .text.generic_hfclk_start
                0x0000000000002068       0x78 zephyr/drivers/clock_control/libdrivers__clock_control.a(clock_control_nrf.c.obj)
 .text.clock_event_handler
                0x00000000000020e0       0x1c zephyr/drivers/clock_control/libdrivers__clock_control.a(clock_control_nrf.c.obj)
 .text.z_nrf_clock_control_lf_on
                0x00000000000020fc       0xfc zephyr/drivers/clock_control/libdrivers__clock_control.a(clock_control_nrf.c.obj)
                0x00000000000020fc                z_nrf_clock_control_lf_on
 .text.uart_console_init
                0x00000000000021f8       0x28 zephyr/drivers/console/libdrivers__console.a(uart_console.c.obj)
 .text.console_out
                0x0000000000002220       0x28 zephyr/drivers/console/libdrivers__console.a(uart_console.c.obj)
 .text.gpio_nrfx_pin_interrupt_configure
                0x0000000000002248      0x100 zephyr/drivers/gpio/libdrivers__gpio.a(gpio_nrfx.c.obj)
 .text.gpio_nrfx_init
                0x0000000000002348       0x48 zephyr/drivers/gpio/libdrivers__gpio.a(gpio_nrfx.c.obj)
 .text.nrfx_gpio_handler
                0x0000000000002390       0x4c zephyr/drivers/gpio/libdrivers__gpio.a(gpio_nrfx.c.obj)
 .text.gpio_nrfx_pin_configure
                0x00000000000023dc      0x18c zephyr/drivers/gpio/libdrivers__gpio.a(gpio_nrfx.c.obj)
 .text.event_handler
                0x0000000000002568       0x38 zephyr/drivers/i2c/libdrivers__i2c.a(i2c_nrfx_twi.c.obj)
 .text.i2c_nrfx_twi_transfer
                0x00000000000025a0       0xc0 zephyr/drivers/i2c/libdrivers__i2c.a(i2c_nrfx_twi.c.obj)
 .text.i2c_nrfx_twi_init
                0x0000000000002660       0x24 zephyr/drivers/i2c/libdrivers__i2c.a(i2c_nrfx_twi_common.c.obj)
                0x0000000000002660                i2c_nrfx_twi_init
 .text.i2c_nrfx_twi_recover_bus
                0x0000000000002684       0x24 zephyr/drivers/i2c/libdrivers__i2c.a(i2c_nrfx_twi_common.c.obj)
                0x0000000000002684                i2c_nrfx_twi_recover_bus
 .text.i2c_nrfx_twi_msg_transfer
                0x00000000000026a8       0x7c zephyr/drivers/i2c/libdrivers__i2c.a(i2c_nrfx_twi_common.c.obj)
                0x00000000000026a8                i2c_nrfx_twi_msg_transfer
 .text.nrf_gpio_pin_port_decode
                0x0000000000002724       0x20 zephyr/drivers/pinctrl/libdrivers__pinctrl.a(pinctrl_nrf.c.obj)
 .text.pinctrl_configure_pins
                0x0000000000002744      0x1a4 zephyr/drivers/pinctrl/libdrivers__pinctrl.a(pinctrl_nrf.c.obj)
                0x0000000000002744                pinctrl_configure_pins
 .text.uarte_0_init
                0x00000000000028e8      0x134 zephyr/drivers/serial/libdrivers__serial.a(uart_nrfx_uarte.c.obj)
 .text.uarte_nrfx_poll_out
                0x0000000000002a1c       0xd0 zephyr/drivers/serial/libdrivers__serial.a(uart_nrfx_uarte.c.obj)
 .text.uarte_nrfx_tx
                0x0000000000002aec       0xb4 zephyr/drivers/serial/libdrivers__serial.a(uart_nrfx_uarte.c.obj)
 .text.uarte_nrfx_rx_enable
                0x0000000000002ba0      0x194 zephyr/drivers/serial/libdrivers__serial.a(uart_nrfx_uarte.c.obj)
 .text.compare_int_lock
                0x0000000000002d34       0x48 zephyr/drivers/timer/libdrivers__timer.a(nrf_rtc_timer.c.obj)
 .text.sys_clock_timeout_handler
                0x0000000000002d7c       0x48 zephyr/drivers/timer/libdrivers__timer.a(nrf_rtc_timer.c.obj)
 .text.compare_int_unlock
                0x0000000000002dc4       0x5c zephyr/drivers/timer/libdrivers__timer.a(nrf_rtc_timer.c.obj)
 .text.z_nrf_rtc_timer_read
                0x0000000000002e20       0x44 zephyr/drivers/timer/libdrivers__timer.a(nrf_rtc_timer.c.obj)
                0x0000000000002e20                z_nrf_rtc_timer_read
 .text.compare_set
                0x0000000000002e64      0x130 zephyr/drivers/timer/libdrivers__timer.a(nrf_rtc_timer.c.obj)
 .text.sys_clock_driver_init
                0x0000000000002f94       0x90 zephyr/drivers/timer/libdrivers__timer.a(nrf_rtc_timer.c.obj)
 .text.rtc_nrf_isr
                0x0000000000003024       0xd4 zephyr/drivers/timer/libdrivers__timer.a(nrf_rtc_timer.c.obj)
                0x0000000000003024                rtc_nrf_isr
 .text.sys_clock_set_timeout
                0x00000000000030f8       0x5c zephyr/drivers/timer/libdrivers__timer.a(nrf_rtc_timer.c.obj)
                0x00000000000030f8                sys_clock_set_timeout
 .text.sys_clock_elapsed
                0x0000000000003154       0x14 zephyr/drivers/timer/libdrivers__timer.a(nrf_rtc_timer.c.obj)
                0x0000000000003154                sys_clock_elapsed
 .text.nrf52_errata_98
                0x0000000000003168       0x24 modules/hal_nordic/modules/hal_nordic/nrfx/libmodules__hal_nordic__nrfx.a(system_nrf52840.c.obj)
 .text.nvmc_wait
                0x000000000000318c       0x10 modules/hal_nordic/modules/hal_nordic/nrfx/libmodules__hal_nordic__nrfx.a(system_nrf52840.c.obj)
                0x000000000000318c                nvmc_wait
 .text.SystemInit
                0x000000000000319c      0x1bc modules/hal_nordic/modules/hal_nordic/nrfx/libmodules__hal_nordic__nrfx.a(system_nrf52840.c.obj)
                0x000000000000319c                SystemInit
 .text.nrfx_flag32_alloc
                0x0000000000003358       0x48 modules/hal_nordic/modules/hal_nordic/nrfx/libmodules__hal_nordic__nrfx.a(nrfx_flag32_allocator.c.obj)
                0x0000000000003358                nrfx_flag32_alloc
 .text.nrfx_flag32_free
                0x00000000000033a0       0x40 modules/hal_nordic/modules/hal_nordic/nrfx/libmodules__hal_nordic__nrfx.a(nrfx_flag32_allocator.c.obj)
                0x00000000000033a0                nrfx_flag32_free
 .text.nrfx_gppi_channels_enable
                0x00000000000033e0        0xc modules/hal_nordic/modules/hal_nordic/nrfx/libmodules__hal_nordic__nrfx.a(nrfx_gppi_ppi.c.obj)
                0x00000000000033e0                nrfx_gppi_channels_enable
 .text.clock_stop
                0x00000000000033ec       0xc4 modules/hal_nordic/modules/hal_nordic/nrfx/libmodules__hal_nordic__nrfx.a(nrfx_clock.c.obj)
 .text.nrfx_clock_init
                0x00000000000034b0       0x20 modules/hal_nordic/modules/hal_nordic/nrfx/libmodules__hal_nordic__nrfx.a(nrfx_clock.c.obj)
                0x00000000000034b0                nrfx_clock_init
 .text.nrfx_clock_enable
                0x00000000000034d0       0x24 modules/hal_nordic/modules/hal_nordic/nrfx/libmodules__hal_nordic__nrfx.a(nrfx_clock.c.obj)
                0x00000000000034d0                nrfx_clock_enable
 .text.nrfx_clock_start
                0x00000000000034f4       0xa8 modules/hal_nordic/modules/hal_nordic/nrfx/libmodules__hal_nordic__nrfx.a(nrfx_clock.c.obj)
                0x00000000000034f4                nrfx_clock_start
 .text.nrfx_power_clock_irq_handler
                0x000000000000359c       0x7c modules/hal_nordic/modules/hal_nordic/nrfx/libmodules__hal_nordic__nrfx.a(nrfx_clock.c.obj)
                0x000000000000359c                nrfx_power_clock_irq_handler
 .text.nrf_gpio_pin_port_decode
                0x0000000000003618       0x20 modules/hal_nordic/modules/hal_nordic/nrfx/libmodules__hal_nordic__nrfx.a(nrfx_gpiote.c.obj)
 .text.get_pin_idx
                0x0000000000003638       0x14 modules/hal_nordic/modules/hal_nordic/nrfx/libmodules__hal_nordic__nrfx.a(nrfx_gpiote.c.obj)
 .text.call_handler.constprop.0
                0x000000000000364c       0x40 modules/hal_nordic/modules/hal_nordic/nrfx/libmodules__hal_nordic__nrfx.a(nrfx_gpiote.c.obj)
 .text.pin_te_get.constprop.0
                0x000000000000368c       0x18 modules/hal_nordic/modules/hal_nordic/nrfx/libmodules__hal_nordic__nrfx.a(nrfx_gpiote.c.obj)
 .text.pin_is_output.constprop.0
                0x00000000000036a4       0x18 modules/hal_nordic/modules/hal_nordic/nrfx/libmodules__hal_nordic__nrfx.a(nrfx_gpiote.c.obj)
 .text.pin_in_use_by_te.constprop.0
                0x00000000000036bc       0x18 modules/hal_nordic/modules/hal_nordic/nrfx/libmodules__hal_nordic__nrfx.a(nrfx_gpiote.c.obj)
 .text.latch_pending_read_and_check
                0x00000000000036d4       0x40 modules/hal_nordic/modules/hal_nordic/nrfx/libmodules__hal_nordic__nrfx.a(nrfx_gpiote.c.obj)
 .text.release_handler.isra.0
                0x0000000000003714       0x58 modules/hal_nordic/modules/hal_nordic/nrfx/libmodules__hal_nordic__nrfx.a(nrfx_gpiote.c.obj)
 .text.__nrfy_internal_gpiote_events_process.constprop.0
                0x000000000000376c       0x5c modules/hal_nordic/modules/hal_nordic/nrfx/libmodules__hal_nordic__nrfx.a(nrfx_gpiote.c.obj)
 .text.pin_uninit
                0x00000000000037c8       0x80 modules/hal_nordic/modules/hal_nordic/nrfx/libmodules__hal_nordic__nrfx.a(nrfx_gpiote.c.obj)
 .text.nrfx_gpiote_input_configure
                0x0000000000003848      0x174 modules/hal_nordic/modules/hal_nordic/nrfx/libmodules__hal_nordic__nrfx.a(nrfx_gpiote.c.obj)
                0x0000000000003848                nrfx_gpiote_input_configure
 .text.nrfx_gpiote_output_configure
                0x00000000000039bc       0xfc modules/hal_nordic/modules/hal_nordic/nrfx/libmodules__hal_nordic__nrfx.a(nrfx_gpiote.c.obj)
                0x00000000000039bc                nrfx_gpiote_output_configure
 .text.nrfx_gpiote_global_callback_set
                0x0000000000003ab8        0xc modules/hal_nordic/modules/hal_nordic/nrfx/libmodules__hal_nordic__nrfx.a(nrfx_gpiote.c.obj)
                0x0000000000003ab8                nrfx_gpiote_global_callback_set
 .text.nrfx_gpiote_channel_get
                0x0000000000003ac4       0x34 modules/hal_nordic/modules/hal_nordic/nrfx/libmodules__hal_nordic__nrfx.a(nrfx_gpiote.c.obj)
                0x0000000000003ac4                nrfx_gpiote_channel_get
 .text.nrfx_gpiote_init
                0x0000000000003af8       0x68 modules/hal_nordic/modules/hal_nordic/nrfx/libmodules__hal_nordic__nrfx.a(nrfx_gpiote.c.obj)
                0x0000000000003af8                nrfx_gpiote_init
 .text.nrfx_gpiote_init_check
                0x0000000000003b60       0x14 modules/hal_nordic/modules/hal_nordic/nrfx/libmodules__hal_nordic__nrfx.a(nrfx_gpiote.c.obj)
                0x0000000000003b60                nrfx_gpiote_init_check
 .text.nrfx_gpiote_channel_free
                0x0000000000003b74        0xc modules/hal_nordic/modules/hal_nordic/nrfx/libmodules__hal_nordic__nrfx.a(nrfx_gpiote.c.obj)
                0x0000000000003b74                nrfx_gpiote_channel_free
 .text.nrfx_gpiote_channel_alloc
                0x0000000000003b80        0xc modules/hal_nordic/modules/hal_nordic/nrfx/libmodules__hal_nordic__nrfx.a(nrfx_gpiote.c.obj)
                0x0000000000003b80                nrfx_gpiote_channel_alloc
 .text.nrfx_gpiote_trigger_enable
                0x0000000000003b8c       0xb0 modules/hal_nordic/modules/hal_nordic/nrfx/libmodules__hal_nordic__nrfx.a(nrfx_gpiote.c.obj)
                0x0000000000003b8c                nrfx_gpiote_trigger_enable
 .text.nrfx_gpiote_0_irq_handler
                0x0000000000003c3c      0x1bc modules/hal_nordic/modules/hal_nordic/nrfx/libmodules__hal_nordic__nrfx.a(nrfx_gpiote.c.obj)
                0x0000000000003c3c                nrfx_gpiote_0_irq_handler
 .text.nrfx_ppi_channel_alloc
                0x0000000000003df8        0xc modules/hal_nordic/modules/hal_nordic/nrfx/libmodules__hal_nordic__nrfx.a(nrfx_ppi.c.obj)
                0x0000000000003df8                nrfx_ppi_channel_alloc
 .text.nrf_gpio_cfg.constprop.0
                0x0000000000003e04       0x48 modules/hal_nordic/modules/hal_nordic/nrfx/libmodules__hal_nordic__nrfx.a(nrfx_twi.c.obj)
 .text.twi_configure
                0x0000000000003e4c       0x3c modules/hal_nordic/modules/hal_nordic/nrfx/libmodules__hal_nordic__nrfx.a(nrfx_twi.c.obj)
 .text.twi_tx_start_transfer
                0x0000000000003e88      0x104 modules/hal_nordic/modules/hal_nordic/nrfx/libmodules__hal_nordic__nrfx.a(nrfx_twi.c.obj)
 .text.twi_rx_start_transfer
                0x0000000000003f8c       0xe4 modules/hal_nordic/modules/hal_nordic/nrfx/libmodules__hal_nordic__nrfx.a(nrfx_twi.c.obj)
 .text.nrfx_twi_init
                0x0000000000004070       0x88 modules/hal_nordic/modules/hal_nordic/nrfx/libmodules__hal_nordic__nrfx.a(nrfx_twi.c.obj)
                0x0000000000004070                nrfx_twi_init
 .text.nrfx_twi_enable
                0x00000000000040f8       0x20 modules/hal_nordic/modules/hal_nordic/nrfx/libmodules__hal_nordic__nrfx.a(nrfx_twi.c.obj)
                0x00000000000040f8                nrfx_twi_enable
 .text.nrfx_twi_disable
                0x0000000000004118       0x38 modules/hal_nordic/modules/hal_nordic/nrfx/libmodules__hal_nordic__nrfx.a(nrfx_twi.c.obj)
                0x0000000000004118                nrfx_twi_disable
 .text.nrfx_twi_xfer
                0x0000000000004150       0xdc modules/hal_nordic/modules/hal_nordic/nrfx/libmodules__hal_nordic__nrfx.a(nrfx_twi.c.obj)
                0x0000000000004150                nrfx_twi_xfer
 .text.nrfx_twi_0_irq_handler
                0x000000000000422c       0xd8 modules/hal_nordic/modules/hal_nordic/nrfx/libmodules__hal_nordic__nrfx.a(nrfx_twi.c.obj)
                0x000000000000422c                nrfx_twi_0_irq_handler
 .text.nrf_gpio_pin_port_decode
                0x0000000000004304       0x20 modules/hal_nordic/modules/hal_nordic/nrfx/libmodules__hal_nordic__nrfx.a(nrfx_twi_twim.c.obj)
 .text.nrfx_twi_twim_bus_recover
                0x0000000000004324       0xdc modules/hal_nordic/modules/hal_nordic/nrfx/libmodules__hal_nordic__nrfx.a(nrfx_twi_twim.c.obj)
                0x0000000000004324                nrfx_twi_twim_bus_recover
 .text._DoInit  0x0000000000004400       0x68 modules/segger/libmodules__segger.a(SEGGER_RTT.c.obj)
 .text.SEGGER_RTT_Init
                0x0000000000004468       0x3c modules/segger/libmodules__segger.a(SEGGER_RTT.c.obj)
                0x0000000000004468                SEGGER_RTT_Init
 .text.z_fatal_error
                0x00000000000044a4       0x30 zephyr/kernel/libkernel.a(fatal.c.obj)
                0x00000000000044a4                z_fatal_error
 .text.z_sys_init_run_level
                0x00000000000044d4       0x2c zephyr/kernel/libkernel.a(init.c.obj)
 .text.bg_thread_main
                0x0000000000004500       0xc4 zephyr/kernel/libkernel.a(init.c.obj)
 .text.z_bss_zero
                0x00000000000045c4       0x18 zephyr/kernel/libkernel.a(init.c.obj)
                0x00000000000045c4                z_bss_zero
 .text.z_init_cpu
                0x00000000000045dc       0x70 zephyr/kernel/libkernel.a(init.c.obj)
                0x00000000000045dc                z_init_cpu
 .text.z_cstart
                0x000000000000464c       0xdc zephyr/kernel/libkernel.a(init.c.obj)
                0x000000000000464c                z_cstart
 .text.init_mem_slab_obj_core_list
                0x0000000000004728       0x24 zephyr/kernel/libkernel.a(mem_slab.c.obj)
 .text.k_mem_slab_alloc
                0x000000000000474c       0x5c zephyr/kernel/libkernel.a(mem_slab.c.obj)
                0x000000000000474c                k_mem_slab_alloc
 .text.z_impl_k_msgq_put
                0x00000000000047a8       0xac zephyr/kernel/libkernel.a(msg_q.c.obj)
                0x00000000000047a8                z_impl_k_msgq_put
 .text.z_impl_k_msgq_get
                0x0000000000004854       0xc4 zephyr/kernel/libkernel.a(msg_q.c.obj)
                0x0000000000004854                z_impl_k_msgq_get
 .text.z_impl_k_mutex_lock
                0x0000000000004918       0xf0 zephyr/kernel/libkernel.a(mutex.c.obj)
                0x0000000000004918                z_impl_k_mutex_lock
 .text.z_impl_k_mutex_unlock
                0x0000000000004a08       0xa0 zephyr/kernel/libkernel.a(mutex.c.obj)
                0x0000000000004a08                z_impl_k_mutex_unlock
 .text.z_impl_k_sem_give
                0x0000000000004aa8       0x68 zephyr/kernel/libkernel.a(sem.c.obj)
                0x0000000000004aa8                z_impl_k_sem_give
 .text.z_impl_k_sem_take
                0x0000000000004b10       0x4c zephyr/kernel/libkernel.a(sem.c.obj)
                0x0000000000004b10                z_impl_k_sem_take
 .text.z_setup_new_thread
                0x0000000000004b5c       0x98 zephyr/kernel/libkernel.a(thread.c.obj)
                0x0000000000004b5c                z_setup_new_thread
 .text.z_impl_k_thread_create
                0x0000000000004bf4       0x58 zephyr/kernel/libkernel.a(thread.c.obj)
                0x0000000000004bf4                z_impl_k_thread_create
 .text.z_swap_irqlock
                0x0000000000004c4c       0x30 zephyr/kernel/libkernel.a(sched.c.obj)
 .text.ready_thread
                0x0000000000004c7c       0x90 zephyr/kernel/libkernel.a(sched.c.obj)
 .text.unready_thread
                0x0000000000004d0c       0x54 zephyr/kernel/libkernel.a(sched.c.obj)
 .text.move_thread_to_end_of_prio_q
                0x0000000000004d60       0x90 zephyr/kernel/libkernel.a(sched.c.obj)
                0x0000000000004d60                move_thread_to_end_of_prio_q
 .text.z_pend_curr
                0x0000000000004df0       0x58 zephyr/kernel/libkernel.a(sched.c.obj)
                0x0000000000004df0                z_pend_curr
 .text.z_thread_prio_set
                0x0000000000004e48       0x9c zephyr/kernel/libkernel.a(sched.c.obj)
                0x0000000000004e48                z_thread_prio_set
 .text.z_reschedule
                0x0000000000004ee4       0x24 zephyr/kernel/libkernel.a(sched.c.obj)
                0x0000000000004ee4                z_reschedule
 .text.z_reschedule_irqlock
                0x0000000000004f08       0x28 zephyr/kernel/libkernel.a(sched.c.obj)
                0x0000000000004f08                z_reschedule_irqlock
 .text.k_sched_lock
                0x0000000000004f30       0x28 zephyr/kernel/libkernel.a(sched.c.obj)
                0x0000000000004f30                k_sched_lock
 .text.k_sched_unlock
                0x0000000000004f58       0x68 zephyr/kernel/libkernel.a(sched.c.obj)
                0x0000000000004f58                k_sched_unlock
 .text.z_sched_init
                0x0000000000004fc0       0x10 zephyr/kernel/libkernel.a(sched.c.obj)
                0x0000000000004fc0                z_sched_init
 .text.z_impl_k_yield
                0x0000000000004fd0       0x88 zephyr/kernel/libkernel.a(sched.c.obj)
                0x0000000000004fd0                z_impl_k_yield
 .text.z_tick_sleep
                0x0000000000005058       0x80 zephyr/kernel/libkernel.a(sched.c.obj)
 .text.z_impl_k_wakeup
                0x00000000000050d8       0x4c zephyr/kernel/libkernel.a(sched.c.obj)
                0x00000000000050d8                z_impl_k_wakeup
 .text.z_impl_k_sched_current_thread_query
                0x0000000000005124        0xc zephyr/kernel/libkernel.a(sched.c.obj)
                0x0000000000005124                z_impl_k_sched_current_thread_query
 .text.z_thread_abort
                0x0000000000005130      0x110 zephyr/kernel/libkernel.a(sched.c.obj)
                0x0000000000005130                z_thread_abort
 .text.slice_timeout
                0x0000000000005240       0x20 zephyr/kernel/libkernel.a(timeslicing.c.obj)
 .text.thread_is_sliceable
                0x0000000000005260       0x3c zephyr/kernel/libkernel.a(timeslicing.c.obj)
                0x0000000000005260                thread_is_sliceable
 .text.z_reset_time_slice
                0x000000000000529c       0x50 zephyr/kernel/libkernel.a(timeslicing.c.obj)
                0x000000000000529c                z_reset_time_slice
 .text.z_time_slice
                0x00000000000052ec       0x60 zephyr/kernel/libkernel.a(timeslicing.c.obj)
                0x00000000000052ec                z_time_slice
 .text.z_data_copy
                0x000000000000534c       0x38 zephyr/kernel/libkernel.a(xip.c.obj)
                0x000000000000534c                z_data_copy
 .text.first    0x0000000000005384       0x10 zephyr/kernel/libkernel.a(timeout.c.obj)
 .text.elapsed  0x0000000000005394       0x14 zephyr/kernel/libkernel.a(timeout.c.obj)
 .text.remove_timeout
                0x00000000000053a8       0x38 zephyr/kernel/libkernel.a(timeout.c.obj)
 .text.z_add_timeout
                0x00000000000053e0       0xec zephyr/kernel/libkernel.a(timeout.c.obj)
                0x00000000000053e0                z_add_timeout
 .text.sys_clock_announce
                0x00000000000054cc       0xbc zephyr/kernel/libkernel.a(timeout.c.obj)
                0x00000000000054cc                sys_clock_announce
 .text.sys_clock_tick_get
                0x0000000000005588       0x30 zephyr/kernel/libkernel.a(timeout.c.obj)
                0x0000000000005588                sys_clock_tick_get
 .text.z_timer_expiration_handler
                0x00000000000055b8       0xe0 zephyr/kernel/libkernel.a(timer.c.obj)
                0x00000000000055b8                z_timer_expiration_handler
 .text.z_impl_k_timer_start
                0x0000000000005698       0x74 zephyr/kernel/libkernel.a(timer.c.obj)
                0x0000000000005698                z_impl_k_timer_start
 .text.statics_init
                0x000000000000570c       0x24 zephyr/kernel/libkernel.a(kheap.c.obj)
 .text.nrf_cc3xx_platform_init_no_rng
                0x0000000000005730       0x38 C:/ncs/v3.0.1/nrfxlib/crypto/nrf_cc310_platform/lib/cortex-m4/soft-float/no-interrupts/libnrf_cc310_platform_0.9.19.a(nrf_cc3xx_platform.c.obj)
                0x0000000000005730                nrf_cc3xx_platform_init_no_rng
 .text.nrf_cc3xx_platform_abort
                0x0000000000005768       0x24 C:/ncs/v3.0.1/nrfxlib/crypto/nrf_cc310_platform/lib/cortex-m4/soft-float/no-interrupts/libnrf_cc310_platform_0.9.19.a(nrf_cc3xx_platform_abort.c.obj)
 .text.CC_PalAbort
                0x000000000000578c       0x34 C:/ncs/v3.0.1/nrfxlib/crypto/nrf_cc310_platform/lib/cortex-m4/soft-float/no-interrupts/libnrf_cc310_platform_0.9.19.a(nrf_cc3xx_platform_abort.c.obj)
                0x000000000000578c                CC_PalAbort
 .text.nrf_cc3xx_platform_set_abort
                0x00000000000057c0       0x10 C:/ncs/v3.0.1/nrfxlib/crypto/nrf_cc310_platform/lib/cortex-m4/soft-float/no-interrupts/libnrf_cc310_platform_0.9.19.a(nrf_cc3xx_platform_abort.c.obj)
                0x00000000000057c0                nrf_cc3xx_platform_set_abort
 .text.mutex_free
                0x00000000000057d0       0x34 C:/ncs/v3.0.1/nrfxlib/crypto/nrf_cc310_platform/lib/cortex-m4/soft-float/no-interrupts/libnrf_cc310_platform_0.9.19.a(nrf_cc3xx_platform_mutex.c.obj)
 .text.mutex_lock
                0x0000000000005804       0x48 C:/ncs/v3.0.1/nrfxlib/crypto/nrf_cc310_platform/lib/cortex-m4/soft-float/no-interrupts/libnrf_cc310_platform_0.9.19.a(nrf_cc3xx_platform_mutex.c.obj)
 .text.mutex_unlock
                0x000000000000584c       0x38 C:/ncs/v3.0.1/nrfxlib/crypto/nrf_cc310_platform/lib/cortex-m4/soft-float/no-interrupts/libnrf_cc310_platform_0.9.19.a(nrf_cc3xx_platform_mutex.c.obj)
 .text.mutex_init
                0x0000000000005884       0x20 C:/ncs/v3.0.1/nrfxlib/crypto/nrf_cc310_platform/lib/cortex-m4/soft-float/no-interrupts/libnrf_cc310_platform_0.9.19.a(nrf_cc3xx_platform_mutex.c.obj)
 .text.nrf_cc3xx_platform_set_mutexes
                0x00000000000058a4       0x74 C:/ncs/v3.0.1/nrfxlib/crypto/nrf_cc310_platform/lib/cortex-m4/soft-float/no-interrupts/libnrf_cc310_platform_0.9.19.a(nrf_cc3xx_platform_mutex.c.obj)
                0x00000000000058a4                nrf_cc3xx_platform_set_mutexes
 .text.CC_LibInitNoRng
                0x0000000000005918       0x64 C:/ncs/v3.0.1/nrfxlib/crypto/nrf_cc310_platform/lib/cortex-m4/soft-float/no-interrupts/libnrf_cc310_platform_0.9.19.a(cc_lib.c.obj)
                0x0000000000005918                CC_LibInitNoRng
 .text.CC_HalInit
                0x000000000000597c        0x4 C:/ncs/v3.0.1/nrfxlib/crypto/nrf_cc310_platform/lib/cortex-m4/soft-float/no-interrupts/libnrf_cc310_platform_0.9.19.a(cc_hal.c.obj)
                0x000000000000597c                CC_HalInit
 .text.CC_HalTerminate
                0x0000000000005980        0x4 C:/ncs/v3.0.1/nrfxlib/crypto/nrf_cc310_platform/lib/cortex-m4/soft-float/no-interrupts/libnrf_cc310_platform_0.9.19.a(cc_hal.c.obj)
                0x0000000000005980                CC_HalTerminate
 .text.CC_HalMaskInterrupt
                0x0000000000005984        0xc C:/ncs/v3.0.1/nrfxlib/crypto/nrf_cc310_platform/lib/cortex-m4/soft-float/no-interrupts/libnrf_cc310_platform_0.9.19.a(cc_hal.c.obj)
                0x0000000000005984                CC_HalMaskInterrupt
 .text.CC_PalInit
                0x0000000000005990       0x5c C:/ncs/v3.0.1/nrfxlib/crypto/nrf_cc310_platform/lib/cortex-m4/soft-float/no-interrupts/libnrf_cc310_platform_0.9.19.a(cc_pal.c.obj)
                0x0000000000005990                CC_PalInit
 .text.CC_PalTerminate
                0x00000000000059ec       0x34 C:/ncs/v3.0.1/nrfxlib/crypto/nrf_cc310_platform/lib/cortex-m4/soft-float/no-interrupts/libnrf_cc310_platform_0.9.19.a(cc_pal.c.obj)
                0x00000000000059ec                CC_PalTerminate
 .text.CC_PalDmaInit
                0x0000000000005a20        0x4 C:/ncs/v3.0.1/nrfxlib/crypto/nrf_cc310_platform/lib/cortex-m4/soft-float/no-interrupts/libnrf_cc310_platform_0.9.19.a(cc_pal_dma.c.obj)
                0x0000000000005a20                CC_PalDmaInit
 .text.CC_PalDmaTerminate
                0x0000000000005a24        0x4 C:/ncs/v3.0.1/nrfxlib/crypto/nrf_cc310_platform/lib/cortex-m4/soft-float/no-interrupts/libnrf_cc310_platform_0.9.19.a(cc_pal_dma.c.obj)
                0x0000000000005a24                CC_PalDmaTerminate
 .text.CC_PalMutexCreate
                0x0000000000005a28       0x14 C:/ncs/v3.0.1/nrfxlib/crypto/nrf_cc310_platform/lib/cortex-m4/soft-float/no-interrupts/libnrf_cc310_platform_0.9.19.a(cc_pal_mutex.c.obj)
                0x0000000000005a28                CC_PalMutexCreate
 .text.CC_PalMutexDestroy
                0x0000000000005a3c       0x14 C:/ncs/v3.0.1/nrfxlib/crypto/nrf_cc310_platform/lib/cortex-m4/soft-float/no-interrupts/libnrf_cc310_platform_0.9.19.a(cc_pal_mutex.c.obj)
                0x0000000000005a3c                CC_PalMutexDestroy
 .text.CC_PalPowerSaveModeInit
                0x0000000000005a50       0x3c C:/ncs/v3.0.1/nrfxlib/crypto/nrf_cc310_platform/lib/cortex-m4/soft-float/no-interrupts/libnrf_cc310_platform_0.9.19.a(cc_pal_pm.c.obj)
                0x0000000000005a50                CC_PalPowerSaveModeInit
 .text.CC_PalPowerSaveModeSelect
                0x0000000000005a8c       0x84 C:/ncs/v3.0.1/nrfxlib/crypto/nrf_cc310_platform/lib/cortex-m4/soft-float/no-interrupts/libnrf_cc310_platform_0.9.19.a(cc_pal_pm.c.obj)
                0x0000000000005a8c                CC_PalPowerSaveModeSelect
 .text.snprintf
                0x0000000000005b10       0x58 c:\ncs\toolchains\0b393f9e1b\opt\zephyr-sdk\arm-zephyr-eabi\bin\../lib/gcc/../../picolibc/arm-zephyr-eabi/lib/thumb/v7e-m/nofp\libc.a(libc_tinystdio_snprintf.c.o)
                0x0000000000005b10                snprintf
 .text.strtol   0x0000000000005b68       0xec c:\ncs\toolchains\0b393f9e1b\opt\zephyr-sdk\arm-zephyr-eabi\bin\../lib/gcc/../../picolibc/arm-zephyr-eabi/lib/thumb/v7e-m/nofp\libc.a(libc_tinystdio_strtol.c.o)
                0x0000000000005b68                strtol
 .text.__l_vfprintf
                0x0000000000005c54      0x4b8 c:\ncs\toolchains\0b393f9e1b\opt\zephyr-sdk\arm-zephyr-eabi\bin\../lib/gcc/../../picolibc/arm-zephyr-eabi/lib/thumb/v7e-m/nofp\libc.a(libc_tinystdio_vflprintf.c.o)
                0x0000000000005c54                __l_vfprintf
 .text._OffsetAbsSyms
                0x000000000000610c        0x2 zephyr/CMakeFiles/offsets.dir/./arch/arm/core/offsets/offsets.c.obj
                0x000000000000610c                _OffsetAbsSyms
 .text.i2c_write_read.constprop.0
                0x000000000000610e       0x36 app/libapp.a(i2c.c.obj)
 .text.calcChecksum
                0x0000000000006144       0x16 app/libapp.a(cmdproc.c.obj)
                0x0000000000006144                calcChecksum
 .text.gpio_pin_get_dt
                0x000000000000615a       0x2a app/libapp.a(gpio.c.obj)
 .text.gpio_pin_set_dt.isra.0
                0x0000000000006184       0x28 app/libapp.a(gpio.c.obj)
 .text.gpio_pin_configure_dt.isra.0
                0x00000000000061ac       0x3e app/libapp.a(gpio.c.obj)
 .text.heater_on
                0x00000000000061ea        0x6 app/libapp.a(heater.c.obj)
                0x00000000000061ea                heater_on
 .text.heater_off
                0x00000000000061f0        0x6 app/libapp.a(heater.c.obj)
                0x00000000000061f0                heater_off
 .text.main     0x00000000000061f6       0x16 app/libapp.a(main.c.obj)
                0x00000000000061f6                main
 .text.chunk_field
                0x000000000000620c       0x16 zephyr/libzephyr.a(heap.c.obj)
 .text.chunk_set
                0x0000000000006222       0x16 zephyr/libzephyr.a(heap.c.obj)
 .text.chunk_size
                0x0000000000006238        0xc zephyr/libzephyr.a(heap.c.obj)
 .text.set_chunk_used
                0x0000000000006244       0x30 zephyr/libzephyr.a(heap.c.obj)
 .text.set_chunk_size
                0x0000000000006274        0x8 zephyr/libzephyr.a(heap.c.obj)
 .text.bucket_idx.isra.0
                0x000000000000627c       0x1c zephyr/libzephyr.a(heap.c.obj)
 .text.free_list_add
                0x0000000000006298       0x84 zephyr/libzephyr.a(heap.c.obj)
 .text.sys_heap_init
                0x000000000000631c       0xb0 zephyr/libzephyr.a(heap.c.obj)
                0x000000000000631c                sys_heap_init
 .text.arch_printk_char_out
                0x00000000000063cc        0x4 zephyr/libzephyr.a(printk.c.obj)
                0x00000000000063cc                arch_printk_char_out
 .text.printk   0x00000000000063d0       0x1a zephyr/libzephyr.a(printk.c.obj)
                0x00000000000063d0                printk
 .text.process_recheck
                0x00000000000063ea       0x38 zephyr/libzephyr.a(onoff.c.obj)
 .text.validate_args
                0x0000000000006422       0x20 zephyr/libzephyr.a(onoff.c.obj)
 .text.notify_one
                0x0000000000006442       0x2c zephyr/libzephyr.a(onoff.c.obj)
 .text.transition_complete
                0x000000000000646e       0x1a zephyr/libzephyr.a(onoff.c.obj)
 .text.onoff_manager_init
                0x0000000000006488       0x26 zephyr/libzephyr.a(onoff.c.obj)
                0x0000000000006488                onoff_manager_init
 .text.onoff_request
                0x00000000000064ae       0xae zephyr/libzephyr.a(onoff.c.obj)
                0x00000000000064ae                onoff_request
 .text.sys_notify_validate
                0x000000000000655c       0x22 zephyr/libzephyr.a(notify.c.obj)
                0x000000000000655c                sys_notify_validate
 .text.sys_notify_finalize
                0x000000000000657e       0x1a zephyr/libzephyr.a(notify.c.obj)
                0x000000000000657e                sys_notify_finalize
 .text._ConfigAbsSyms
                0x0000000000006598        0x2 zephyr/libzephyr.a(configs.c.obj)
                0x0000000000006598                _ConfigAbsSyms
 .text.abort_function
                0x000000000000659a        0x2 zephyr/libzephyr.a(nrf_cc3xx_platform_abort_zephyr.c.obj)
 .text.z_arm_fatal_error
                0x000000000000659c        0xc zephyr/arch/arch/arm/core/libarch__arm__core.a(fatal.c.obj)
                0x000000000000659c                z_arm_fatal_error
 .text.z_do_kernel_oops
                0x00000000000065a8        0x8 zephyr/arch/arch/arm/core/libarch__arm__core.a(fatal.c.obj)
                0x00000000000065a8                z_do_kernel_oops
 .text.z_arm_nmi
                0x00000000000065b0        0xe zephyr/arch/arch/arm/core/libarch__arm__core.a(nmi.c.obj)
                0x00000000000065b0                z_arm_nmi
 .text.z_irq_spurious
                0x00000000000065be        0x8 zephyr/arch/arch/arm/core/cortex_m/libarch__arm__core__cortex_m.a(irq_manage.c.obj)
                0x00000000000065be                z_irq_spurious
 .text.arch_irq_unlock_outlined
                0x00000000000065c6        0xe zephyr/arch/arch/arm/core/cortex_m/libarch__arm__core__cortex_m.a(thread.c.obj)
                0x00000000000065c6                arch_irq_unlock_outlined
 .text.arch_cpu_idle
                0x00000000000065d4       0x1a zephyr/arch/arch/arm/core/cortex_m/libarch__arm__core__cortex_m.a(cpu_idle.c.obj)
                0x00000000000065d4                arch_cpu_idle
 .text.arch_cpu_atomic_idle
                0x00000000000065ee       0x1e zephyr/arch/arch/arm/core/cortex_m/libarch__arm__core__cortex_m.a(cpu_idle.c.obj)
                0x00000000000065ee                arch_cpu_atomic_idle
 .text.size_to_mpu_rasr_size
                0x000000000000660c       0x20 zephyr/arch/arch/arm/core/mpu/libarch__arm__core__mpu.a(arm_mpu.c.obj)
 .text.picolibc_put
                0x000000000000662c        0xa zephyr/lib/libc/picolibc/liblib__libc__picolibc.a(stdio.c.obj)
 .text.get_status
                0x0000000000006636       0x12 zephyr/drivers/clock_control/libdrivers__clock_control.a(clock_control_nrf.c.obj)
 .text.stop     0x0000000000006648       0x52 zephyr/drivers/clock_control/libdrivers__clock_control.a(clock_control_nrf.c.obj)
 .text.api_stop
                0x000000000000669a        0x6 zephyr/drivers/clock_control/libdrivers__clock_control.a(clock_control_nrf.c.obj)
 .text.async_start
                0x00000000000066a0       0x5c zephyr/drivers/clock_control/libdrivers__clock_control.a(clock_control_nrf.c.obj)
 .text.api_start
                0x00000000000066fc        0xe zephyr/drivers/clock_control/libdrivers__clock_control.a(clock_control_nrf.c.obj)
 .text.onoff_started_callback
                0x000000000000670a       0x12 zephyr/drivers/clock_control/libdrivers__clock_control.a(clock_control_nrf.c.obj)
 .text.lfclk_start
                0x000000000000671c        0x6 zephyr/drivers/clock_control/libdrivers__clock_control.a(clock_control_nrf.c.obj)
 .text.lfclk_stop
                0x0000000000006722        0x6 zephyr/drivers/clock_control/libdrivers__clock_control.a(clock_control_nrf.c.obj)
 .text.blocking_start_callback
                0x0000000000006728        0x6 zephyr/drivers/clock_control/libdrivers__clock_control.a(clock_control_nrf.c.obj)
 .text.gpio_nrfx_port_get_raw
                0x000000000000672e        0xe zephyr/drivers/gpio/libdrivers__gpio.a(gpio_nrfx.c.obj)
 .text.gpio_nrfx_port_set_masked_raw
                0x000000000000673c       0x18 zephyr/drivers/gpio/libdrivers__gpio.a(gpio_nrfx.c.obj)
 .text.gpio_nrfx_port_set_bits_raw
                0x0000000000006754        0xc zephyr/drivers/gpio/libdrivers__gpio.a(gpio_nrfx.c.obj)
 .text.gpio_nrfx_port_clear_bits_raw
                0x0000000000006760        0xc zephyr/drivers/gpio/libdrivers__gpio.a(gpio_nrfx.c.obj)
 .text.gpio_nrfx_port_toggle_bits
                0x000000000000676c       0x1a zephyr/drivers/gpio/libdrivers__gpio.a(gpio_nrfx.c.obj)
 .text.gpio_nrfx_manage_callback
                0x0000000000006786       0x52 zephyr/drivers/gpio/libdrivers__gpio.a(gpio_nrfx.c.obj)
 .text.twi_0_init
                0x00000000000067d8       0x40 zephyr/drivers/i2c/libdrivers__i2c.a(i2c_nrfx_twi.c.obj)
 .text.i2c_nrfx_twi_configure
                0x0000000000006818       0x32 zephyr/drivers/i2c/libdrivers__i2c.a(i2c_nrfx_twi_common.c.obj)
                0x0000000000006818                i2c_nrfx_twi_configure
 .text.pinctrl_lookup_state
                0x000000000000684a       0x26 zephyr/drivers/pinctrl/libdrivers__pinctrl.a(common.c.obj)
                0x000000000000684a                pinctrl_lookup_state
 .text.uarte_nrfx_err_check
                0x0000000000006870        0xe zephyr/drivers/serial/libdrivers__serial.a(uart_nrfx_uarte.c.obj)
 .text.user_callback
                0x000000000000687e        0xe zephyr/drivers/serial/libdrivers__serial.a(uart_nrfx_uarte.c.obj)
 .text.notify_uart_rx_rdy
                0x000000000000688c       0x34 zephyr/drivers/serial/libdrivers__serial.a(uart_nrfx_uarte.c.obj)
 .text.rx_buf_release
                0x00000000000068c0       0x28 zephyr/drivers/serial/libdrivers__serial.a(uart_nrfx_uarte.c.obj)
 .text.notify_rx_disable
                0x00000000000068e8       0x22 zephyr/drivers/serial/libdrivers__serial.a(uart_nrfx_uarte.c.obj)
 .text.uarte_nrfx_rx_buf_rsp
                0x000000000000690a       0x56 zephyr/drivers/serial/libdrivers__serial.a(uart_nrfx_uarte.c.obj)
 .text.uarte_nrfx_callback_set
                0x0000000000006960       0x16 zephyr/drivers/serial/libdrivers__serial.a(uart_nrfx_uarte.c.obj)
 .text.uarte_nrfx_poll_in
                0x0000000000006976       0x32 zephyr/drivers/serial/libdrivers__serial.a(uart_nrfx_uarte.c.obj)
 .text.uarte_nrfx_rx_disable
                0x00000000000069a8       0x5c zephyr/drivers/serial/libdrivers__serial.a(uart_nrfx_uarte.c.obj)
 .text.setup_tx_cache
                0x0000000000006a04       0x3e zephyr/drivers/serial/libdrivers__serial.a(uart_nrfx_uarte.c.obj)
 .text.is_tx_ready.isra.0
                0x0000000000006a42       0x20 zephyr/drivers/serial/libdrivers__serial.a(uart_nrfx_uarte.c.obj)
 .text.tx_start
                0x0000000000006a62       0x44 zephyr/drivers/serial/libdrivers__serial.a(uart_nrfx_uarte.c.obj)
 .text.start_tx_locked
                0x0000000000006aa6       0x42 zephyr/drivers/serial/libdrivers__serial.a(uart_nrfx_uarte.c.obj)
 .text.rx_timeout
                0x0000000000006ae8       0x44 zephyr/drivers/serial/libdrivers__serial.a(uart_nrfx_uarte.c.obj)
 .text.uarte_nrfx_isr_async
                0x0000000000006b2c      0x428 zephyr/drivers/serial/libdrivers__serial.a(uart_nrfx_uarte.c.obj)
 .text.uarte_nrfx_tx_abort
                0x0000000000006f54       0x2c zephyr/drivers/serial/libdrivers__serial.a(uart_nrfx_uarte.c.obj)
 .text.tx_timeout
                0x0000000000006f80        0x6 zephyr/drivers/serial/libdrivers__serial.a(uart_nrfx_uarte.c.obj)
 .text.event_clear
                0x0000000000006f86       0x18 zephyr/drivers/timer/libdrivers__timer.a(nrf_rtc_timer.c.obj)
 .text.hw_cc3xx_init_internal
                0x0000000000006f9e        0x4 modules/nrf/drivers/hw_cc3xx/lib..__nrf__drivers__hw_cc3xx.a(hw_cc3xx.c.obj)
 .text.hw_cc3xx_init
                0x0000000000006fa2       0x12 modules/nrf/drivers/hw_cc3xx/lib..__nrf__drivers__hw_cc3xx.a(hw_cc3xx.c.obj)
 .text.nrfx_isr
                0x0000000000006fb4        0x2 modules/hal_nordic/modules/hal_nordic/nrfx/libmodules__hal_nordic__nrfx.a(nrfx_glue.c.obj)
                0x0000000000006fb4                nrfx_isr
 .text.nrfx_busy_wait
                0x0000000000006fb6        0x4 modules/hal_nordic/modules/hal_nordic/nrfx/libmodules__hal_nordic__nrfx.a(nrfx_glue.c.obj)
                0x0000000000006fb6                nrfx_busy_wait
 .text.nrfx_gppi_channel_endpoints_setup
                0x0000000000006fba       0x14 modules/hal_nordic/modules/hal_nordic/nrfx/libmodules__hal_nordic__nrfx.a(nrfx_gppi_ppi.c.obj)
                0x0000000000006fba                nrfx_gppi_channel_endpoints_setup
 .text.nrfx_gppi_channel_alloc
                0x0000000000006fce        0x4 modules/hal_nordic/modules/hal_nordic/nrfx/libmodules__hal_nordic__nrfx.a(nrfx_gppi_ppi.c.obj)
                0x0000000000006fce                nrfx_gppi_channel_alloc
 .text.nrfx_clock_stop
                0x0000000000006fd2        0x4 modules/hal_nordic/modules/hal_nordic/nrfx/libmodules__hal_nordic__nrfx.a(nrfx_clock.c.obj)
                0x0000000000006fd2                nrfx_clock_stop
 .text.nrf_gpio_reconfigure
                0x0000000000006fd6       0x92 modules/hal_nordic/modules/hal_nordic/nrfx/libmodules__hal_nordic__nrfx.a(nrfx_gpiote.c.obj)
 .text.nrf_gpio_cfg_sense_set
                0x0000000000007068       0x1e modules/hal_nordic/modules/hal_nordic/nrfx/libmodules__hal_nordic__nrfx.a(nrfx_gpiote.c.obj)
 .text.pin_trigger_disable
                0x0000000000007086       0x48 modules/hal_nordic/modules/hal_nordic/nrfx/libmodules__hal_nordic__nrfx.a(nrfx_gpiote.c.obj)
 .text.nrfx_gpiote_pin_uninit
                0x00000000000070ce        0x4 modules/hal_nordic/modules/hal_nordic/nrfx/libmodules__hal_nordic__nrfx.a(nrfx_gpiote.c.obj)
                0x00000000000070ce                nrfx_gpiote_pin_uninit
 .text.nrfx_gpiote_trigger_disable
                0x00000000000070d2        0x4 modules/hal_nordic/modules/hal_nordic/nrfx/libmodules__hal_nordic__nrfx.a(nrfx_gpiote.c.obj)
                0x00000000000070d2                nrfx_gpiote_trigger_disable
 .text.twi_transfer
                0x00000000000070d6      0x130 modules/hal_nordic/modules/hal_nordic/nrfx/libmodules__hal_nordic__nrfx.a(nrfx_twi.c.obj)
 .text.nrf_gpio_pin_set
                0x0000000000007206       0x1a modules/hal_nordic/modules/hal_nordic/nrfx/libmodules__hal_nordic__nrfx.a(nrfx_twi_twim.c.obj)
 .text.rtt_init
                0x0000000000007220        0xa modules/segger/libmodules__segger.a(SEGGER_RTT_zephyr.c.obj)
 .text.z_impl_k_busy_wait
                0x000000000000722a        0x8 zephyr/kernel/libkernel.a(busy_wait.c.obj)
                0x000000000000722a                z_impl_k_busy_wait
 .text.z_device_state_init
                0x0000000000007232        0x2 zephyr/kernel/libkernel.a(device.c.obj)
                0x0000000000007232                z_device_state_init
 .text.z_impl_device_is_ready
                0x0000000000007234       0x16 zephyr/kernel/libkernel.a(device.c.obj)
                0x0000000000007234                z_impl_device_is_ready
 .text.arch_system_halt
                0x000000000000724a       0x10 zephyr/kernel/libkernel.a(fatal.c.obj)
                0x000000000000724a                arch_system_halt
 .text.k_sys_fatal_error_handler
                0x000000000000725a        0x6 zephyr/kernel/libkernel.a(fatal.c.obj)
                0x000000000000725a                k_sys_fatal_error_handler
 .text.do_device_init
                0x0000000000007260       0x30 zephyr/kernel/libkernel.a(init.c.obj)
 .text.z_early_memset
                0x0000000000007290        0x4 zephyr/kernel/libkernel.a(init.c.obj)
                0x0000000000007290                z_early_memset
 .text.z_early_memcpy
                0x0000000000007294        0x4 zephyr/kernel/libkernel.a(init.c.obj)
                0x0000000000007294                z_early_memcpy
 .text.z_init_static
                0x0000000000007298        0x2 zephyr/kernel/libkernel.a(init_static.c.obj)
                0x0000000000007298                z_init_static
 .text.create_free_list
                0x000000000000729a       0x34 zephyr/kernel/libkernel.a(mem_slab.c.obj)
 .text.k_mem_slab_init
                0x00000000000072ce       0x1c zephyr/kernel/libkernel.a(mem_slab.c.obj)
                0x00000000000072ce                k_mem_slab_init
 .text.k_mem_slab_free
                0x00000000000072ea       0x6e zephyr/kernel/libkernel.a(mem_slab.c.obj)
                0x00000000000072ea                k_mem_slab_free
 .text.idle     0x0000000000007358       0x16 zephyr/kernel/libkernel.a(idle.c.obj)
                0x0000000000007358                idle
 .text.unpend_thread_no_timeout
                0x000000000000736e       0x1a zephyr/kernel/libkernel.a(msg_q.c.obj)
 .text.adjust_owner_prio.isra.0
                0x0000000000007388       0x10 zephyr/kernel/libkernel.a(mutex.c.obj)
 .text.z_impl_k_mutex_init
                0x0000000000007398        0xe zephyr/kernel/libkernel.a(mutex.c.obj)
                0x0000000000007398                z_impl_k_mutex_init
 .text.z_impl_k_sem_init
                0x00000000000073a6       0x18 zephyr/kernel/libkernel.a(sem.c.obj)
                0x00000000000073a6                z_impl_k_sem_init
 .text.k_is_in_isr
                0x00000000000073be        0xc zephyr/kernel/libkernel.a(thread.c.obj)
                0x00000000000073be                k_is_in_isr
 .text.sys_dlist_remove
                0x00000000000073ca       0x10 zephyr/kernel/libkernel.a(sched.c.obj)
 .text.unpend_thread_no_timeout
                0x00000000000073da       0x14 zephyr/kernel/libkernel.a(sched.c.obj)
 .text.add_to_waitq_locked
                0x00000000000073ee       0x50 zephyr/kernel/libkernel.a(sched.c.obj)
 .text.z_ready_thread
                0x000000000000743e       0x1e zephyr/kernel/libkernel.a(sched.c.obj)
                0x000000000000743e                z_ready_thread
 .text.z_unpend_thread_no_timeout
                0x000000000000745c       0x22 zephyr/kernel/libkernel.a(sched.c.obj)
                0x000000000000745c                z_unpend_thread_no_timeout
 .text.z_sched_wake_thread
                0x000000000000747e       0x3a zephyr/kernel/libkernel.a(sched.c.obj)
                0x000000000000747e                z_sched_wake_thread
 .text.z_thread_timeout
                0x00000000000074b8        0x8 zephyr/kernel/libkernel.a(sched.c.obj)
                0x00000000000074b8                z_thread_timeout
 .text.z_unpend1_no_timeout
                0x00000000000074c0       0x2c zephyr/kernel/libkernel.a(sched.c.obj)
                0x00000000000074c0                z_unpend1_no_timeout
 .text.z_impl_k_sleep
                0x00000000000074ec       0x32 zephyr/kernel/libkernel.a(sched.c.obj)
                0x00000000000074ec                z_impl_k_sleep
 .text.next_timeout
                0x000000000000751e       0x32 zephyr/kernel/libkernel.a(timeout.c.obj)
 .text.z_abort_timeout
                0x0000000000007550       0x42 zephyr/kernel/libkernel.a(timeout.c.obj)
                0x0000000000007550                z_abort_timeout
 .text.sys_clock_tick_get_32
                0x0000000000007592        0x8 zephyr/kernel/libkernel.a(timeout.c.obj)
                0x0000000000007592                sys_clock_tick_get_32
 .text.z_impl_k_uptime_ticks
                0x000000000000759a        0x4 zephyr/kernel/libkernel.a(timeout.c.obj)
                0x000000000000759a                z_impl_k_uptime_ticks
 .text.k_timer_init
                0x000000000000759e       0x18 zephyr/kernel/libkernel.a(timer.c.obj)
                0x000000000000759e                k_timer_init
 .text.z_impl_k_timer_stop
                0x00000000000075b6       0x38 zephyr/kernel/libkernel.a(timer.c.obj)
                0x00000000000075b6                z_impl_k_timer_stop
 .text.k_heap_init
                0x00000000000075ee       0x10 zephyr/kernel/libkernel.a(kheap.c.obj)
                0x00000000000075ee                k_heap_init
 .text.memcpy   0x00000000000075fe       0x1c c:\ncs\toolchains\0b393f9e1b\opt\zephyr-sdk\arm-zephyr-eabi\bin\../lib/gcc/../../picolibc/arm-zephyr-eabi/lib/thumb/v7e-m/nofp\libc.a(memcpy.c.o)
                0x00000000000075fe                __aeabi_memcpy
                0x00000000000075fe                __aeabi_memcpy4
                0x00000000000075fe                __aeabi_memcpy8
                0x00000000000075fe                memcpy
 .text.memmove  0x000000000000761a       0x34 c:\ncs\toolchains\0b393f9e1b\opt\zephyr-sdk\arm-zephyr-eabi\bin\../lib/gcc/../../picolibc/arm-zephyr-eabi/lib/thumb/v7e-m/nofp\libc.a(memmove.c.o)
                0x000000000000761a                __aeabi_memmove8
                0x000000000000761a                __aeabi_memmove
                0x000000000000761a                __aeabi_memmove4
                0x000000000000761a                memmove
 .text.memset   0x000000000000764e       0x10 c:\ncs\toolchains\0b393f9e1b\opt\zephyr-sdk\arm-zephyr-eabi\bin\../lib/gcc/../../picolibc/arm-zephyr-eabi/lib/thumb/v7e-m/nofp\libc.a(memset.c.o)
                0x000000000000764e                memset
 .text.atoi     0x000000000000765e        0x8 c:\ncs\toolchains\0b393f9e1b\opt\zephyr-sdk\arm-zephyr-eabi\bin\../lib/gcc/../../picolibc/arm-zephyr-eabi/lib/thumb/v7e-m/nofp\libc.a(libc_stdlib_atoi.c.o)
                0x000000000000765e                atoi
 .text.strnlen  0x0000000000007666       0x18 c:\ncs\toolchains\0b393f9e1b\opt\zephyr-sdk\arm-zephyr-eabi\bin\../lib/gcc/../../picolibc/arm-zephyr-eabi/lib/thumb/v7e-m/nofp\libc.a(libc_string_strnlen.c.o)
                0x0000000000007666                strnlen
 .text.__ultoa_invert
                0x000000000000767e       0xae c:\ncs\toolchains\0b393f9e1b\opt\zephyr-sdk\arm-zephyr-eabi\bin\../lib/gcc/../../picolibc/arm-zephyr-eabi/lib/thumb/v7e-m/nofp\libc.a(libc_tinystdio_vflprintf.c.o)
 .text.__file_str_put
                0x000000000000772c       0x10 c:\ncs\toolchains\0b393f9e1b\opt\zephyr-sdk\arm-zephyr-eabi\bin\../lib/gcc/../../picolibc/arm-zephyr-eabi/lib/thumb/v7e-m/nofp\libc.a(libc_tinystdio_filestrput.c.o)
                0x000000000000772c                __file_str_put
 *(SORT_BY_ALIGNMENT(.TEXT.*))
 .TEXT.__aeabi_read_tp
                0x000000000000773c        0xc zephyr/arch/arch/arm/core/cortex_m/libarch__arm__core__cortex_m.a(__aeabi_read_tp.S.obj)
                0x000000000000773c                __aeabi_read_tp
 *(SORT_BY_ALIGNMENT(.gnu.linkonce.t.*))
 *(SORT_BY_ALIGNMENT(.glue_7t))
 .glue_7t       0x0000000000007748        0x0 linker stubs
 *(SORT_BY_ALIGNMENT(.glue_7))
 .glue_7        0x0000000000007748        0x0 linker stubs
 *(SORT_BY_ALIGNMENT(.vfp11_veneer))
 .vfp11_veneer  0x0000000000007748        0x0 linker stubs
 *(SORT_BY_ALIGNMENT(.v4_bx))
 .v4_bx         0x0000000000007748        0x0 linker stubs
                0x0000000000007748                . = ALIGN (0x4)
                0x0000000000007748                __text_region_end = .

.ARM.exidx      0x0000000000007748        0x8
                0x0000000000007748                __exidx_start = .
 *(SORT_BY_ALIGNMENT(.ARM.exidx*) SORT_BY_ALIGNMENT(gnu.linkonce.armexidx.*))
 .ARM.exidx     0x0000000000007748        0x8 c:\ncs\toolchains\0b393f9e1b\opt\zephyr-sdk\arm-zephyr-eabi\bin\../lib/gcc/../../picolibc/arm-zephyr-eabi/lib/thumb/v7e-m/nofp\libc.a(strlen.S.o)
 .ARM.exidx     0x0000000000007750        0x0 c:/ncs/toolchains/0b393f9e1b/opt/zephyr-sdk/arm-zephyr-eabi/bin/../lib/gcc/arm-zephyr-eabi/12.2.0/thumb/v7e-m/nofp\libgcc.a(_udivmoddi4.o)
                                          0x8 (size before relaxing)
                0x0000000000007750                __exidx_end = .
                0x0000000000007750                __rodata_region_start = .

initlevel       0x0000000000007750       0x70
                0x0000000000007750                __init_start = .
                0x0000000000007750                __init_EARLY_start = .
 *(SORT_BY_NAME(SORT_BY_ALIGNMENT(.z_init_EARLY?_*)))
 *(SORT_BY_NAME(SORT_BY_ALIGNMENT(.z_init_EARLY??_*)))
                0x0000000000007750                __init_PRE_KERNEL_1_start = .
 *(SORT_BY_NAME(SORT_BY_ALIGNMENT(.z_init_PRE_KERNEL_1?_*)))
 .z_init_PRE_KERNEL_10_0_
                0x0000000000007750        0x8 zephyr/soc/soc/nrf52840/libsoc__nordic.a(soc.c.obj)
 *(SORT_BY_NAME(SORT_BY_ALIGNMENT(.z_init_PRE_KERNEL_1??_*)))
 .z_init_PRE_KERNEL_130_00078_
                0x0000000000007758        0x8 zephyr/drivers/clock_control/libdrivers__clock_control.a(clock_control_nrf.c.obj)
 .z_init_PRE_KERNEL_130_0_
                0x0000000000007760        0x8 modules/segger/libmodules__segger.a(SEGGER_RTT_zephyr.c.obj)
 .z_init_PRE_KERNEL_130_0_
                0x0000000000007768        0x8 zephyr/kernel/libkernel.a(mem_slab.c.obj)
 .z_init_PRE_KERNEL_130_0_
                0x0000000000007770        0x8 zephyr/kernel/libkernel.a(kheap.c.obj)
 .z_init_PRE_KERNEL_140_00011_
                0x0000000000007778        0x8 zephyr/drivers/gpio/libdrivers__gpio.a(gpio_nrfx.c.obj)
 .z_init_PRE_KERNEL_140_00020_
                0x0000000000007780        0x8 zephyr/drivers/gpio/libdrivers__gpio.a(gpio_nrfx.c.obj)
 .z_init_PRE_KERNEL_140_0_
                0x0000000000007788        0x8 modules/nrf/drivers/hw_cc3xx/lib..__nrf__drivers__hw_cc3xx.a(hw_cc3xx.c.obj)
 .z_init_PRE_KERNEL_150_00114_
                0x0000000000007790        0x8 zephyr/drivers/serial/libdrivers__serial.a(uart_nrfx_uarte.c.obj)
 .z_init_PRE_KERNEL_160_0_
                0x0000000000007798        0x8 zephyr/drivers/console/libdrivers__console.a(uart_console.c.obj)
                0x00000000000077a0                __init_PRE_KERNEL_2_start = .
 *(SORT_BY_NAME(SORT_BY_ALIGNMENT(.z_init_PRE_KERNEL_2?_*)))
 .z_init_PRE_KERNEL_20_0_
                0x00000000000077a0        0x8 zephyr/drivers/timer/libdrivers__timer.a(nrf_rtc_timer.c.obj)
 *(SORT_BY_NAME(SORT_BY_ALIGNMENT(.z_init_PRE_KERNEL_2??_*)))
                0x00000000000077a8                __init_POST_KERNEL_start = .
 *(SORT_BY_NAME(SORT_BY_ALIGNMENT(.z_init_POST_KERNEL?_*)))
 *(SORT_BY_NAME(SORT_BY_ALIGNMENT(.z_init_POST_KERNEL??_*)))
 .z_init_POST_KERNEL35_0_
                0x00000000000077a8        0x8 zephyr/lib/libc/common/liblib__libc__common.a(malloc.c.obj)
 .z_init_POST_KERNEL40_0_
                0x00000000000077b0        0x8 modules/nrf/drivers/hw_cc3xx/lib..__nrf__drivers__hw_cc3xx.a(hw_cc3xx.c.obj)
 .z_init_POST_KERNEL50_00126_
                0x00000000000077b8        0x8 zephyr/drivers/i2c/libdrivers__i2c.a(i2c_nrfx_twi.c.obj)
                0x00000000000077c0                __init_APPLICATION_start = .
 *(SORT_BY_NAME(SORT_BY_ALIGNMENT(.z_init_APPLICATION?_*)))
 *(SORT_BY_NAME(SORT_BY_ALIGNMENT(.z_init_APPLICATION??_*)))
                0x00000000000077c0                __init_SMP_start = .
 *(SORT_BY_NAME(SORT_BY_ALIGNMENT(.z_init_SMP?_*)))
 *(SORT_BY_NAME(SORT_BY_ALIGNMENT(.z_init_SMP??_*)))
                0x00000000000077c0                __init_end = .
                0x00000000000077c0                __deferred_init_list_start = .
 *(SORT_BY_ALIGNMENT(.z_deferred_init*))
                0x00000000000077c0                __deferred_init_list_end = .

device_area     0x00000000000077c0       0x64
                0x00000000000077c0                _device_list_start = .
 *(SORT_BY_NAME(SORT_BY_ALIGNMENT(._device.static.*_?_*)))
 *(SORT_BY_NAME(SORT_BY_ALIGNMENT(._device.static.*_??_*)))
 ._device.static.1_30_
                0x00000000000077c0       0x14 zephyr/drivers/clock_control/libdrivers__clock_control.a(clock_control_nrf.c.obj)
                0x00000000000077c0                __device_dts_ord_78
 ._device.static.1_40_
                0x00000000000077d4       0x28 zephyr/drivers/gpio/libdrivers__gpio.a(gpio_nrfx.c.obj)
                0x00000000000077d4                __device_dts_ord_20
                0x00000000000077e8                __device_dts_ord_11
 ._device.static.1_50_
                0x00000000000077fc       0x14 zephyr/drivers/serial/libdrivers__serial.a(uart_nrfx_uarte.c.obj)
                0x00000000000077fc                __device_dts_ord_114
 ._device.static.3_50_
                0x0000000000007810       0x14 zephyr/drivers/i2c/libdrivers__i2c.a(i2c_nrfx_twi.c.obj)
                0x0000000000007810                __device_dts_ord_126
                0x0000000000007824                _device_list_end = .

sw_isr_table    0x0000000000007824      0x180
                0x0000000000007824                . = ALIGN (0x4)
 *(SORT_BY_ALIGNMENT(.gnu.linkonce.sw_isr_table*))
 .gnu.linkonce.sw_isr_table
                0x0000000000007824      0x180 zephyr/arch/common/libisr_tables.a(isr_tables.c.obj)
                0x0000000000007824                _sw_isr_table

initlevel_error
                0x0000000000007750        0x0
 *(SORT_BY_NAME(SORT_BY_ALIGNMENT(.z_init_[_A-Z0-9]*)))
                0x0000000000000001                ASSERT ((SIZEOF (initlevel_error) == 0x0), Undefined initialization levels used.)

app_shmem_regions
                0x00000000000079a4        0x0
                0x00000000000079a4                __app_shmem_regions_start = .
 *(SORT_BY_NAME(SORT_BY_ALIGNMENT(.app_regions.*)))
                0x00000000000079a4                __app_shmem_regions_end = .

k_p4wq_initparam_area
                0x00000000000079a4        0x0
                0x00000000000079a4                _k_p4wq_initparam_list_start = .
 *(SORT_BY_NAME(SORT_BY_ALIGNMENT(._k_p4wq_initparam.static.*)))
                0x00000000000079a4                _k_p4wq_initparam_list_end = .

_static_thread_data_area
                0x00000000000079a4        0x0
                0x00000000000079a4                __static_thread_data_list_start = .
 *(SORT_BY_NAME(SORT_BY_ALIGNMENT(.__static_thread_data.static.*)))
                0x00000000000079a4                __static_thread_data_list_end = .

device_deps     0x00000000000079a4        0x0
                0x00000000000079a4                __device_deps_start = .
 *(SORT_BY_NAME(SORT_BY_ALIGNMENT(.__device_deps_pass2*)))
                0x00000000000079a4                __device_deps_end = .

gpio_driver_api_area
                0x00000000000079a4       0x24
                0x00000000000079a4                _gpio_driver_api_list_start = .
 *(SORT_BY_NAME(SORT_BY_ALIGNMENT(._gpio_driver_api.static.*)))
 ._gpio_driver_api.static.gpio_nrfx_drv_api_funcs_
                0x00000000000079a4       0x24 zephyr/drivers/gpio/libdrivers__gpio.a(gpio_nrfx.c.obj)
                0x00000000000079c8                _gpio_driver_api_list_end = .

i2c_driver_api_area
                0x00000000000079c8       0x18
                0x00000000000079c8                _i2c_driver_api_list_start = .
 *(SORT_BY_NAME(SORT_BY_ALIGNMENT(._i2c_driver_api.static.*)))
 ._i2c_driver_api.static.i2c_nrfx_twi_driver_api_
                0x00000000000079c8       0x18 zephyr/drivers/i2c/libdrivers__i2c.a(i2c_nrfx_twi.c.obj)
                0x00000000000079e0                _i2c_driver_api_list_end = .

i2c_target_driver_api_area
                0x00000000000079e0        0x0
                0x00000000000079e0                _i2c_target_driver_api_list_start = .
 *(SORT_BY_NAME(SORT_BY_ALIGNMENT(._i2c_target_driver_api.static.*)))
                0x00000000000079e0                _i2c_target_driver_api_list_end = .

shared_irq_driver_api_area
                0x00000000000079e0        0x0
                0x00000000000079e0                _shared_irq_driver_api_list_start = .
 *(SORT_BY_NAME(SORT_BY_ALIGNMENT(._shared_irq_driver_api.static.*)))
                0x00000000000079e0                _shared_irq_driver_api_list_end = .

crypto_driver_api_area
                0x00000000000079e0        0x0
                0x00000000000079e0                _crypto_driver_api_list_start = .
 *(SORT_BY_NAME(SORT_BY_ALIGNMENT(._crypto_driver_api.static.*)))
                0x00000000000079e0                _crypto_driver_api_list_end = .

adc_driver_api_area
                0x00000000000079e0        0x0
                0x00000000000079e0                _adc_driver_api_list_start = .
 *(SORT_BY_NAME(SORT_BY_ALIGNMENT(._adc_driver_api.static.*)))
                0x00000000000079e0                _adc_driver_api_list_end = .

auxdisplay_driver_api_area
                0x00000000000079e0        0x0
                0x00000000000079e0                _auxdisplay_driver_api_list_start = .
 *(SORT_BY_NAME(SORT_BY_ALIGNMENT(._auxdisplay_driver_api.static.*)))
                0x00000000000079e0                _auxdisplay_driver_api_list_end = .

bbram_driver_api_area
                0x00000000000079e0        0x0
                0x00000000000079e0                _bbram_driver_api_list_start = .
 *(SORT_BY_NAME(SORT_BY_ALIGNMENT(._bbram_driver_api.static.*)))
                0x00000000000079e0                _bbram_driver_api_list_end = .

bt_hci_driver_api_area
                0x00000000000079e0        0x0
                0x00000000000079e0                _bt_hci_driver_api_list_start = .
 *(SORT_BY_NAME(SORT_BY_ALIGNMENT(._bt_hci_driver_api.static.*)))
                0x00000000000079e0                _bt_hci_driver_api_list_end = .

can_driver_api_area
                0x00000000000079e0        0x0
                0x00000000000079e0                _can_driver_api_list_start = .
 *(SORT_BY_NAME(SORT_BY_ALIGNMENT(._can_driver_api.static.*)))
                0x00000000000079e0                _can_driver_api_list_end = .

cellular_driver_api_area
                0x00000000000079e0        0x0
                0x00000000000079e0                _cellular_driver_api_list_start = .
 *(SORT_BY_NAME(SORT_BY_ALIGNMENT(._cellular_driver_api.static.*)))
                0x00000000000079e0                _cellular_driver_api_list_end = .

charger_driver_api_area
                0x00000000000079e0        0x0
                0x00000000000079e0                _charger_driver_api_list_start = .
 *(SORT_BY_NAME(SORT_BY_ALIGNMENT(._charger_driver_api.static.*)))
                0x00000000000079e0                _charger_driver_api_list_end = .

clock_control_driver_api_area
                0x00000000000079e0       0x1c
                0x00000000000079e0                _clock_control_driver_api_list_start = .
 *(SORT_BY_NAME(SORT_BY_ALIGNMENT(._clock_control_driver_api.static.*)))
 ._clock_control_driver_api.static.clock_control_api_
                0x00000000000079e0       0x1c zephyr/drivers/clock_control/libdrivers__clock_control.a(clock_control_nrf.c.obj)
                0x00000000000079fc                _clock_control_driver_api_list_end = .

comparator_driver_api_area
                0x00000000000079fc        0x0
                0x00000000000079fc                _comparator_driver_api_list_start = .
 *(SORT_BY_NAME(SORT_BY_ALIGNMENT(._comparator_driver_api.static.*)))
                0x00000000000079fc                _comparator_driver_api_list_end = .

coredump_driver_api_area
                0x00000000000079fc        0x0
                0x00000000000079fc                _coredump_driver_api_list_start = .
 *(SORT_BY_NAME(SORT_BY_ALIGNMENT(._coredump_driver_api.static.*)))
                0x00000000000079fc                _coredump_driver_api_list_end = .

counter_driver_api_area
                0x00000000000079fc        0x0
                0x00000000000079fc                _counter_driver_api_list_start = .
 *(SORT_BY_NAME(SORT_BY_ALIGNMENT(._counter_driver_api.static.*)))
                0x00000000000079fc                _counter_driver_api_list_end = .

dac_driver_api_area
                0x00000000000079fc        0x0
                0x00000000000079fc                _dac_driver_api_list_start = .
 *(SORT_BY_NAME(SORT_BY_ALIGNMENT(._dac_driver_api.static.*)))
                0x00000000000079fc                _dac_driver_api_list_end = .

dai_driver_api_area
                0x00000000000079fc        0x0
                0x00000000000079fc                _dai_driver_api_list_start = .
 *(SORT_BY_NAME(SORT_BY_ALIGNMENT(._dai_driver_api.static.*)))
                0x00000000000079fc                _dai_driver_api_list_end = .

display_driver_api_area
                0x00000000000079fc        0x0
                0x00000000000079fc                _display_driver_api_list_start = .
 *(SORT_BY_NAME(SORT_BY_ALIGNMENT(._display_driver_api.static.*)))
                0x00000000000079fc                _display_driver_api_list_end = .

dma_driver_api_area
                0x00000000000079fc        0x0
                0x00000000000079fc                _dma_driver_api_list_start = .
 *(SORT_BY_NAME(SORT_BY_ALIGNMENT(._dma_driver_api.static.*)))
                0x00000000000079fc                _dma_driver_api_list_end = .

edac_driver_api_area
                0x00000000000079fc        0x0
                0x00000000000079fc                _edac_driver_api_list_start = .
 *(SORT_BY_NAME(SORT_BY_ALIGNMENT(._edac_driver_api.static.*)))
                0x00000000000079fc                _edac_driver_api_list_end = .

eeprom_driver_api_area
                0x00000000000079fc        0x0
                0x00000000000079fc                _eeprom_driver_api_list_start = .
 *(SORT_BY_NAME(SORT_BY_ALIGNMENT(._eeprom_driver_api.static.*)))
                0x00000000000079fc                _eeprom_driver_api_list_end = .

emul_bbram_driver_api_area
                0x00000000000079fc        0x0
                0x00000000000079fc                _emul_bbram_driver_api_list_start = .
 *(SORT_BY_NAME(SORT_BY_ALIGNMENT(._emul_bbram_driver_api.static.*)))
                0x00000000000079fc                _emul_bbram_driver_api_list_end = .

fuel_gauge_emul_driver_api_area
                0x00000000000079fc        0x0
                0x00000000000079fc                _fuel_gauge_emul_driver_api_list_start = .
 *(SORT_BY_NAME(SORT_BY_ALIGNMENT(._fuel_gauge_emul_driver_api.static.*)))
                0x00000000000079fc                _fuel_gauge_emul_driver_api_list_end = .

emul_sensor_driver_api_area
                0x00000000000079fc        0x0
                0x00000000000079fc                _emul_sensor_driver_api_list_start = .
 *(SORT_BY_NAME(SORT_BY_ALIGNMENT(._emul_sensor_driver_api.static.*)))
                0x00000000000079fc                _emul_sensor_driver_api_list_end = .

entropy_driver_api_area
                0x00000000000079fc        0x0
                0x00000000000079fc                _entropy_driver_api_list_start = .
 *(SORT_BY_NAME(SORT_BY_ALIGNMENT(._entropy_driver_api.static.*)))
                0x00000000000079fc                _entropy_driver_api_list_end = .

espi_driver_api_area
                0x00000000000079fc        0x0
                0x00000000000079fc                _espi_driver_api_list_start = .
 *(SORT_BY_NAME(SORT_BY_ALIGNMENT(._espi_driver_api.static.*)))
                0x00000000000079fc                _espi_driver_api_list_end = .

espi_saf_driver_api_area
                0x00000000000079fc        0x0
                0x00000000000079fc                _espi_saf_driver_api_list_start = .
 *(SORT_BY_NAME(SORT_BY_ALIGNMENT(._espi_saf_driver_api.static.*)))
                0x00000000000079fc                _espi_saf_driver_api_list_end = .

flash_driver_api_area
                0x00000000000079fc        0x0
                0x00000000000079fc                _flash_driver_api_list_start = .
 *(SORT_BY_NAME(SORT_BY_ALIGNMENT(._flash_driver_api.static.*)))
                0x00000000000079fc                _flash_driver_api_list_end = .

fpga_driver_api_area
                0x00000000000079fc        0x0
                0x00000000000079fc                _fpga_driver_api_list_start = .
 *(SORT_BY_NAME(SORT_BY_ALIGNMENT(._fpga_driver_api.static.*)))
                0x00000000000079fc                _fpga_driver_api_list_end = .

fuel_gauge_driver_api_area
                0x00000000000079fc        0x0
                0x00000000000079fc                _fuel_gauge_driver_api_list_start = .
 *(SORT_BY_NAME(SORT_BY_ALIGNMENT(._fuel_gauge_driver_api.static.*)))
                0x00000000000079fc                _fuel_gauge_driver_api_list_end = .

gnss_driver_api_area
                0x00000000000079fc        0x0
                0x00000000000079fc                _gnss_driver_api_list_start = .
 *(SORT_BY_NAME(SORT_BY_ALIGNMENT(._gnss_driver_api.static.*)))
                0x00000000000079fc                _gnss_driver_api_list_end = .

haptics_driver_api_area
                0x00000000000079fc        0x0
                0x00000000000079fc                _haptics_driver_api_list_start = .
 *(SORT_BY_NAME(SORT_BY_ALIGNMENT(._haptics_driver_api.static.*)))
                0x00000000000079fc                _haptics_driver_api_list_end = .

hwspinlock_driver_api_area
                0x00000000000079fc        0x0
                0x00000000000079fc                _hwspinlock_driver_api_list_start = .
 *(SORT_BY_NAME(SORT_BY_ALIGNMENT(._hwspinlock_driver_api.static.*)))
                0x00000000000079fc                _hwspinlock_driver_api_list_end = .

i2s_driver_api_area
                0x00000000000079fc        0x0
                0x00000000000079fc                _i2s_driver_api_list_start = .
 *(SORT_BY_NAME(SORT_BY_ALIGNMENT(._i2s_driver_api.static.*)))
                0x00000000000079fc                _i2s_driver_api_list_end = .

i3c_driver_api_area
                0x00000000000079fc        0x0
                0x00000000000079fc                _i3c_driver_api_list_start = .
 *(SORT_BY_NAME(SORT_BY_ALIGNMENT(._i3c_driver_api.static.*)))
                0x00000000000079fc                _i3c_driver_api_list_end = .

ipm_driver_api_area
                0x00000000000079fc        0x0
                0x00000000000079fc                _ipm_driver_api_list_start = .
 *(SORT_BY_NAME(SORT_BY_ALIGNMENT(._ipm_driver_api.static.*)))
                0x00000000000079fc                _ipm_driver_api_list_end = .

kscan_driver_api_area
                0x00000000000079fc        0x0
                0x00000000000079fc                _kscan_driver_api_list_start = .
 *(SORT_BY_NAME(SORT_BY_ALIGNMENT(._kscan_driver_api.static.*)))
                0x00000000000079fc                _kscan_driver_api_list_end = .

led_driver_api_area
                0x00000000000079fc        0x0
                0x00000000000079fc                _led_driver_api_list_start = .
 *(SORT_BY_NAME(SORT_BY_ALIGNMENT(._led_driver_api.static.*)))
                0x00000000000079fc                _led_driver_api_list_end = .

led_strip_driver_api_area
                0x00000000000079fc        0x0
                0x00000000000079fc                _led_strip_driver_api_list_start = .
 *(SORT_BY_NAME(SORT_BY_ALIGNMENT(._led_strip_driver_api.static.*)))
                0x00000000000079fc                _led_strip_driver_api_list_end = .

lora_driver_api_area
                0x00000000000079fc        0x0
                0x00000000000079fc                _lora_driver_api_list_start = .
 *(SORT_BY_NAME(SORT_BY_ALIGNMENT(._lora_driver_api.static.*)))
                0x00000000000079fc                _lora_driver_api_list_end = .

mbox_driver_api_area
                0x00000000000079fc        0x0
                0x00000000000079fc                _mbox_driver_api_list_start = .
 *(SORT_BY_NAME(SORT_BY_ALIGNMENT(._mbox_driver_api.static.*)))
                0x00000000000079fc                _mbox_driver_api_list_end = .

mdio_driver_api_area
                0x00000000000079fc        0x0
                0x00000000000079fc                _mdio_driver_api_list_start = .
 *(SORT_BY_NAME(SORT_BY_ALIGNMENT(._mdio_driver_api.static.*)))
                0x00000000000079fc                _mdio_driver_api_list_end = .

mipi_dbi_driver_api_area
                0x00000000000079fc        0x0
                0x00000000000079fc                _mipi_dbi_driver_api_list_start = .
 *(SORT_BY_NAME(SORT_BY_ALIGNMENT(._mipi_dbi_driver_api.static.*)))
                0x00000000000079fc                _mipi_dbi_driver_api_list_end = .

mipi_dsi_driver_api_area
                0x00000000000079fc        0x0
                0x00000000000079fc                _mipi_dsi_driver_api_list_start = .
 *(SORT_BY_NAME(SORT_BY_ALIGNMENT(._mipi_dsi_driver_api.static.*)))
                0x00000000000079fc                _mipi_dsi_driver_api_list_end = .

mspi_driver_api_area
                0x00000000000079fc        0x0
                0x00000000000079fc                _mspi_driver_api_list_start = .
 *(SORT_BY_NAME(SORT_BY_ALIGNMENT(._mspi_driver_api.static.*)))
                0x00000000000079fc                _mspi_driver_api_list_end = .

peci_driver_api_area
                0x00000000000079fc        0x0
                0x00000000000079fc                _peci_driver_api_list_start = .
 *(SORT_BY_NAME(SORT_BY_ALIGNMENT(._peci_driver_api.static.*)))
                0x00000000000079fc                _peci_driver_api_list_end = .

ps2_driver_api_area
                0x00000000000079fc        0x0
                0x00000000000079fc                _ps2_driver_api_list_start = .
 *(SORT_BY_NAME(SORT_BY_ALIGNMENT(._ps2_driver_api.static.*)))
                0x00000000000079fc                _ps2_driver_api_list_end = .

ptp_clock_driver_api_area
                0x00000000000079fc        0x0
                0x00000000000079fc                _ptp_clock_driver_api_list_start = .
 *(SORT_BY_NAME(SORT_BY_ALIGNMENT(._ptp_clock_driver_api.static.*)))
                0x00000000000079fc                _ptp_clock_driver_api_list_end = .

pwm_driver_api_area
                0x00000000000079fc        0x0
                0x00000000000079fc                _pwm_driver_api_list_start = .
 *(SORT_BY_NAME(SORT_BY_ALIGNMENT(._pwm_driver_api.static.*)))
                0x00000000000079fc                _pwm_driver_api_list_end = .

regulator_parent_driver_api_area
                0x00000000000079fc        0x0
                0x00000000000079fc                _regulator_parent_driver_api_list_start = .
 *(SORT_BY_NAME(SORT_BY_ALIGNMENT(._regulator_parent_driver_api.static.*)))
                0x00000000000079fc                _regulator_parent_driver_api_list_end = .

regulator_driver_api_area
                0x00000000000079fc        0x0
                0x00000000000079fc                _regulator_driver_api_list_start = .
 *(SORT_BY_NAME(SORT_BY_ALIGNMENT(._regulator_driver_api.static.*)))
                0x00000000000079fc                _regulator_driver_api_list_end = .

reset_driver_api_area
                0x00000000000079fc        0x0
                0x00000000000079fc                _reset_driver_api_list_start = .
 *(SORT_BY_NAME(SORT_BY_ALIGNMENT(._reset_driver_api.static.*)))
                0x00000000000079fc                _reset_driver_api_list_end = .

retained_mem_driver_api_area
                0x00000000000079fc        0x0
                0x00000000000079fc                _retained_mem_driver_api_list_start = .
 *(SORT_BY_NAME(SORT_BY_ALIGNMENT(._retained_mem_driver_api.static.*)))
                0x00000000000079fc                _retained_mem_driver_api_list_end = .

rtc_driver_api_area