Archive member included to satisfy reference by file (symbol)

app/libapp.a(main.c.obj)      (--whole-archive)
app/libapp.a(i2c.c.obj)       (--whole-archive)
app/libapp.a(cmdproc.c.obj)   (--whole-archive)
app/libapp.a(data.c.obj)      (--whole-archive)
app/libapp.a(uart.c.obj)      (--whole-archive)
app/libapp.a(gpio.c.obj)      (--whole-archive)
zephyr/libzephyr.a(heap.c.obj)
                              (--whole-archive)
zephyr/libzephyr.a(cbprintf_packaged.c.obj)
                              (--whole-archive)
zephyr/libzephyr.a(printk.c.obj)
                              (--whole-archive)
zephyr/libzephyr.a(sem.c.obj)
                              (--whole-archive)
zephyr/libzephyr.a(thread_entry.c.obj)
                              (--whole-archive)
zephyr/libzephyr.a(cbprintf_complete.c.obj)
                              (--whole-archive)
zephyr/libzephyr.a(assert.c.obj)
                              (--whole-archive)
zephyr/libzephyr.a(dec.c.obj)
                              (--whole-archive)
zephyr/libzephyr.a(hex.c.obj)
                              (--whole-archive)
zephyr/libzephyr.a(rb.c.obj)  (--whole-archive)
zephyr/libzephyr.a(timeutil.c.obj)
                              (--whole-archive)
zephyr/libzephyr.a(bitarray.c.obj)
                              (--whole-archive)
zephyr/libzephyr.a(onoff.c.obj)
                              (--whole-archive)
zephyr/libzephyr.a(notify.c.obj)
                              (--whole-archive)
zephyr/libzephyr.a(last_section_id.c.obj)
                              (--whole-archive)
zephyr/libzephyr.a(configs.c.obj)
                              (--whole-archive)
zephyr/libzephyr.a(mem_attr.c.obj)
                              (--whole-archive)
zephyr/libzephyr.a(tracing_none.c.obj)
                              (--whole-archive)
zephyr/libzephyr.a(banner.c.obj)
                              (--whole-archive)
zephyr/libzephyr.a(flash_map_partition_manager.c.obj)
                              (--whole-archive)
zephyr/libzephyr.a(nrf_cc3xx_platform_abort_zephyr.c.obj)
                              (--whole-archive)
zephyr/libzephyr.a(nrf_cc3xx_platform_mutex_zephyr.c.obj)
                              (--whole-archive)
zephyr/arch/common/libarch__common.a(sw_isr_common.c.obj)
                              (--whole-archive)
zephyr/arch/arch/arm/core/libarch__arm__core.a(fatal.c.obj)
                              (--whole-archive)
zephyr/arch/arch/arm/core/libarch__arm__core.a(nmi.c.obj)
                              (--whole-archive)
zephyr/arch/arch/arm/core/libarch__arm__core.a(nmi_on_reset.S.obj)
                              (--whole-archive)
zephyr/arch/arch/arm/core/libarch__arm__core.a(tls.c.obj)
                              (--whole-archive)
zephyr/arch/arch/arm/core/cortex_m/libarch__arm__core__cortex_m.a(exc_exit.c.obj)
                              (--whole-archive)
zephyr/arch/arch/arm/core/cortex_m/libarch__arm__core__cortex_m.a(fault.c.obj)
                              (--whole-archive)
zephyr/arch/arch/arm/core/cortex_m/libarch__arm__core__cortex_m.a(fault_s.S.obj)
                              (--whole-archive)
zephyr/arch/arch/arm/core/cortex_m/libarch__arm__core__cortex_m.a(fpu.c.obj)
                              (--whole-archive)
zephyr/arch/arch/arm/core/cortex_m/libarch__arm__core__cortex_m.a(reset.S.obj)
                              (--whole-archive)
zephyr/arch/arch/arm/core/cortex_m/libarch__arm__core__cortex_m.a(scb.c.obj)
                              (--whole-archive)
zephyr/arch/arch/arm/core/cortex_m/libarch__arm__core__cortex_m.a(thread_abort.c.obj)
                              (--whole-archive)
zephyr/arch/arch/arm/core/cortex_m/libarch__arm__core__cortex_m.a(vector_table.S.obj)
                              (--whole-archive)
zephyr/arch/arch/arm/core/cortex_m/libarch__arm__core__cortex_m.a(swap_helper.S.obj)
                              (--whole-archive)
zephyr/arch/arch/arm/core/cortex_m/libarch__arm__core__cortex_m.a(irq_manage.c.obj)
                              (--whole-archive)
zephyr/arch/arch/arm/core/cortex_m/libarch__arm__core__cortex_m.a(prep_c.c.obj)
                              (--whole-archive)
zephyr/arch/arch/arm/core/cortex_m/libarch__arm__core__cortex_m.a(thread.c.obj)
                              (--whole-archive)
zephyr/arch/arch/arm/core/cortex_m/libarch__arm__core__cortex_m.a(cpu_idle.c.obj)
                              (--whole-archive)
zephyr/arch/arch/arm/core/cortex_m/libarch__arm__core__cortex_m.a(irq_init.c.obj)
                              (--whole-archive)
zephyr/arch/arch/arm/core/cortex_m/libarch__arm__core__cortex_m.a(isr_wrapper.c.obj)
                              (--whole-archive)
zephyr/arch/arch/arm/core/cortex_m/libarch__arm__core__cortex_m.a(__aeabi_read_tp.S.obj)
                              (--whole-archive)
zephyr/arch/arch/arm/core/mpu/libarch__arm__core__mpu.a(arm_core_mpu.c.obj)
                              (--whole-archive)
[...]
Memory Configuration

Name             Origin             Length             Attributes
FLASH            0x0000000000000000 0x0000000000100000 xr
RAM              0x0000000020000000 0x0000000000040000 xw
IDT_LIST         0x00000000ffff7fff 0x0000000000008000 xw
*default*        0x0000000000000000 0xffffffffffffffff

Linker script and memory map

                0x0000000000005c44                vfprintf = __l_vfprintf
                0x0000000000000000                vfscanf = __l_vfscanf
LOAD zephyr/CMakeFiles/zephyr_final.dir/misc/empty_file.c.obj
LOAD zephyr/CMakeFiles/zephyr_final.dir/isr_tables.c.obj
LOAD zephyr/CMakeFiles/offsets.dir/./arch/arm/core/offsets/offsets.c.obj
LOAD app/libapp.a
LOAD zephyr/libzephyr.a
LOAD zephyr/arch/common/libarch__common.a
LOAD zephyr/arch/arch/arm/core/libarch__arm__core.a
LOAD zephyr/arch/arch/arm/core/cortex_m/libarch__arm__core__cortex_m.a
LOAD zephyr/arch/arch/arm/core/mpu/libarch__arm__core__mpu.a
LOAD zephyr/lib/libc/picolibc/liblib__libc__picolibc.a
LOAD zephyr/lib/libc/common/liblib__libc__common.a
LOAD zephyr/soc/soc/nrf52840/libsoc__nordic.a
LOAD zephyr/drivers/clock_control/libdrivers__clock_control.a
LOAD zephyr/drivers/console/libdrivers__console.a
LOAD zephyr/drivers/gpio/libdrivers__gpio.a
LOAD zephyr/drivers/i2c/libdrivers__i2c.a
LOAD zephyr/drivers/pinctrl/libdrivers__pinctrl.a
LOAD zephyr/drivers/pwm/libdrivers__pwm.a
LOAD zephyr/drivers/serial/libdrivers__serial.a
LOAD zephyr/drivers/timer/libdrivers__timer.a
LOAD modules/nrf/drivers/hw_cc3xx/lib..__nrf__drivers__hw_cc3xx.a
LOAD modules/hal_nordic/modules/hal_nordic/nrfx/libmodules__hal_nordic__nrfx.a
LOAD modules/segger/libmodules__segger.a
LOAD zephyr/kernel/libkernel.a
LOAD zephyr/arch/common/libisr_tables.a
LOAD C:/ncs/v3.0.1/nrfxlib/crypto/nrf_cc310_platform/lib/cortex-m4/soft-float/no-interrupts/libnrf_cc310_platform_0.9.19.a
LOAD c:\ncs\toolchains\0b393f9e1b\opt\zephyr-sdk\arm-zephyr-eabi\bin\../lib/gcc/../../picolibc/arm-zephyr-eabi/lib/thumb/v7e-m/nofp\libc.a
LOAD c:/ncs/toolchains/0b393f9e1b/opt/zephyr-sdk/arm-zephyr-eabi/bin/../lib/gcc/arm-zephyr-eabi/12.2.0/thumb/v7e-m/nofp\libgcc.a
                0x0000000000000020                _region_min_align = 0x20

.rel.plt        0x0000000000000000        0x0
 *(SORT_BY_ALIGNMENT(.rel.plt))
                [!provide]                        PROVIDE (__rel_iplt_start = .)
 *(SORT_BY_ALIGNMENT(.rel.iplt))
 .rel.iplt      0x0000000000000000        0x0 zephyr/CMakeFiles/zephyr_final.dir/isr_tables.c.obj
                [!provide]                        PROVIDE (__rel_iplt_end = .)

.rela.plt       0x0000000000000000        0x0
 *(SORT_BY_ALIGNMENT(.rela.plt))
                [!provide]                        PROVIDE (__rela_iplt_start = .)
 *(SORT_BY_ALIGNMENT(.rela.iplt))
                [!provide]                        PROVIDE (__rela_iplt_end = .)

.rel.dyn
 *(SORT_BY_ALIGNMENT(.rel.*))

.rela.dyn
 *(SORT_BY_ALIGNMENT(.rela.*))

/DISCARD/
 *(SORT_BY_ALIGNMENT(.plt))

/DISCARD/
 *(SORT_BY_ALIGNMENT(.iplt))
                0x0000000000000000                __rom_region_start = 0x0

rom_start       0x0000000000000000      0x100
                0x0000000000000000                __rom_start_address = .
 FILL mask 0x00
                0x0000000000000000                . = (. + (0x0 - (. - __rom_start_address)))
                0x0000000000000000                . = ALIGN (0x4)
                0x0000000000000000                . = ALIGN (0x80)
                0x0000000000000000                . = ALIGN (0x100)
                0x0000000000000000                _vector_start = .
 *(SORT_BY_ALIGNMENT(.exc_vector_table))
 *(SORT_BY_ALIGNMENT(.exc_vector_table.*))
 .exc_vector_table._vector_table_section
                0x0000000000000000       0x40 zephyr/arch/arch/arm/core/cortex_m/libarch__arm__core__cortex_m.a(vector_table.S.obj)
                0x0000000000000000                _vector_table
 *(SORT_BY_ALIGNMENT(.vectors))
                0x0000000000000100                _vector_end = .
                0x0000000000000040                . = ALIGN (0x4)
 *(SORT_BY_ALIGNMENT(.gnu.linkonce.irq_vector_table*))
 .gnu.linkonce.irq_vector_table
                0x0000000000000040       0xc0 zephyr/CMakeFiles/zephyr_final.dir/isr_tables.c.obj
                0x0000000000000040                _irq_vector_table
                0x0000000000000100                _vector_end = .

text            0x0000000000000100     0x78c0
                0x0000000000000100                __text_region_start = .
 *(SORT_BY_ALIGNMENT(.text))
 .text          0x0000000000000100       0x30 c:/ncs/toolchains/0b393f9e1b/opt/zephyr-sdk/arm-zephyr-eabi/bin/../lib/gcc/arm-zephyr-eabi/12.2.0/thumb/v7e-m/nofp\libgcc.a(_aeabi_uldivmod.o)
                0x0000000000000100                __aeabi_uldivmod
 .text          0x0000000000000130        0x4 c:/ncs/toolchains/0b393f9e1b/opt/zephyr-sdk/arm-zephyr-eabi/bin/../lib/gcc/arm-zephyr-eabi/12.2.0/thumb/v7e-m/nofp\libgcc.a(_dvmd_tls.o)
                0x0000000000000130                __aeabi_idiv0
                0x0000000000000130                __aeabi_ldiv0
 .text          0x0000000000000134       0x10 c:\ncs\toolchains\0b393f9e1b\opt\zephyr-sdk\arm-zephyr-eabi\bin\../lib/gcc/../../picolibc/arm-zephyr-eabi/lib/thumb/v7e-m/nofp\libc.a(strlen.S.o)
                0x0000000000000134                strlen
 .text          0x0000000000000144      0x2a0 c:/ncs/toolchains/0b393f9e1b/opt/zephyr-sdk/arm-zephyr-eabi/bin/../lib/gcc/arm-zephyr-eabi/12.2.0/thumb/v7e-m/nofp\libgcc.a(_udivmoddi4.o)
                0x0000000000000144                __udivmoddi4
 *(SORT_BY_ALIGNMENT(.text.*))
 .text.control_thread_func
                0x00000000000003e4       0x20 app/libapp.a(main.c.obj)
                0x00000000000003e4                control_thread_func
 .text.command_thread_func
                0x0000000000000404       0x6c app/libapp.a(main.c.obj)
                0x0000000000000404                command_thread_func
 .text.main     0x0000000000000470      0x148 app/libapp.a(main.c.obj)
                0x0000000000000470                main
 .text.i2c_init
                0x00000000000005b8       0x24 app/libapp.a(i2c.c.obj)
                0x00000000000005b8                i2c_init
 .text.sensor_thread_func
                0x00000000000005dc       0x74 app/libapp.a(i2c.c.obj)
                0x00000000000005dc                sensor_thread_func
 .text.checkSofEof
                0x0000000000000650       0x50 app/libapp.a(cmdproc.c.obj)
                0x0000000000000650                checkSofEof
 .text.checkRxChecksum
                0x00000000000006a0       0x5c app/libapp.a(cmdproc.c.obj)
                0x00000000000006a0                checkRxChecksum
 .text.rxChar   0x00000000000006fc       0x24 app/libapp.a(cmdproc.c.obj)
                0x00000000000006fc                rxChar
 .text.txChar   0x0000000000000720       0x24 app/libapp.a(cmdproc.c.obj)
                0x0000000000000720                txChar
 .text.cmdProcessor
                0x0000000000000744      0x274 app/libapp.a(cmdproc.c.obj)
                0x0000000000000744                cmdProcessor
 .text.resetTxBuffer
                0x00000000000009b8       0x20 app/libapp.a(cmdproc.c.obj)
                0x00000000000009b8                resetTxBuffer
 .text.getTxBuffer
                0x00000000000009d8       0x14 app/libapp.a(cmdproc.c.obj)
                0x00000000000009d8                getTxBuffer
 .text.uart_cb  0x00000000000009ec       0xd4 app/libapp.a(uart.c.obj)
                0x00000000000009ec                uart_cb
 .text.uart_init
                0x0000000000000ac0       0xc4 app/libapp.a(uart.c.obj)
                0x0000000000000ac0                uart_init
 .text.uart_send
                0x0000000000000b84       0x20 app/libapp.a(uart.c.obj)
                0x0000000000000b84                uart_send
 .text.gpio_init
                0x0000000000000ba4       0xc0 app/libapp.a(gpio.c.obj)
                0x0000000000000ba4                gpio_init
 .text.ui_task  0x0000000000000c64       0xbc app/libapp.a(gpio.c.obj)
                0x0000000000000c64                ui_task
 .text.char_out
                0x0000000000000d20        0xc zephyr/libzephyr.a(printk.c.obj)
 .text.__printk_hook_install
                0x0000000000000d2c        0xc zephyr/libzephyr.a(printk.c.obj)
                0x0000000000000d2c                __printk_hook_install
 .text.vprintk  0x0000000000000d38       0x30 zephyr/libzephyr.a(printk.c.obj)
                0x0000000000000d38                vprintk
 .text.z_thread_entry
                0x0000000000000d68       0x34 zephyr/libzephyr.a(thread_entry.c.obj)
                0x0000000000000d68                z_thread_entry
 .text.process_event
                0x0000000000000d9c      0x21c zephyr/libzephyr.a(onoff.c.obj)
 .text.mem_attr_get_regions
                0x0000000000000fb8        0xc zephyr/libzephyr.a(mem_attr.c.obj)
                0x0000000000000fb8                mem_attr_get_regions
 .text.boot_banner
                0x0000000000000fc4       0x1c zephyr/libzephyr.a(banner.c.obj)
                0x0000000000000fc4                boot_banner
 .text.nrf_cc3xx_platform_abort_init
                0x0000000000000fe0        0xc zephyr/libzephyr.a(nrf_cc3xx_platform_abort_zephyr.c.obj)
                0x0000000000000fe0                nrf_cc3xx_platform_abort_init
 .text.mutex_free_platform
                0x0000000000000fec       0x54 zephyr/libzephyr.a(nrf_cc3xx_platform_mutex_zephyr.c.obj)
 .text.mutex_lock_platform
                0x0000000000001040       0x60 zephyr/libzephyr.a(nrf_cc3xx_platform_mutex_zephyr.c.obj)
 .text.mutex_unlock_platform
                0x00000000000010a0       0x58 zephyr/libzephyr.a(nrf_cc3xx_platform_mutex_zephyr.c.obj)
 .text.mutex_init_platform
                0x00000000000010f8       0x94 zephyr/libzephyr.a(nrf_cc3xx_platform_mutex_zephyr.c.obj)
 .text.nrf_cc3xx_platform_mutex_init
                0x000000000000118c       0x2c zephyr/libzephyr.a(nrf_cc3xx_platform_mutex_zephyr.c.obj)
                0x000000000000118c                nrf_cc3xx_platform_mutex_init
 .text.z_SysNmiOnReset
                0x00000000000011b8        0x8 zephyr/arch/arch/arm/core/libarch__arm__core.a(nmi_on_reset.S.obj)
                0x00000000000011b8                z_SysNmiOnReset
 .text.arch_tls_stack_setup
                0x00000000000011c0       0x40 zephyr/arch/arch/arm/core/libarch__arm__core.a(tls.c.obj)
                0x00000000000011c0                arch_tls_stack_setup
 .text._HandlerModeExit
                0x0000000000001200       0x28 zephyr/arch/arch/arm/core/cortex_m/libarch__arm__core__cortex_m.a(exc_exit.c.obj)
                0x0000000000001200                z_arm_int_exit
                0x0000000000001200                z_arm_exc_exit
 .text.mem_manage_fault
                0x0000000000001228       0xa0 zephyr/arch/arch/arm/core/cortex_m/libarch__arm__core__cortex_m.a(fault.c.obj)
 .text.usage_fault.constprop.0
                0x00000000000012c8       0x54 zephyr/arch/arch/arm/core/cortex_m/libarch__arm__core__cortex_m.a(fault.c.obj)
 .text.bus_fault.constprop.0
                0x000000000000131c       0x6c zephyr/arch/arch/arm/core/cortex_m/libarch__arm__core__cortex_m.a(fault.c.obj)
 .text.z_arm_fault
                0x0000000000001388      0x128 zephyr/arch/arch/arm/core/cortex_m/libarch__arm__core__cortex_m.a(fault.c.obj)
                0x0000000000001388                z_arm_fault
 .text.z_arm_fault_init
                0x00000000000014b0       0x18 zephyr/arch/arch/arm/core/cortex_m/libarch__arm__core__cortex_m.a(fault.c.obj)
                0x00000000000014b0                z_arm_fault_init
 .text.__fault  0x00000000000014c8       0x14 zephyr/arch/arch/arm/core/cortex_m/libarch__arm__core__cortex_m.a(fault_s.S.obj)
                0x00000000000014c8                z_arm_usage_fault
                0x00000000000014c8                z_arm_mpu_fault
                0x00000000000014c8                z_arm_exc_spurious
                0x00000000000014c8                z_arm_debug_monitor
                0x00000000000014c8                z_arm_hard_fault
                0x00000000000014c8                z_arm_bus_fault
 .text._reset_section
                0x00000000000014dc       0x54 zephyr/arch/arch/arm/core/cortex_m/libarch__arm__core__cortex_m.a(reset.S.obj)
                0x00000000000014dc                __start
                0x00000000000014dc                z_arm_reset
 .text.z_arm_clear_arm_mpu_config
                0x0000000000001530       0x24 zephyr/arch/arch/arm/core/cortex_m/libarch__arm__core__cortex_m.a(scb.c.obj)
                0x0000000000001530                z_arm_clear_arm_mpu_config
 .text.z_arm_init_arch_hw_at_boot
                0x0000000000001554       0x64 zephyr/arch/arch/arm/core/cortex_m/libarch__arm__core__cortex_m.a(scb.c.obj)
                0x0000000000001554                z_arm_init_arch_hw_at_boot
 .text.z_impl_k_thread_abort
                0x00000000000015b8       0x2c zephyr/arch/arch/arm/core/cortex_m/libarch__arm__core__cortex_m.a(thread_abort.c.obj)
                0x00000000000015b8                z_impl_k_thread_abort
 .text.z_arm_pendsv
                0x00000000000015e4       0x64 zephyr/arch/arch/arm/core/cortex_m/libarch__arm__core__cortex_m.a(swap_helper.S.obj)
                0x00000000000015e4                z_arm_pendsv
 .text.z_arm_svc
                0x0000000000001648       0x24 zephyr/arch/arch/arm/core/cortex_m/libarch__arm__core__cortex_m.a(swap_helper.S.obj)
                0x0000000000001648                z_arm_svc
 .text.arch_irq_enable
                0x000000000000166c       0x1c zephyr/arch/arch/arm/core/cortex_m/libarch__arm__core__cortex_m.a(irq_manage.c.obj)
                0x000000000000166c                arch_irq_enable
 .text.arch_irq_is_enabled
                0x0000000000001688       0x1c zephyr/arch/arch/arm/core/cortex_m/libarch__arm__core__cortex_m.a(irq_manage.c.obj)
                0x0000000000001688                arch_irq_is_enabled
 .text.z_arm_irq_priority_set
                0x00000000000016a4       0x30 zephyr/arch/arch/arm/core/cortex_m/libarch__arm__core__cortex_m.a(irq_manage.c.obj)
                0x00000000000016a4                z_arm_irq_priority_set
 .text.z_prep_c
                0x00000000000016d4       0x38 zephyr/arch/arch/arm/core/cortex_m/libarch__arm__core__cortex_m.a(prep_c.c.obj)
                0x00000000000016d4                z_prep_c
 .text.arch_new_thread
                0x000000000000170c       0x38 zephyr/arch/arch/arm/core/cortex_m/libarch__arm__core__cortex_m.a(thread.c.obj)
                0x000000000000170c                arch_new_thread
 .text.z_check_thread_stack_fail
                0x0000000000001744       0x2c zephyr/arch/arch/arm/core/cortex_m/libarch__arm__core__cortex_m.a(thread.c.obj)
                0x0000000000001744                z_check_thread_stack_fail
 .text.arch_switch_to_main_thread
                0x0000000000001770       0x3c zephyr/arch/arch/arm/core/cortex_m/libarch__arm__core__cortex_m.a(thread.c.obj)
                0x0000000000001770                arch_switch_to_main_thread
 .text.z_arm_cpu_idle_init
                0x00000000000017ac        0xc zephyr/arch/arch/arm/core/cortex_m/libarch__arm__core__cortex_m.a(cpu_idle.c.obj)
                0x00000000000017ac                z_arm_cpu_idle_init
 .text.z_arm_interrupt_init
                0x00000000000017b8       0x18 zephyr/arch/arch/arm/core/cortex_m/libarch__arm__core__cortex_m.a(irq_init.c.obj)
                0x00000000000017b8                z_arm_interrupt_init
 .text._isr_wrapper
                0x00000000000017d0       0x24 zephyr/arch/arch/arm/core/cortex_m/libarch__arm__core__cortex_m.a(isr_wrapper.c.obj)
                0x00000000000017d0                _isr_wrapper
 .text.z_arm_configure_static_mpu_regions
                0x00000000000017f4       0x18 zephyr/arch/arch/arm/core/mpu/libarch__arm__core__mpu.a(arm_core_mpu.c.obj)
                0x00000000000017f4                z_arm_configure_static_mpu_regions
 .text.z_arm_configure_dynamic_mpu_regions
                0x000000000000180c       0x20 zephyr/arch/arch/arm/core/mpu/libarch__arm__core__mpu.a(arm_core_mpu.c.obj)
                0x000000000000180c                z_arm_configure_dynamic_mpu_regions
 .text.region_init
                0x000000000000182c       0x28 zephyr/arch/arch/arm/core/mpu/libarch__arm__core__mpu.a(arm_mpu.c.obj)
 .text.mpu_configure_regions
                0x0000000000001854       0x6c zephyr/arch/arch/arm/core/mpu/libarch__arm__core__mpu.a(arm_mpu.c.obj)
 .text.arm_core_mpu_enable
                0x00000000000018c0       0x18 zephyr/arch/arch/arm/core/mpu/libarch__arm__core__mpu.a(arm_mpu.c.obj)
                0x00000000000018c0                arm_core_mpu_enable
 .text.arm_core_mpu_disable
                0x00000000000018d8       0x14 zephyr/arch/arch/arm/core/mpu/libarch__arm__core__mpu.a(arm_mpu.c.obj)
                0x00000000000018d8                arm_core_mpu_disable
 .text.arm_core_mpu_configure_static_mpu_regions
                0x00000000000018ec       0x14 zephyr/arch/arch/arm/core/mpu/libarch__arm__core__mpu.a(arm_mpu.c.obj)
                0x00000000000018ec                arm_core_mpu_configure_static_mpu_regions
 .text.arm_core_mpu_configure_dynamic_mpu_regions
                0x0000000000001900       0x38 zephyr/arch/arch/arm/core/mpu/libarch__arm__core__mpu.a(arm_mpu.c.obj)
                0x0000000000001900                arm_core_mpu_configure_dynamic_mpu_regions
 .text.z_arm_mpu_init
                0x0000000000001938      0x168 zephyr/arch/arch/arm/core/mpu/libarch__arm__core__mpu.a(arm_mpu.c.obj)
                0x0000000000001938                z_arm_mpu_init
 .text._exit    0x0000000000001aa0       0x10 zephyr/lib/libc/picolibc/liblib__libc__picolibc.a(exit.c.obj)
                0x0000000000001aa0                _exit
 .text.z_impl_zephyr_fputc
                0x0000000000001ab0       0x10 zephyr/lib/libc/picolibc/liblib__libc__picolibc.a(stdio.c.obj)
                0x0000000000001ab0                z_impl_zephyr_fputc
 .text.__stdout_hook_install
                0x0000000000001ac0       0x18 zephyr/lib/libc/picolibc/liblib__libc__picolibc.a(stdio.c.obj)
                0x0000000000001ac0                __stdout_hook_install
 .text.malloc_prepare
                0x0000000000001ad8       0x24 zephyr/lib/libc/common/liblib__libc__common.a(malloc.c.obj)
 .text.nordicsemi_nrf52_init
                0x0000000000001afc       0x44 zephyr/soc/soc/nrf52840/libsoc__nordic.a(soc.c.obj)
 .text.arch_busy_wait
                0x0000000000001b40       0x14 zephyr/soc/soc/nrf52840/libsoc__nordic.a(soc.c.obj)
                0x0000000000001b40                arch_busy_wait
 .text.onoff_stop
                0x0000000000001b54       0x30 zephyr/drivers/clock_control/libdrivers__clock_control.a(clock_control_nrf.c.obj)
 .text.onoff_start
                0x0000000000001b84       0x44 zephyr/drivers/clock_control/libdrivers__clock_control.a(clock_control_nrf.c.obj)
 .text.generic_hfclk_stop
                0x0000000000001bc8       0x34 zephyr/drivers/clock_control/libdrivers__clock_control.a(clock_control_nrf.c.obj)
 .text.clk_init
                0x0000000000001bfc       0x58 zephyr/drivers/clock_control/libdrivers__clock_control.a(clock_control_nrf.c.obj)
 .text.api_blocking_start
                0x0000000000001c54       0x34 zephyr/drivers/clock_control/libdrivers__clock_control.a(clock_control_nrf.c.obj)
 .text.clkstarted_handle.constprop.0
                0x0000000000001c88       0x4c zephyr/drivers/clock_control/libdrivers__clock_control.a(clock_control_nrf.c.obj)
 .text.generic_hfclk_start
                0x0000000000001cd4       0x78 zephyr/drivers/clock_control/libdrivers__clock_control.a(clock_control_nrf.c.obj)
 .text.clock_event_handler
                0x0000000000001d4c       0x1c zephyr/drivers/clock_control/libdrivers__clock_control.a(clock_control_nrf.c.obj)
 .text.z_nrf_clock_control_lf_on
                0x0000000000001d68       0xfc zephyr/drivers/clock_control/libdrivers__clock_control.a(clock_control_nrf.c.obj)
                0x0000000000001d68                z_nrf_clock_control_lf_on
 .text.uart_console_init
                0x0000000000001e64       0x28 zephyr/drivers/console/libdrivers__console.a(uart_console.c.obj)
 .text.console_out
                0x0000000000001e8c       0x28 zephyr/drivers/console/libdrivers__console.a(uart_console.c.obj)
 .text.gpio_nrfx_pin_interrupt_configure
                0x0000000000001eb4      0x100 zephyr/drivers/gpio/libdrivers__gpio.a(gpio_nrfx.c.obj)
 .text.gpio_nrfx_init
                0x0000000000001fb4       0x48 zephyr/drivers/gpio/libdrivers__gpio.a(gpio_nrfx.c.obj)
 .text.nrfx_gpio_handler
                0x0000000000001ffc       0x4c zephyr/drivers/gpio/libdrivers__gpio.a(gpio_nrfx.c.obj)
 .text.gpio_nrfx_pin_configure
                0x0000000000002048      0x18c zephyr/drivers/gpio/libdrivers__gpio.a(gpio_nrfx.c.obj)
 .text.event_handler
                0x00000000000021d4       0x38 zephyr/drivers/i2c/libdrivers__i2c.a(i2c_nrfx_twi.c.obj)
 .text.i2c_nrfx_twi_transfer
                0x000000000000220c       0xc0 zephyr/drivers/i2c/libdrivers__i2c.a(i2c_nrfx_twi.c.obj)
 .text.i2c_nrfx_twi_init
                0x00000000000022cc       0x24 zephyr/drivers/i2c/libdrivers__i2c.a(i2c_nrfx_twi_common.c.obj)
                0x00000000000022cc                i2c_nrfx_twi_init
 .text.i2c_nrfx_twi_recover_bus
                0x00000000000022f0       0x24 zephyr/drivers/i2c/libdrivers__i2c.a(i2c_nrfx_twi_common.c.obj)
                0x00000000000022f0                i2c_nrfx_twi_recover_bus
 .text.i2c_nrfx_twi_msg_transfer
                0x0000000000002314       0x7c zephyr/drivers/i2c/libdrivers__i2c.a(i2c_nrfx_twi_common.c.obj)
                0x0000000000002314                i2c_nrfx_twi_msg_transfer
 .text.nrf_gpio_pin_port_decode
                0x0000000000002390       0x20 zephyr/drivers/pinctrl/libdrivers__pinctrl.a(pinctrl_nrf.c.obj)
 .text.pinctrl_configure_pins
                0x00000000000023b0      0x1a4 zephyr/drivers/pinctrl/libdrivers__pinctrl.a(pinctrl_nrf.c.obj)
                0x00000000000023b0                pinctrl_configure_pins
 .text.nrf_gpio_pin_port_decode
                0x0000000000002554       0x20 zephyr/drivers/pwm/libdrivers__pwm.a(pwm_nrfx.c.obj)
 .text.pwm_nrfx_init
                0x0000000000002574       0xa0 zephyr/drivers/pwm/libdrivers__pwm.a(pwm_nrfx.c.obj)
 .text.uarte_0_init
                0x0000000000002614      0x134 zephyr/drivers/serial/libdrivers__serial.a(uart_nrfx_uarte.c.obj)
 .text.uarte_nrfx_poll_out
                0x0000000000002748       0xd0 zephyr/drivers/serial/libdrivers__serial.a(uart_nrfx_uarte.c.obj)
 .text.uarte_nrfx_tx
                0x0000000000002818       0xb4 zephyr/drivers/serial/libdrivers__serial.a(uart_nrfx_uarte.c.obj)
 .text.uarte_nrfx_rx_enable
                0x00000000000028cc      0x194 zephyr/drivers/serial/libdrivers__serial.a(uart_nrfx_uarte.c.obj)
 .text.compare_int_lock
                0x0000000000002a60       0x48 zephyr/drivers/timer/libdrivers__timer.a(nrf_rtc_timer.c.obj)
 .text.sys_clock_timeout_handler
                0x0000000000002aa8       0x48 zephyr/drivers/timer/libdrivers__timer.a(nrf_rtc_timer.c.obj)
 .text.compare_int_unlock
                0x0000000000002af0       0x5c zephyr/drivers/timer/libdrivers__timer.a(nrf_rtc_timer.c.obj)
 .text.z_nrf_rtc_timer_read
                0x0000000000002b4c       0x44 zephyr/drivers/timer/libdrivers__timer.a(nrf_rtc_timer.c.obj)
                0x0000000000002b4c                z_nrf_rtc_timer_read
 .text.compare_set
                0x0000000000002b90      0x130 zephyr/drivers/timer/libdrivers__timer.a(nrf_rtc_timer.c.obj)
 .text.sys_clock_driver_init
                0x0000000000002cc0       0x90 zephyr/drivers/timer/libdrivers__timer.a(nrf_rtc_timer.c.obj)
 .text.rtc_nrf_isr
                0x0000000000002d50       0xd4 zephyr/drivers/timer/libdrivers__timer.a(nrf_rtc_timer.c.obj)
                0x0000000000002d50                rtc_nrf_isr
 .text.sys_clock_set_timeout
                0x0000000000002e24       0x5c zephyr/drivers/timer/libdrivers__timer.a(nrf_rtc_timer.c.obj)
                0x0000000000002e24                sys_clock_set_timeout
 .text.sys_clock_elapsed
                0x0000000000002e80       0x14 zephyr/drivers/timer/libdrivers__timer.a(nrf_rtc_timer.c.obj)
                0x0000000000002e80                sys_clock_elapsed
 .text.nrf52_errata_98
                0x0000000000002e94       0x24 modules/hal_nordic/modules/hal_nordic/nrfx/libmodules__hal_nordic__nrfx.a(system_nrf52840.c.obj)
 .text.nvmc_wait
                0x0000000000002eb8       0x10 modules/hal_nordic/modules/hal_nordic/nrfx/libmodules__hal_nordic__nrfx.a(system_nrf52840.c.obj)
                0x0000000000002eb8                nvmc_wait
 .text.SystemInit
                0x0000000000002ec8      0x1bc modules/hal_nordic/modules/hal_nordic/nrfx/libmodules__hal_nordic__nrfx.a(system_nrf52840.c.obj)
                0x0000000000002ec8                SystemInit
 .text.nrfx_flag32_alloc
                0x0000000000003084       0x48 modules/hal_nordic/modules/hal_nordic/nrfx/libmodules__hal_nordic__nrfx.a(nrfx_flag32_allocator.c.obj)
                0x0000000000003084                nrfx_flag32_alloc
 .text.nrfx_flag32_free
                0x00000000000030cc       0x40 modules/hal_nordic/modules/hal_nordic/nrfx/libmodules__hal_nordic__nrfx.a(nrfx_flag32_allocator.c.obj)
                0x00000000000030cc                nrfx_flag32_free
 .text.nrfx_gppi_channels_enable
                0x000000000000310c        0xc modules/hal_nordic/modules/hal_nordic/nrfx/libmodules__hal_nordic__nrfx.a(nrfx_gppi_ppi.c.obj)
                0x000000000000310c                nrfx_gppi_channels_enable
 .text.clock_stop
                0x0000000000003118       0xc4 modules/hal_nordic/modules/hal_nordic/nrfx/libmodules__hal_nordic__nrfx.a(nrfx_clock.c.obj)
 .text.nrfx_clock_init
                0x00000000000031dc       0x20 modules/hal_nordic/modules/hal_nordic/nrfx/libmodules__hal_nordic__nrfx.a(nrfx_clock.c.obj)
                0x00000000000031dc                nrfx_clock_init
 .text.nrfx_clock_enable
                0x00000000000031fc       0x24 modules/hal_nordic/modules/hal_nordic/nrfx/libmodules__hal_nordic__nrfx.a(nrfx_clock.c.obj)
                0x00000000000031fc                nrfx_clock_enable
 .text.nrfx_clock_start
                0x0000000000003220       0xa8 modules/hal_nordic/modules/hal_nordic/nrfx/libmodules__hal_nordic__nrfx.a(nrfx_clock.c.obj)
                0x0000000000003220                nrfx_clock_start
 .text.nrfx_power_clock_irq_handler
                0x00000000000032c8       0x7c modules/hal_nordic/modules/hal_nordic/nrfx/libmodules__hal_nordic__nrfx.a(nrfx_clock.c.obj)
                0x00000000000032c8                nrfx_power_clock_irq_handler
 .text.nrf_gpio_pin_port_decode
                0x0000000000003344       0x20 modules/hal_nordic/modules/hal_nordic/nrfx/libmodules__hal_nordic__nrfx.a(nrfx_gpiote.c.obj)
 .text.get_pin_idx
                0x0000000000003364       0x14 modules/hal_nordic/modules/hal_nordic/nrfx/libmodules__hal_nordic__nrfx.a(nrfx_gpiote.c.obj)
 .text.call_handler.constprop.0
                0x0000000000003378       0x40 modules/hal_nordic/modules/hal_nordic/nrfx/libmodules__hal_nordic__nrfx.a(nrfx_gpiote.c.obj)
 .text.pin_te_get.constprop.0
                0x00000000000033b8       0x18 modules/hal_nordic/modules/hal_nordic/nrfx/libmodules__hal_nordic__nrfx.a(nrfx_gpiote.c.obj)
 .text.pin_is_output.constprop.0
                0x00000000000033d0       0x18 modules/hal_nordic/modules/hal_nordic/nrfx/libmodules__hal_nordic__nrfx.a(nrfx_gpiote.c.obj)
 .text.pin_in_use_by_te.constprop.0
                0x00000000000033e8       0x18 modules/hal_nordic/modules/hal_nordic/nrfx/libmodules__hal_nordic__nrfx.a(nrfx_gpiote.c.obj)
 .text.latch_pending_read_and_check
                0x0000000000003400       0x40 modules/hal_nordic/modules/hal_nordic/nrfx/libmodules__hal_nordic__nrfx.a(nrfx_gpiote.c.obj)
 .text.release_handler.isra.0
                0x0000000000003440       0x58 modules/hal_nordic/modules/hal_nordic/nrfx/libmodules__hal_nordic__nrfx.a(nrfx_gpiote.c.obj)
 .text.__nrfy_internal_gpiote_events_process.constprop.0
                0x0000000000003498       0x5c modules/hal_nordic/modules/hal_nordic/nrfx/libmodules__hal_nordic__nrfx.a(nrfx_gpiote.c.obj)
 .text.pin_uninit
                0x00000000000034f4       0x80 modules/hal_nordic/modules/hal_nordic/nrfx/libmodules__hal_nordic__nrfx.a(nrfx_gpiote.c.obj)
 .text.nrfx_gpiote_input_configure
                0x0000000000003574      0x174 modules/hal_nordic/modules/hal_nordic/nrfx/libmodules__hal_nordic__nrfx.a(nrfx_gpiote.c.obj)
                0x0000000000003574                nrfx_gpiote_input_configure
 .text.nrfx_gpiote_output_configure
                0x00000000000036e8       0xfc modules/hal_nordic/modules/hal_nordic/nrfx/libmodules__hal_nordic__nrfx.a(nrfx_gpiote.c.obj)
                0x00000000000036e8                nrfx_gpiote_output_configure
 .text.nrfx_gpiote_global_callback_set
                0x00000000000037e4        0xc modules/hal_nordic/modules/hal_nordic/nrfx/libmodules__hal_nordic__nrfx.a(nrfx_gpiote.c.obj)
                0x00000000000037e4                nrfx_gpiote_global_callback_set
 .text.nrfx_gpiote_channel_get
                0x00000000000037f0       0x34 modules/hal_nordic/modules/hal_nordic/nrfx/libmodules__hal_nordic__nrfx.a(nrfx_gpiote.c.obj)
                0x00000000000037f0                nrfx_gpiote_channel_get
 .text.nrfx_gpiote_init
                0x0000000000003824       0x68 modules/hal_nordic/modules/hal_nordic/nrfx/libmodules__hal_nordic__nrfx.a(nrfx_gpiote.c.obj)
                0x0000000000003824                nrfx_gpiote_init
 .text.nrfx_gpiote_init_check
                0x000000000000388c       0x14 modules/hal_nordic/modules/hal_nordic/nrfx/libmodules__hal_nordic__nrfx.a(nrfx_gpiote.c.obj)
                0x000000000000388c                nrfx_gpiote_init_check
 .text.nrfx_gpiote_channel_free
                0x00000000000038a0        0xc modules/hal_nordic/modules/hal_nordic/nrfx/libmodules__hal_nordic__nrfx.a(nrfx_gpiote.c.obj)
                0x00000000000038a0                nrfx_gpiote_channel_free
 .text.nrfx_gpiote_channel_alloc
                0x00000000000038ac        0xc modules/hal_nordic/modules/hal_nordic/nrfx/libmodules__hal_nordic__nrfx.a(nrfx_gpiote.c.obj)
                0x00000000000038ac                nrfx_gpiote_channel_alloc
 .text.nrfx_gpiote_trigger_enable
                0x00000000000038b8       0xb0 modules/hal_nordic/modules/hal_nordic/nrfx/libmodules__hal_nordic__nrfx.a(nrfx_gpiote.c.obj)
                0x00000000000038b8                nrfx_gpiote_trigger_enable
 .text.nrfx_gpiote_0_irq_handler
                0x0000000000003968      0x1bc modules/hal_nordic/modules/hal_nordic/nrfx/libmodules__hal_nordic__nrfx.a(nrfx_gpiote.c.obj)
                0x0000000000003968                nrfx_gpiote_0_irq_handler
 .text.nrfx_ppi_channel_alloc
                0x0000000000003b24        0xc modules/hal_nordic/modules/hal_nordic/nrfx/libmodules__hal_nordic__nrfx.a(nrfx_ppi.c.obj)
                0x0000000000003b24                nrfx_ppi_channel_alloc
 .text.nrf_gpio_pin_port_decode
                0x0000000000003b30       0x20 modules/hal_nordic/modules/hal_nordic/nrfx/libmodules__hal_nordic__nrfx.a(nrfx_pwm.c.obj)
 .text.pwm_stopped_check
                0x0000000000003b50       0x34 modules/hal_nordic/modules/hal_nordic/nrfx/libmodules__hal_nordic__nrfx.a(nrfx_pwm.c.obj)
 .text.pwm_configure
                0x0000000000003b84       0xe8 modules/hal_nordic/modules/hal_nordic/nrfx/libmodules__hal_nordic__nrfx.a(nrfx_pwm.c.obj)
 .text.nrfx_pwm_init
                0x0000000000003c6c       0x4c modules/hal_nordic/modules/hal_nordic/nrfx/libmodules__hal_nordic__nrfx.a(nrfx_pwm.c.obj)
                0x0000000000003c6c                nrfx_pwm_init
 .text.nrfx_pwm_simple_playback
                0x0000000000003cb8       0x7c modules/hal_nordic/modules/hal_nordic/nrfx/libmodules__hal_nordic__nrfx.a(nrfx_pwm.c.obj)
                0x0000000000003cb8                nrfx_pwm_simple_playback
 .text.nrfx_pwm_stop
                0x0000000000003d34       0x44 modules/hal_nordic/modules/hal_nordic/nrfx/libmodules__hal_nordic__nrfx.a(nrfx_pwm.c.obj)
                0x0000000000003d34                nrfx_pwm_stop
 .text.nrfx_pwm_0_irq_handler
                0x0000000000003d78       0x10 modules/hal_nordic/modules/hal_nordic/nrfx/libmodules__hal_nordic__nrfx.a(nrfx_pwm.c.obj)
                0x0000000000003d78                nrfx_pwm_0_irq_handler
 .text.nrfx_pwm_1_irq_handler
                0x0000000000003d88       0x10 modules/hal_nordic/modules/hal_nordic/nrfx/libmodules__hal_nordic__nrfx.a(nrfx_pwm.c.obj)
                0x0000000000003d88                nrfx_pwm_1_irq_handler
 .text.nrf_gpio_cfg.constprop.0
                0x0000000000003d98       0x48 modules/hal_nordic/modules/hal_nordic/nrfx/libmodules__hal_nordic__nrfx.a(nrfx_twi.c.obj)
 .text.twi_configure
                0x0000000000003de0       0x3c modules/hal_nordic/modules/hal_nordic/nrfx/libmodules__hal_nordic__nrfx.a(nrfx_twi.c.obj)
 .text.twi_tx_start_transfer
                0x0000000000003e1c      0x104 modules/hal_nordic/modules/hal_nordic/nrfx/libmodules__hal_nordic__nrfx.a(nrfx_twi.c.obj)
 .text.twi_rx_start_transfer
                0x0000000000003f20       0xe4 modules/hal_nordic/modules/hal_nordic/nrfx/libmodules__hal_nordic__nrfx.a(nrfx_twi.c.obj)
 .text.nrfx_twi_init
                0x0000000000004004       0x88 modules/hal_nordic/modules/hal_nordic/nrfx/libmodules__hal_nordic__nrfx.a(nrfx_twi.c.obj)
                0x0000000000004004                nrfx_twi_init
 .text.nrfx_twi_enable
                0x000000000000408c       0x20 modules/hal_nordic/modules/hal_nordic/nrfx/libmodules__hal_nordic__nrfx.a(nrfx_twi.c.obj)
                0x000000000000408c                nrfx_twi_enable
 .text.nrfx_twi_disable
                0x00000000000040ac       0x38 modules/hal_nordic/modules/hal_nordic/nrfx/libmodules__hal_nordic__nrfx.a(nrfx_twi.c.obj)
                0x00000000000040ac                nrfx_twi_disable
 .text.nrfx_twi_xfer
                0x00000000000040e4       0xdc modules/hal_nordic/modules/hal_nordic/nrfx/libmodules__hal_nordic__nrfx.a(nrfx_twi.c.obj)
                0x00000000000040e4                nrfx_twi_xfer
 .text.nrfx_twi_0_irq_handler
                0x00000000000041c0       0xd8 modules/hal_nordic/modules/hal_nordic/nrfx/libmodules__hal_nordic__nrfx.a(nrfx_twi.c.obj)
                0x00000000000041c0                nrfx_twi_0_irq_handler
 .text.nrf_gpio_pin_port_decode
                0x0000000000004298       0x20 modules/hal_nordic/modules/hal_nordic/nrfx/libmodules__hal_nordic__nrfx.a(nrfx_twi_twim.c.obj)
 .text.nrfx_twi_twim_bus_recover
                0x00000000000042b8       0xdc modules/hal_nordic/modules/hal_nordic/nrfx/libmodules__hal_nordic__nrfx.a(nrfx_twi_twim.c.obj)
                0x00000000000042b8                nrfx_twi_twim_bus_recover
 .text._DoInit  0x0000000000004394       0x68 modules/segger/libmodules__segger.a(SEGGER_RTT.c.obj)
 .text.SEGGER_RTT_Init
                0x00000000000043fc       0x3c modules/segger/libmodules__segger.a(SEGGER_RTT.c.obj)
                0x00000000000043fc                SEGGER_RTT_Init
 .text.z_fatal_error
                0x0000000000004438       0x30 zephyr/kernel/libkernel.a(fatal.c.obj)
                0x0000000000004438                z_fatal_error
 .text.z_sys_init_run_level
                0x0000000000004468       0x2c zephyr/kernel/libkernel.a(init.c.obj)
 .text.bg_thread_main
                0x0000000000004494       0xc4 zephyr/kernel/libkernel.a(init.c.obj)
 .text.z_bss_zero
                0x0000000000004558       0x18 zephyr/kernel/libkernel.a(init.c.obj)
                0x0000000000004558                z_bss_zero
 .text.z_init_cpu
                0x0000000000004570       0x70 zephyr/kernel/libkernel.a(init.c.obj)
                0x0000000000004570                z_init_cpu
 .text.z_cstart
                0x00000000000045e0       0xdc zephyr/kernel/libkernel.a(init.c.obj)
                0x00000000000045e0                z_cstart
 .text.init_mem_slab_obj_core_list
                0x00000000000046bc       0x24 zephyr/kernel/libkernel.a(mem_slab.c.obj)
 .text.k_mem_slab_alloc
                0x00000000000046e0       0x5c zephyr/kernel/libkernel.a(mem_slab.c.obj)
                0x00000000000046e0                k_mem_slab_alloc
 .text.z_impl_k_msgq_put
                0x000000000000473c       0xac zephyr/kernel/libkernel.a(msg_q.c.obj)
                0x000000000000473c                z_impl_k_msgq_put
 .text.z_impl_k_msgq_get
                0x00000000000047e8       0xc4 zephyr/kernel/libkernel.a(msg_q.c.obj)
                0x00000000000047e8                z_impl_k_msgq_get
 .text.z_impl_k_mutex_lock
                0x00000000000048ac       0xf0 zephyr/kernel/libkernel.a(mutex.c.obj)
                0x00000000000048ac                z_impl_k_mutex_lock
 .text.z_impl_k_mutex_unlock
                0x000000000000499c       0xa0 zephyr/kernel/libkernel.a(mutex.c.obj)
                0x000000000000499c                z_impl_k_mutex_unlock
 .text.z_impl_k_sem_give
                0x0000000000004a3c       0x68 zephyr/kernel/libkernel.a(sem.c.obj)
                0x0000000000004a3c                z_impl_k_sem_give
 .text.z_impl_k_sem_take
                0x0000000000004aa4       0x4c zephyr/kernel/libkernel.a(sem.c.obj)
                0x0000000000004aa4                z_impl_k_sem_take
 .text.z_setup_new_thread
                0x0000000000004af0       0x98 zephyr/kernel/libkernel.a(thread.c.obj)
                0x0000000000004af0                z_setup_new_thread
 .text.z_impl_k_thread_create
                0x0000000000004b88       0x58 zephyr/kernel/libkernel.a(thread.c.obj)
                0x0000000000004b88                z_impl_k_thread_create
 .text.z_swap_irqlock
                0x0000000000004be0       0x30 zephyr/kernel/libkernel.a(sched.c.obj)
 .text.ready_thread
                0x0000000000004c10       0x90 zephyr/kernel/libkernel.a(sched.c.obj)
 .text.unready_thread
                0x0000000000004ca0       0x54 zephyr/kernel/libkernel.a(sched.c.obj)
 .text.move_thread_to_end_of_prio_q
                0x0000000000004cf4       0x90 zephyr/kernel/libkernel.a(sched.c.obj)
                0x0000000000004cf4                move_thread_to_end_of_prio_q
 .text.z_pend_curr
                0x0000000000004d84       0x58 zephyr/kernel/libkernel.a(sched.c.obj)
                0x0000000000004d84                z_pend_curr
 .text.z_thread_prio_set
                0x0000000000004ddc       0x9c zephyr/kernel/libkernel.a(sched.c.obj)
                0x0000000000004ddc                z_thread_prio_set
 .text.z_reschedule
                0x0000000000004e78       0x24 zephyr/kernel/libkernel.a(sched.c.obj)
                0x0000000000004e78                z_reschedule
 .text.z_reschedule_irqlock
                0x0000000000004e9c       0x28 zephyr/kernel/libkernel.a(sched.c.obj)
                0x0000000000004e9c                z_reschedule_irqlock
 .text.k_sched_lock
                0x0000000000004ec4       0x28 zephyr/kernel/libkernel.a(sched.c.obj)
                0x0000000000004ec4                k_sched_lock
 .text.k_sched_unlock
                0x0000000000004eec       0x68 zephyr/kernel/libkernel.a(sched.c.obj)
                0x0000000000004eec                k_sched_unlock
 .text.z_sched_init
                0x0000000000004f54       0x10 zephyr/kernel/libkernel.a(sched.c.obj)
                0x0000000000004f54                z_sched_init
 .text.z_impl_k_yield
                0x0000000000004f64       0x88 zephyr/kernel/libkernel.a(sched.c.obj)
                0x0000000000004f64                z_impl_k_yield
 .text.z_tick_sleep
                0x0000000000004fec       0x80 zephyr/kernel/libkernel.a(sched.c.obj)
 .text.z_impl_k_wakeup
                0x000000000000506c       0x4c zephyr/kernel/libkernel.a(sched.c.obj)
                0x000000000000506c                z_impl_k_wakeup
 .text.z_impl_k_sched_current_thread_query
                0x00000000000050b8        0xc zephyr/kernel/libkernel.a(sched.c.obj)
                0x00000000000050b8                z_impl_k_sched_current_thread_query
 .text.z_thread_abort
                0x00000000000050c4      0x110 zephyr/kernel/libkernel.a(sched.c.obj)
                0x00000000000050c4                z_thread_abort
 .text.slice_timeout
                0x00000000000051d4       0x20 zephyr/kernel/libkernel.a(timeslicing.c.obj)
 .text.thread_is_sliceable
                0x00000000000051f4       0x3c zephyr/kernel/libkernel.a(timeslicing.c.obj)
                0x00000000000051f4                thread_is_sliceable
 .text.z_reset_time_slice
                0x0000000000005230       0x50 zephyr/kernel/libkernel.a(timeslicing.c.obj)
                0x0000000000005230                z_reset_time_slice
 .text.z_time_slice
                0x0000000000005280       0x60 zephyr/kernel/libkernel.a(timeslicing.c.obj)
                0x0000000000005280                z_time_slice
 .text.z_data_copy
                0x00000000000052e0       0x38 zephyr/kernel/libkernel.a(xip.c.obj)
                0x00000000000052e0                z_data_copy
 .text.first    0x0000000000005318       0x10 zephyr/kernel/libkernel.a(timeout.c.obj)
 .text.elapsed  0x0000000000005328       0x14 zephyr/kernel/libkernel.a(timeout.c.obj)
 .text.remove_timeout
                0x000000000000533c       0x38 zephyr/kernel/libkernel.a(timeout.c.obj)
 .text.z_add_timeout
                0x0000000000005374       0xec zephyr/kernel/libkernel.a(timeout.c.obj)
                0x0000000000005374                z_add_timeout
 .text.sys_clock_announce
                0x0000000000005460       0xbc zephyr/kernel/libkernel.a(timeout.c.obj)
                0x0000000000005460                sys_clock_announce
 .text.sys_clock_tick_get
                0x000000000000551c       0x30 zephyr/kernel/libkernel.a(timeout.c.obj)
                0x000000000000551c                sys_clock_tick_get
 .text.z_timer_expiration_handler
                0x000000000000554c       0xe0 zephyr/kernel/libkernel.a(timer.c.obj)
                0x000000000000554c                z_timer_expiration_handler
 .text.z_impl_k_timer_start
                0x000000000000562c       0x74 zephyr/kernel/libkernel.a(timer.c.obj)
                0x000000000000562c                z_impl_k_timer_start
 .text.statics_init
                0x00000000000056a0       0x24 zephyr/kernel/libkernel.a(kheap.c.obj)
 .text.nrf_cc3xx_platform_init_no_rng
                0x00000000000056c4       0x38 C:/ncs/v3.0.1/nrfxlib/crypto/nrf_cc310_platform/lib/cortex-m4/soft-float/no-interrupts/libnrf_cc310_platform_0.9.19.a(nrf_cc3xx_platform.c.obj)
                0x00000000000056c4                nrf_cc3xx_platform_init_no_rng
 .text.nrf_cc3xx_platform_abort
                0x00000000000056fc       0x24 C:/ncs/v3.0.1/nrfxlib/crypto/nrf_cc310_platform/lib/cortex-m4/soft-float/no-interrupts/libnrf_cc310_platform_0.9.19.a(nrf_cc3xx_platform_abort.c.obj)
 .text.CC_PalAbort
                0x0000000000005720       0x34 C:/ncs/v3.0.1/nrfxlib/crypto/nrf_cc310_platform/lib/cortex-m4/soft-float/no-interrupts/libnrf_cc310_platform_0.9.19.a(nrf_cc3xx_platform_abort.c.obj)
                0x0000000000005720                CC_PalAbort
 .text.nrf_cc3xx_platform_set_abort
                0x0000000000005754       0x10 C:/ncs/v3.0.1/nrfxlib/crypto/nrf_cc310_platform/lib/cortex-m4/soft-float/no-interrupts/libnrf_cc310_platform_0.9.19.a(nrf_cc3xx_platform_abort.c.obj)
                0x0000000000005754                nrf_cc3xx_platform_set_abort
 .text.mutex_free
                0x0000000000005764       0x34 C:/ncs/v3.0.1/nrfxlib/crypto/nrf_cc310_platform/lib/cortex-m4/soft-float/no-interrupts/libnrf_cc310_platform_0.9.19.a(nrf_cc3xx_platform_mutex.c.obj)
 .text.mutex_lock
                0x0000000000005798       0x48 C:/ncs/v3.0.1/nrfxlib/crypto/nrf_cc310_platform/lib/cortex-m4/soft-float/no-interrupts/libnrf_cc310_platform_0.9.19.a(nrf_cc3xx_platform_mutex.c.obj)
 .text.mutex_unlock
                0x00000000000057e0       0x38 C:/ncs/v3.0.1/nrfxlib/crypto/nrf_cc310_platform/lib/cortex-m4/soft-float/no-interrupts/libnrf_cc310_platform_0.9.19.a(nrf_cc3xx_platform_mutex.c.obj)
 .text.mutex_init
                0x0000000000005818       0x20 C:/ncs/v3.0.1/nrfxlib/crypto/nrf_cc310_platform/lib/cortex-m4/soft-float/no-interrupts/libnrf_cc310_platform_0.9.19.a(nrf_cc3xx_platform_mutex.c.obj)
 .text.nrf_cc3xx_platform_set_mutexes
                0x0000000000005838       0x74 C:/ncs/v3.0.1/nrfxlib/crypto/nrf_cc310_platform/lib/cortex-m4/soft-float/no-interrupts/libnrf_cc310_platform_0.9.19.a(nrf_cc3xx_platform_mutex.c.obj)
                0x0000000000005838                nrf_cc3xx_platform_set_mutexes
 .text.CC_LibInitNoRng
                0x00000000000058ac       0x64 C:/ncs/v3.0.1/nrfxlib/crypto/nrf_cc310_platform/lib/cortex-m4/soft-float/no-interrupts/libnrf_cc310_platform_0.9.19.a(cc_lib.c.obj)
                0x00000000000058ac                CC_LibInitNoRng
 .text.CC_HalInit
                0x0000000000005910        0x4 C:/ncs/v3.0.1/nrfxlib/crypto/nrf_cc310_platform/lib/cortex-m4/soft-float/no-interrupts/libnrf_cc310_platform_0.9.19.a(cc_hal.c.obj)
                0x0000000000005910                CC_HalInit
 .text.CC_HalTerminate
                0x0000000000005914        0x4 C:/ncs/v3.0.1/nrfxlib/crypto/nrf_cc310_platform/lib/cortex-m4/soft-float/no-interrupts/libnrf_cc310_platform_0.9.19.a(cc_hal.c.obj)
                0x0000000000005914                CC_HalTerminate
 .text.CC_HalMaskInterrupt
                0x0000000000005918        0xc C:/ncs/v3.0.1/nrfxlib/crypto/nrf_cc310_platform/lib/cortex-m4/soft-float/no-interrupts/libnrf_cc310_platform_0.9.19.a(cc_hal.c.obj)
                0x0000000000005918                CC_HalMaskInterrupt
 .text.CC_PalInit
                0x0000000000005924       0x5c C:/ncs/v3.0.1/nrfxlib/crypto/nrf_cc310_platform/lib/cortex-m4/soft-float/no-interrupts/libnrf_cc310_platform_0.9.19.a(cc_pal.c.obj)
                0x0000000000005924                CC_PalInit
 .text.CC_PalTerminate
                0x0000000000005980       0x34 C:/ncs/v3.0.1/nrfxlib/crypto/nrf_cc310_platform/lib/cortex-m4/soft-float/no-interrupts/libnrf_cc310_platform_0.9.19.a(cc_pal.c.obj)
                0x0000000000005980                CC_PalTerminate
 .text.CC_PalDmaInit
                0x00000000000059b4        0x4 C:/ncs/v3.0.1/nrfxlib/crypto/nrf_cc310_platform/lib/cortex-m4/soft-float/no-interrupts/libnrf_cc310_platform_0.9.19.a(cc_pal_dma.c.obj)
                0x00000000000059b4                CC_PalDmaInit
 .text.CC_PalDmaTerminate
                0x00000000000059b8        0x4 C:/ncs/v3.0.1/nrfxlib/crypto/nrf_cc310_platform/lib/cortex-m4/soft-float/no-interrupts/libnrf_cc310_platform_0.9.19.a(cc_pal_dma.c.obj)
                0x00000000000059b8                CC_PalDmaTerminate
 .text.CC_PalMutexCreate
                0x00000000000059bc       0x14 C:/ncs/v3.0.1/nrfxlib/crypto/nrf_cc310_platform/lib/cortex-m4/soft-float/no-interrupts/libnrf_cc310_platform_0.9.19.a(cc_pal_mutex.c.obj)
                0x00000000000059bc                CC_PalMutexCreate
 .text.CC_PalMutexDestroy
                0x00000000000059d0       0x14 C:/ncs/v3.0.1/nrfxlib/crypto/nrf_cc310_platform/lib/cortex-m4/soft-float/no-interrupts/libnrf_cc310_platform_0.9.19.a(cc_pal_mutex.c.obj)
                0x00000000000059d0                CC_PalMutexDestroy
 .text.CC_PalPowerSaveModeInit
                0x00000000000059e4       0x3c C:/ncs/v3.0.1/nrfxlib/crypto/nrf_cc310_platform/lib/cortex-m4/soft-float/no-interrupts/libnrf_cc310_platform_0.9.19.a(cc_pal_pm.c.obj)
                0x00000000000059e4                CC_PalPowerSaveModeInit
 .text.CC_PalPowerSaveModeSelect
                0x0000000000005a20       0x84 C:/ncs/v3.0.1/nrfxlib/crypto/nrf_cc310_platform/lib/cortex-m4/soft-float/no-interrupts/libnrf_cc310_platform_0.9.19.a(cc_pal_pm.c.obj)
                0x0000000000005a20                CC_PalPowerSaveModeSelect
 .text.exit     0x0000000000005aa4       0x1c c:\ncs\toolchains\0b393f9e1b\opt\zephyr-sdk\arm-zephyr-eabi\bin\../lib/gcc/../../picolibc/arm-zephyr-eabi/lib/thumb/v7e-m/nofp\libc.a(libc_stdlib_pico-exit.c.o)
                0x0000000000005aa4                exit
 .text.puts     0x0000000000005ac0       0x40 c:\ncs\toolchains\0b393f9e1b\opt\zephyr-sdk\arm-zephyr-eabi\bin\../lib/gcc/../../picolibc/arm-zephyr-eabi/lib/thumb/v7e-m/nofp\libc.a(libc_tinystdio_puts.c.o)
                0x0000000000005ac0                puts
 .text.snprintf
                0x0000000000005b00       0x58 c:\ncs\toolchains\0b393f9e1b\opt\zephyr-sdk\arm-zephyr-eabi\bin\../lib/gcc/../../picolibc/arm-zephyr-eabi/lib/thumb/v7e-m/nofp\libc.a(libc_tinystdio_snprintf.c.o)
                0x0000000000005b00                snprintf
 .text.strtol   0x0000000000005b58       0xec c:\ncs\toolchains\0b393f9e1b\opt\zephyr-sdk\arm-zephyr-eabi\bin\../lib/gcc/../../picolibc/arm-zephyr-eabi/lib/thumb/v7e-m/nofp\libc.a(libc_tinystdio_strtol.c.o)
                0x0000000000005b58                strtol
 .text.__l_vfprintf
                0x0000000000005c44      0x4b8 c:\ncs\toolchains\0b393f9e1b\opt\zephyr-sdk\arm-zephyr-eabi\bin\../lib/gcc/../../picolibc/arm-zephyr-eabi/lib/thumb/v7e-m/nofp\libc.a(libc_tinystdio_vflprintf.c.o)
                0x0000000000005c44                __l_vfprintf
 .text.__libc_fini_array
                0x00000000000060fc       0x2c c:\ncs\toolchains\0b393f9e1b\opt\zephyr-sdk\arm-zephyr-eabi\bin\../lib/gcc/../../picolibc/arm-zephyr-eabi/lib/thumb/v7e-m/nofp\libc.a(libc_misc_fini.c.o)
                0x00000000000060fc                __libc_fini_array
 .text._OffsetAbsSyms
                0x0000000000006128        0x2 zephyr/CMakeFiles/offsets.dir/./arch/arm/core/offsets/offsets.c.obj
                0x0000000000006128                _OffsetAbsSyms
 .text.ui_thread_func
                0x000000000000612a        0x8 app/libapp.a(main.c.obj)
                0x000000000000612a                ui_thread_func
 .text.actuator_thread_func
                0x0000000000006132        0x6 app/libapp.a(main.c.obj)
                0x0000000000006132                actuator_thread_func
 .text.i2c_write_read.constprop.0
                0x0000000000006138       0x36 app/libapp.a(i2c.c.obj)
 .text.calcChecksum
                0x000000000000616e       0x16 app/libapp.a(cmdproc.c.obj)
                0x000000000000616e                calcChecksum
 .text.gpio_pin_get_dt
                0x0000000000006184       0x2a app/libapp.a(gpio.c.obj)
 .text.gpio_pin_configure_dt.isra.0
                0x00000000000061ae       0x3e app/libapp.a(gpio.c.obj)
 .text.chunk_field
                0x00000000000061ec       0x16 zephyr/libzephyr.a(heap.c.obj)
 .text.chunk_set
                0x0000000000006202       0x16 zephyr/libzephyr.a(heap.c.obj)
 .text.chunk_size
                0x0000000000006218        0xc zephyr/libzephyr.a(heap.c.obj)
 .text.set_chunk_used
                0x0000000000006224       0x30 zephyr/libzephyr.a(heap.c.obj)
 .text.set_chunk_size
                0x0000000000006254        0x8 zephyr/libzephyr.a(heap.c.obj)
 .text.bucket_idx.isra.0
                0x000000000000625c       0x1c zephyr/libzephyr.a(heap.c.obj)
 .text.free_list_add
                0x0000000000006278       0x84 zephyr/libzephyr.a(heap.c.obj)
 .text.sys_heap_init
                0x00000000000062fc       0xb0 zephyr/libzephyr.a(heap.c.obj)
                0x00000000000062fc                sys_heap_init
 .text.arch_printk_char_out
                0x00000000000063ac        0x4 zephyr/libzephyr.a(printk.c.obj)
                0x00000000000063ac                arch_printk_char_out
 .text.printk   0x00000000000063b0       0x1a zephyr/libzephyr.a(printk.c.obj)
                0x00000000000063b0                printk
 .text.process_recheck
                0x00000000000063ca       0x38 zephyr/libzephyr.a(onoff.c.obj)
 .text.validate_args
                0x0000000000006402       0x20 zephyr/libzephyr.a(onoff.c.obj)
 .text.notify_one
                0x0000000000006422       0x2c zephyr/libzephyr.a(onoff.c.obj)
 .text.transition_complete
                0x000000000000644e       0x1a zephyr/libzephyr.a(onoff.c.obj)
 .text.onoff_manager_init
                0x0000000000006468       0x26 zephyr/libzephyr.a(onoff.c.obj)
                0x0000000000006468                onoff_manager_init
 .text.onoff_request
                0x000000000000648e       0xae zephyr/libzephyr.a(onoff.c.obj)
                0x000000000000648e                onoff_request
 .text.sys_notify_validate
                0x000000000000653c       0x22 zephyr/libzephyr.a(notify.c.obj)
                0x000000000000653c                sys_notify_validate
 .text.sys_notify_finalize
                0x000000000000655e       0x1a zephyr/libzephyr.a(notify.c.obj)
                0x000000000000655e                sys_notify_finalize
 .text._ConfigAbsSyms
                0x0000000000006578        0x2 zephyr/libzephyr.a(configs.c.obj)
                0x0000000000006578                _ConfigAbsSyms
 .text.abort_function
                0x000000000000657a        0x2 zephyr/libzephyr.a(nrf_cc3xx_platform_abort_zephyr.c.obj)
 .text.z_arm_fatal_error
                0x000000000000657c        0xc zephyr/arch/arch/arm/core/libarch__arm__core.a(fatal.c.obj)
                0x000000000000657c                z_arm_fatal_error
 .text.z_do_kernel_oops
                0x0000000000006588        0x8 zephyr/arch/arch/arm/core/libarch__arm__core.a(fatal.c.obj)
                0x0000000000006588                z_do_kernel_oops
 .text.z_arm_nmi
                0x0000000000006590        0xe zephyr/arch/arch/arm/core/libarch__arm__core.a(nmi.c.obj)
                0x0000000000006590                z_arm_nmi
 .text.z_irq_spurious
                0x000000000000659e        0x8 zephyr/arch/arch/arm/core/cortex_m/libarch__arm__core__cortex_m.a(irq_manage.c.obj)
                0x000000000000659e                z_irq_spurious
 .text.arch_irq_unlock_outlined
                0x00000000000065a6        0xe zephyr/arch/arch/arm/core/cortex_m/libarch__arm__core__cortex_m.a(thread.c.obj)
                0x00000000000065a6                arch_irq_unlock_outlined
 .text.arch_cpu_idle
                0x00000000000065b4       0x1a zephyr/arch/arch/arm/core/cortex_m/libarch__arm__core__cortex_m.a(cpu_idle.c.obj)
                0x00000000000065b4                arch_cpu_idle
 .text.arch_cpu_atomic_idle
                0x00000000000065ce       0x1e zephyr/arch/arch/arm/core/cortex_m/libarch__arm__core__cortex_m.a(cpu_idle.c.obj)
                0x00000000000065ce                arch_cpu_atomic_idle
 .text.size_to_mpu_rasr_size
                0x00000000000065ec       0x20 zephyr/arch/arch/arm/core/mpu/libarch__arm__core__mpu.a(arm_mpu.c.obj)
 .text.picolibc_put
                0x000000000000660c        0xa zephyr/lib/libc/picolibc/liblib__libc__picolibc.a(stdio.c.obj)
 .text.get_status
                0x0000000000006616       0x12 zephyr/drivers/clock_control/libdrivers__clock_control.a(clock_control_nrf.c.obj)
 .text.stop     0x0000000000006628       0x52 zephyr/drivers/clock_control/libdrivers__clock_control.a(clock_control_nrf.c.obj)
 .text.api_stop
                0x000000000000667a        0x6 zephyr/drivers/clock_control/libdrivers__clock_control.a(clock_control_nrf.c.obj)
 .text.async_start
                0x0000000000006680       0x5c zephyr/drivers/clock_control/libdrivers__clock_control.a(clock_control_nrf.c.obj)
 .text.api_start
                0x00000000000066dc        0xe zephyr/drivers/clock_control/libdrivers__clock_control.a(clock_control_nrf.c.obj)
 .text.onoff_started_callback
                0x00000000000066ea       0x12 zephyr/drivers/clock_control/libdrivers__clock_control.a(clock_control_nrf.c.obj)
 .text.lfclk_start
                0x00000000000066fc        0x6 zephyr/drivers/clock_control/libdrivers__clock_control.a(clock_control_nrf.c.obj)
 .text.lfclk_stop
                0x0000000000006702        0x6 zephyr/drivers/clock_control/libdrivers__clock_control.a(clock_control_nrf.c.obj)
 .text.blocking_start_callback
                0x0000000000006708        0x6 zephyr/drivers/clock_control/libdrivers__clock_control.a(clock_control_nrf.c.obj)
 .text.gpio_nrfx_port_get_raw
                0x000000000000670e        0xe zephyr/drivers/gpio/libdrivers__gpio.a(gpio_nrfx.c.obj)
 .text.gpio_nrfx_port_set_masked_raw
                0x000000000000671c       0x18 zephyr/drivers/gpio/libdrivers__gpio.a(gpio_nrfx.c.obj)
 .text.gpio_nrfx_port_set_bits_raw
                0x0000000000006734        0xc zephyr/drivers/gpio/libdrivers__gpio.a(gpio_nrfx.c.obj)
 .text.gpio_nrfx_port_clear_bits_raw
                0x0000000000006740        0xc zephyr/drivers/gpio/libdrivers__gpio.a(gpio_nrfx.c.obj)
 .text.gpio_nrfx_port_toggle_bits
                0x000000000000674c       0x1a zephyr/drivers/gpio/libdrivers__gpio.a(gpio_nrfx.c.obj)
 .text.gpio_nrfx_manage_callback
                0x0000000000006766       0x52 zephyr/drivers/gpio/libdrivers__gpio.a(gpio_nrfx.c.obj)
 .text.twi_0_init
                0x00000000000067b8       0x40 zephyr/drivers/i2c/libdrivers__i2c.a(i2c_nrfx_twi.c.obj)
 .text.i2c_nrfx_twi_configure
                0x00000000000067f8       0x32 zephyr/drivers/i2c/libdrivers__i2c.a(i2c_nrfx_twi_common.c.obj)
                0x00000000000067f8                i2c_nrfx_twi_configure
 .text.pinctrl_lookup_state
                0x000000000000682a       0x26 zephyr/drivers/pinctrl/libdrivers__pinctrl.a(common.c.obj)
                0x000000000000682a                pinctrl_lookup_state
 .text.pwm_handler
                0x0000000000006850        0x2 zephyr/drivers/pwm/libdrivers__pwm.a(pwm_nrfx.c.obj)
 .text.pwm_nrfx_get_cycles_per_sec
                0x0000000000006852        0xc zephyr/drivers/pwm/libdrivers__pwm.a(pwm_nrfx.c.obj)
 .text.pwm_nrfx_set_cycles
                0x000000000000685e      0x130 zephyr/drivers/pwm/libdrivers__pwm.a(pwm_nrfx.c.obj)
 .text.pwm_nrfx_init0
                0x000000000000698e       0x18 zephyr/drivers/pwm/libdrivers__pwm.a(pwm_nrfx.c.obj)
 .text.pwm_nrfx_init1
                0x00000000000069a6       0x18 zephyr/drivers/pwm/libdrivers__pwm.a(pwm_nrfx.c.obj)
 .text.uarte_nrfx_err_check
                0x00000000000069be        0xe zephyr/drivers/serial/libdrivers__serial.a(uart_nrfx_uarte.c.obj)
 .text.user_callback
                0x00000000000069cc        0xe zephyr/drivers/serial/libdrivers__serial.a(uart_nrfx_uarte.c.obj)
 .text.notify_uart_rx_rdy
                0x00000000000069da       0x34 zephyr/drivers/serial/libdrivers__serial.a(uart_nrfx_uarte.c.obj)
 .text.rx_buf_release
                0x0000000000006a0e       0x28 zephyr/drivers/serial/libdrivers__serial.a(uart_nrfx_uarte.c.obj)
 .text.notify_rx_disable
                0x0000000000006a36       0x22 zephyr/drivers/serial/libdrivers__serial.a(uart_nrfx_uarte.c.obj)
 .text.uarte_nrfx_rx_buf_rsp
                0x0000000000006a58       0x56 zephyr/drivers/serial/libdrivers__serial.a(uart_nrfx_uarte.c.obj)
 .text.uarte_nrfx_callback_set
                0x0000000000006aae       0x16 zephyr/drivers/serial/libdrivers__serial.a(uart_nrfx_uarte.c.obj)
 .text.uarte_nrfx_poll_in
                0x0000000000006ac4       0x32 zephyr/drivers/serial/libdrivers__serial.a(uart_nrfx_uarte.c.obj)
 .text.uarte_nrfx_rx_disable
                0x0000000000006af6       0x5c zephyr/drivers/serial/libdrivers__serial.a(uart_nrfx_uarte.c.obj)
 .text.setup_tx_cache
                0x0000000000006b52       0x3e zephyr/drivers/serial/libdrivers__serial.a(uart_nrfx_uarte.c.obj)
 .text.is_tx_ready.isra.0
                0x0000000000006b90       0x20 zephyr/drivers/serial/libdrivers__serial.a(uart_nrfx_uarte.c.obj)
 .text.tx_start
                0x0000000000006bb0       0x44 zephyr/drivers/serial/libdrivers__serial.a(uart_nrfx_uarte.c.obj)
 .text.start_tx_locked
                0x0000000000006bf4       0x42 zephyr/drivers/serial/libdrivers__serial.a(uart_nrfx_uarte.c.obj)
 .text.rx_timeout
                0x0000000000006c36       0x44 zephyr/drivers/serial/libdrivers__serial.a(uart_nrfx_uarte.c.obj)
 .text.uarte_nrfx_isr_async
                0x0000000000006c7a      0x428 zephyr/drivers/serial/libdrivers__serial.a(uart_nrfx_uarte.c.obj)
 .text.uarte_nrfx_tx_abort
                0x00000000000070a2       0x2c zephyr/drivers/serial/libdrivers__serial.a(uart_nrfx_uarte.c.obj)
 .text.tx_timeout
                0x00000000000070ce        0x6 zephyr/drivers/serial/libdrivers__serial.a(uart_nrfx_uarte.c.obj)
 .text.event_clear
                0x00000000000070d4       0x18 zephyr/drivers/timer/libdrivers__timer.a(nrf_rtc_timer.c.obj)
 .text.hw_cc3xx_init_internal
                0x00000000000070ec        0x4 modules/nrf/drivers/hw_cc3xx/lib..__nrf__drivers__hw_cc3xx.a(hw_cc3xx.c.obj)
 .text.hw_cc3xx_init
                0x00000000000070f0       0x12 modules/nrf/drivers/hw_cc3xx/lib..__nrf__drivers__hw_cc3xx.a(hw_cc3xx.c.obj)
 .text.nrfx_isr
                0x0000000000007102        0x2 modules/hal_nordic/modules/hal_nordic/nrfx/libmodules__hal_nordic__nrfx.a(nrfx_glue.c.obj)
                0x0000000000007102                nrfx_isr
 .text.nrfx_busy_wait
                0x0000000000007104        0x4 modules/hal_nordic/modules/hal_nordic/nrfx/libmodules__hal_nordic__nrfx.a(nrfx_glue.c.obj)
                0x0000000000007104                nrfx_busy_wait
 .text.nrfx_gppi_channel_endpoints_setup
                0x0000000000007108       0x14 modules/hal_nordic/modules/hal_nordic/nrfx/libmodules__hal_nordic__nrfx.a(nrfx_gppi_ppi.c.obj)
                0x0000000000007108                nrfx_gppi_channel_endpoints_setup
 .text.nrfx_gppi_channel_alloc
                0x000000000000711c        0x4 modules/hal_nordic/modules/hal_nordic/nrfx/libmodules__hal_nordic__nrfx.a(nrfx_gppi_ppi.c.obj)
                0x000000000000711c                nrfx_gppi_channel_alloc
 .text.nrfx_clock_stop
                0x0000000000007120        0x4 modules/hal_nordic/modules/hal_nordic/nrfx/libmodules__hal_nordic__nrfx.a(nrfx_clock.c.obj)
                0x0000000000007120                nrfx_clock_stop
 .text.nrf_gpio_reconfigure
                0x0000000000007124       0x92 modules/hal_nordic/modules/hal_nordic/nrfx/libmodules__hal_nordic__nrfx.a(nrfx_gpiote.c.obj)
 .text.nrf_gpio_cfg_sense_set
                0x00000000000071b6       0x1e modules/hal_nordic/modules/hal_nordic/nrfx/libmodules__hal_nordic__nrfx.a(nrfx_gpiote.c.obj)
 .text.pin_trigger_disable
                0x00000000000071d4       0x48 modules/hal_nordic/modules/hal_nordic/nrfx/libmodules__hal_nordic__nrfx.a(nrfx_gpiote.c.obj)
 .text.nrfx_gpiote_pin_uninit
                0x000000000000721c        0x4 modules/hal_nordic/modules/hal_nordic/nrfx/libmodules__hal_nordic__nrfx.a(nrfx_gpiote.c.obj)
                0x000000000000721c                nrfx_gpiote_pin_uninit
 .text.nrfx_gpiote_trigger_disable
                0x0000000000007220        0x4 modules/hal_nordic/modules/hal_nordic/nrfx/libmodules__hal_nordic__nrfx.a(nrfx_gpiote.c.obj)
                0x0000000000007220                nrfx_gpiote_trigger_disable
 .text.start_playback
                0x0000000000007224       0x48 modules/hal_nordic/modules/hal_nordic/nrfx/libmodules__hal_nordic__nrfx.a(nrfx_pwm.c.obj)
 .text.__nrfy_internal_pwm_event_handle.isra.0
                0x000000000000726c       0x22 modules/hal_nordic/modules/hal_nordic/nrfx/libmodules__hal_nordic__nrfx.a(nrfx_pwm.c.obj)
 .text.__nrfy_internal_pwm_events_process
                0x000000000000728e       0x54 modules/hal_nordic/modules/hal_nordic/nrfx/libmodules__hal_nordic__nrfx.a(nrfx_pwm.c.obj)
 .text.irq_handler
                0x00000000000072e2       0x68 modules/hal_nordic/modules/hal_nordic/nrfx/libmodules__hal_nordic__nrfx.a(nrfx_pwm.c.obj)
 .text.nrfx_pwm_stopped_check
                0x000000000000734a        0x4 modules/hal_nordic/modules/hal_nordic/nrfx/libmodules__hal_nordic__nrfx.a(nrfx_pwm.c.obj)
                0x000000000000734a                nrfx_pwm_stopped_check
 .text.twi_transfer
                0x000000000000734e      0x130 modules/hal_nordic/modules/hal_nordic/nrfx/libmodules__hal_nordic__nrfx.a(nrfx_twi.c.obj)
 .text.nrf_gpio_pin_set
                0x000000000000747e       0x1a modules/hal_nordic/modules/hal_nordic/nrfx/libmodules__hal_nordic__nrfx.a(nrfx_twi_twim.c.obj)
 .text.rtt_init
                0x0000000000007498        0xa modules/segger/libmodules__segger.a(SEGGER_RTT_zephyr.c.obj)
 .text.z_impl_k_busy_wait
                0x00000000000074a2        0x8 zephyr/kernel/libkernel.a(busy_wait.c.obj)
                0x00000000000074a2                z_impl_k_busy_wait
 .text.z_device_state_init
                0x00000000000074aa        0x2 zephyr/kernel/libkernel.a(device.c.obj)
                0x00000000000074aa                z_device_state_init
 .text.z_impl_device_is_ready
                0x00000000000074ac       0x16 zephyr/kernel/libkernel.a(device.c.obj)
                0x00000000000074ac                z_impl_device_is_ready
 .text.arch_system_halt
                0x00000000000074c2       0x10 zephyr/kernel/libkernel.a(fatal.c.obj)
                0x00000000000074c2                arch_system_halt
 .text.k_sys_fatal_error_handler
                0x00000000000074d2        0x6 zephyr/kernel/libkernel.a(fatal.c.obj)
                0x00000000000074d2                k_sys_fatal_error_handler
 .text.do_device_init
                0x00000000000074d8       0x30 zephyr/kernel/libkernel.a(init.c.obj)
 .text.z_early_memset
                0x0000000000007508        0x4 zephyr/kernel/libkernel.a(init.c.obj)
                0x0000000000007508                z_early_memset
 .text.z_early_memcpy
                0x000000000000750c        0x4 zephyr/kernel/libkernel.a(init.c.obj)
                0x000000000000750c                z_early_memcpy
 .text.z_init_static
                0x0000000000007510        0x2 zephyr/kernel/libkernel.a(init_static.c.obj)
                0x0000000000007510                z_init_static
 .text.create_free_list
                0x0000000000007512       0x34 zephyr/kernel/libkernel.a(mem_slab.c.obj)
 .text.k_mem_slab_init
                0x0000000000007546       0x1c zephyr/kernel/libkernel.a(mem_slab.c.obj)
                0x0000000000007546                k_mem_slab_init
 .text.k_mem_slab_free
                0x0000000000007562       0x6e zephyr/kernel/libkernel.a(mem_slab.c.obj)
                0x0000000000007562                k_mem_slab_free
 .text.idle     0x00000000000075d0       0x16 zephyr/kernel/libkernel.a(idle.c.obj)
                0x00000000000075d0                idle
 .text.unpend_thread_no_timeout
                0x00000000000075e6       0x1a zephyr/kernel/libkernel.a(msg_q.c.obj)
 .text.adjust_owner_prio.isra.0
                0x0000000000007600       0x10 zephyr/kernel/libkernel.a(mutex.c.obj)
 .text.z_impl_k_mutex_init
                0x0000000000007610        0xe zephyr/kernel/libkernel.a(mutex.c.obj)
                0x0000000000007610                z_impl_k_mutex_init
 .text.z_impl_k_sem_init
                0x000000000000761e       0x18 zephyr/kernel/libkernel.a(sem.c.obj)
                0x000000000000761e                z_impl_k_sem_init
 .text.k_is_in_isr
                0x0000000000007636        0xc zephyr/kernel/libkernel.a(thread.c.obj)
                0x0000000000007636                k_is_in_isr
 .text.sys_dlist_remove
                0x0000000000007642       0x10 zephyr/kernel/libkernel.a(sched.c.obj)
 .text.unpend_thread_no_timeout
                0x0000000000007652       0x14 zephyr/kernel/libkernel.a(sched.c.obj)
 .text.add_to_waitq_locked
                0x0000000000007666       0x50 zephyr/kernel/libkernel.a(sched.c.obj)
 .text.z_ready_thread
                0x00000000000076b6       0x1e zephyr/kernel/libkernel.a(sched.c.obj)
                0x00000000000076b6                z_ready_thread
 .text.z_unpend_thread_no_timeout
                0x00000000000076d4       0x22 zephyr/kernel/libkernel.a(sched.c.obj)
                0x00000000000076d4                z_unpend_thread_no_timeout
 .text.z_sched_wake_thread
                0x00000000000076f6       0x3a zephyr/kernel/libkernel.a(sched.c.obj)
                0x00000000000076f6                z_sched_wake_thread
 .text.z_thread_timeout
                0x0000000000007730        0x8 zephyr/kernel/libkernel.a(sched.c.obj)
                0x0000000000007730                z_thread_timeout
 .text.z_unpend1_no_timeout
                0x0000000000007738       0x2c zephyr/kernel/libkernel.a(sched.c.obj)
                0x0000000000007738                z_unpend1_no_timeout
 .text.z_impl_k_sleep
                0x0000000000007764       0x32 zephyr/kernel/libkernel.a(sched.c.obj)
                0x0000000000007764                z_impl_k_sleep
 .text.next_timeout
                0x0000000000007796       0x32 zephyr/kernel/libkernel.a(timeout.c.obj)
 .text.z_abort_timeout
                0x00000000000077c8       0x42 zephyr/kernel/libkernel.a(timeout.c.obj)
                0x00000000000077c8                z_abort_timeout
 .text.sys_clock_tick_get_32
                0x000000000000780a        0x8 zephyr/kernel/libkernel.a(timeout.c.obj)
                0x000000000000780a                sys_clock_tick_get_32
 .text.z_impl_k_uptime_ticks
                0x0000000000007812        0x4 zephyr/kernel/libkernel.a(timeout.c.obj)
                0x0000000000007812                z_impl_k_uptime_ticks
 .text.k_timer_init
                0x0000000000007816       0x18 zephyr/kernel/libkernel.a(timer.c.obj)
                0x0000000000007816                k_timer_init
 .text.z_impl_k_timer_stop
                0x000000000000782e       0x38 zephyr/kernel/libkernel.a(timer.c.obj)
                0x000000000000782e                z_impl_k_timer_stop
 .text.k_heap_init
                0x0000000000007866       0x10 zephyr/kernel/libkernel.a(kheap.c.obj)
                0x0000000000007866                k_heap_init
 .text.memcpy   0x0000000000007876       0x1c c:\ncs\toolchains\0b393f9e1b\opt\zephyr-sdk\arm-zephyr-eabi\bin\../lib/gcc/../../picolibc/arm-zephyr-eabi/lib/thumb/v7e-m/nofp\libc.a(memcpy.c.o)
                0x0000000000007876                __aeabi_memcpy
                0x0000000000007876                __aeabi_memcpy4
                0x0000000000007876                __aeabi_memcpy8
                0x0000000000007876                memcpy
 .text.memmove  0x0000000000007892       0x34 c:\ncs\toolchains\0b393f9e1b\opt\zephyr-sdk\arm-zephyr-eabi\bin\../lib/gcc/../../picolibc/arm-zephyr-eabi/lib/thumb/v7e-m/nofp\libc.a(memmove.c.o)
                0x0000000000007892                __aeabi_memmove8
                0x0000000000007892                __aeabi_memmove
                0x0000000000007892                __aeabi_memmove4
                0x0000000000007892                memmove
 .text.memset   0x00000000000078c6       0x10 c:\ncs\toolchains\0b393f9e1b\opt\zephyr-sdk\arm-zephyr-eabi\bin\../lib/gcc/../../picolibc/arm-zephyr-eabi/lib/thumb/v7e-m/nofp\libc.a(memset.c.o)
                0x00000000000078c6                memset
 .text.atoi     0x00000000000078d6        0x8 c:\ncs\toolchains\0b393f9e1b\opt\zephyr-sdk\arm-zephyr-eabi\bin\../lib/gcc/../../picolibc/arm-zephyr-eabi/lib/thumb/v7e-m/nofp\libc.a(libc_stdlib_atoi.c.o)
                0x00000000000078d6                atoi
 .text.strnlen  0x00000000000078de       0x18 c:\ncs\toolchains\0b393f9e1b\opt\zephyr-sdk\arm-zephyr-eabi\bin\../lib/gcc/../../picolibc/arm-zephyr-eabi/lib/thumb/v7e-m/nofp\libc.a(libc_string_strnlen.c.o)
                0x00000000000078de                strnlen
 .text.__ultoa_invert
                0x00000000000078f6       0xae c:\ncs\toolchains\0b393f9e1b\opt\zephyr-sdk\arm-zephyr-eabi\bin\../lib/gcc/../../picolibc/arm-zephyr-eabi/lib/thumb/v7e-m/nofp\libc.a(libc_tinystdio_vflprintf.c.o)
 .text.__file_str_put
                0x00000000000079a4       0x10 c:\ncs\toolchains\0b393f9e1b\opt\zephyr-sdk\arm-zephyr-eabi\bin\../lib/gcc/../../picolibc/arm-zephyr-eabi/lib/thumb/v7e-m/nofp\libc.a(libc_tinystdio_filestrput.c.o)
                0x00000000000079a4                __file_str_put
 *(SORT_BY_ALIGNMENT(.TEXT.*))
 .TEXT.__aeabi_read_tp
                0x00000000000079b4        0xc zephyr/arch/arch/arm/core/cortex_m/libarch__arm__core__cortex_m.a(__aeabi_read_tp.S.obj)
                0x00000000000079b4                __aeabi_read_tp
 *(SORT_BY_ALIGNMENT(.gnu.linkonce.t.*))
 *(SORT_BY_ALIGNMENT(.glue_7t))
 .glue_7t       0x00000000000079c0        0x0 linker stubs
 *(SORT_BY_ALIGNMENT(.glue_7))
 .glue_7        0x00000000000079c0        0x0 linker stubs
 *(SORT_BY_ALIGNMENT(.vfp11_veneer))
 .vfp11_veneer  0x00000000000079c0        0x0 linker stubs
 *(SORT_BY_ALIGNMENT(.v4_bx))
 .v4_bx         0x00000000000079c0        0x0 linker stubs
                0x00000000000079c0                . = ALIGN (0x4)
                0x00000000000079c0                __text_region_end = .

.ARM.exidx      0x00000000000079c0        0x8
                0x00000000000079c0                __exidx_start = .
 *(SORT_BY_ALIGNMENT(.ARM.exidx*) SORT_BY_ALIGNMENT(gnu.linkonce.armexidx.*))
 .ARM.exidx     0x00000000000079c0        0x8 c:\ncs\toolchains\0b393f9e1b\opt\zephyr-sdk\arm-zephyr-eabi\bin\../lib/gcc/../../picolibc/arm-zephyr-eabi/lib/thumb/v7e-m/nofp\libc.a(strlen.S.o)
 .ARM.exidx     0x00000000000079c8        0x0 c:/ncs/toolchains/0b393f9e1b/opt/zephyr-sdk/arm-zephyr-eabi/bin/../lib/gcc/arm-zephyr-eabi/12.2.0/thumb/v7e-m/nofp\libgcc.a(_udivmoddi4.o)
                                          0x8 (size before relaxing)
                0x00000000000079c8                __exidx_end = .
                0x00000000000079c8                __rodata_region_start = .

initlevel       0x00000000000079c8       0x80
                0x00000000000079c8                __init_start = .
                0x00000000000079c8                __init_EARLY_start = .
 *(SORT_BY_NAME(SORT_BY_ALIGNMENT(.z_init_EARLY?_*)))
 *(SORT_BY_NAME(SORT_BY_ALIGNMENT(.z_init_EARLY??_*)))
                0x00000000000079c8                __init_PRE_KERNEL_1_start = .
 *(SORT_BY_NAME(SORT_BY_ALIGNMENT(.z_init_PRE_KERNEL_1?_*)))
 .z_init_PRE_KERNEL_10_0_
                0x00000000000079c8        0x8 zephyr/soc/soc/nrf52840/libsoc__nordic.a(soc.c.obj)
 *(SORT_BY_NAME(SORT_BY_ALIGNMENT(.z_init_PRE_KERNEL_1??_*)))
 .z_init_PRE_KERNEL_130_00083_
                0x00000000000079d0        0x8 zephyr/drivers/clock_control/libdrivers__clock_control.a(clock_control_nrf.c.obj)
 .z_init_PRE_KERNEL_130_0_
                0x00000000000079d8        0x8 modules/segger/libmodules__segger.a(SEGGER_RTT_zephyr.c.obj)
 .z_init_PRE_KERNEL_130_0_
                0x00000000000079e0        0x8 zephyr/kernel/libkernel.a(mem_slab.c.obj)
 .z_init_PRE_KERNEL_130_0_
                0x00000000000079e8        0x8 zephyr/kernel/libkernel.a(kheap.c.obj)
 .z_init_PRE_KERNEL_140_00011_
                0x00000000000079f0        0x8 zephyr/drivers/gpio/libdrivers__gpio.a(gpio_nrfx.c.obj)
 .z_init_PRE_KERNEL_140_00111_
                0x00000000000079f8        0x8 zephyr/drivers/gpio/libdrivers__gpio.a(gpio_nrfx.c.obj)
 .z_init_PRE_KERNEL_140_0_
                0x0000000000007a00        0x8 modules/nrf/drivers/hw_cc3xx/lib..__nrf__drivers__hw_cc3xx.a(hw_cc3xx.c.obj)
 .z_init_PRE_KERNEL_150_00119_
                0x0000000000007a08        0x8 zephyr/drivers/serial/libdrivers__serial.a(uart_nrfx_uarte.c.obj)
 .z_init_PRE_KERNEL_160_0_
                0x0000000000007a10        0x8 zephyr/drivers/console/libdrivers__console.a(uart_console.c.obj)
                0x0000000000007a18                __init_PRE_KERNEL_2_start = .
 *(SORT_BY_NAME(SORT_BY_ALIGNMENT(.z_init_PRE_KERNEL_2?_*)))
 .z_init_PRE_KERNEL_20_0_
                0x0000000000007a18        0x8 zephyr/drivers/timer/libdrivers__timer.a(nrf_rtc_timer.c.obj)
 *(SORT_BY_NAME(SORT_BY_ALIGNMENT(.z_init_PRE_KERNEL_2??_*)))
                0x0000000000007a20                __init_POST_KERNEL_start = .
 *(SORT_BY_NAME(SORT_BY_ALIGNMENT(.z_init_POST_KERNEL?_*)))
 *(SORT_BY_NAME(SORT_BY_ALIGNMENT(.z_init_POST_KERNEL??_*)))
 .z_init_POST_KERNEL35_0_
                0x0000000000007a20        0x8 zephyr/lib/libc/common/liblib__libc__common.a(malloc.c.obj)
 .z_init_POST_KERNEL40_0_
                0x0000000000007a28        0x8 modules/nrf/drivers/hw_cc3xx/lib..__nrf__drivers__hw_cc3xx.a(hw_cc3xx.c.obj)
 .z_init_POST_KERNEL50_00075_
                0x0000000000007a30        0x8 zephyr/drivers/pwm/libdrivers__pwm.a(pwm_nrfx.c.obj)
 .z_init_POST_KERNEL50_00076_
                0x0000000000007a38        0x8 zephyr/drivers/pwm/libdrivers__pwm.a(pwm_nrfx.c.obj)
 .z_init_POST_KERNEL50_00131_
                0x0000000000007a40        0x8 zephyr/drivers/i2c/libdrivers__i2c.a(i2c_nrfx_twi.c.obj)
                0x0000000000007a48                __init_APPLICATION_start = .
 *(SORT_BY_NAME(SORT_BY_ALIGNMENT(.z_init_APPLICATION?_*)))
 *(SORT_BY_NAME(SORT_BY_ALIGNMENT(.z_init_APPLICATION??_*)))
                0x0000000000007a48                __init_SMP_start = .
 *(SORT_BY_NAME(SORT_BY_ALIGNMENT(.z_init_SMP?_*)))
 *(SORT_BY_NAME(SORT_BY_ALIGNMENT(.z_init_SMP??_*)))
                0x0000000000007a48                __init_end = .
                0x0000000000007a48                __deferred_init_list_start = .
 *(SORT_BY_ALIGNMENT(.z_deferred_init*))
                0x0000000000007a48                __deferred_init_list_end = .

device_area     0x0000000000007a48       0x8c
                0x0000000000007a48                _device_list_start = .
 *(SORT_BY_NAME(SORT_BY_ALIGNMENT(._device.static.*_?_*)))
 *(SORT_BY_NAME(SORT_BY_ALIGNMENT(._device.static.*_??_*)))
 ._device.static.1_30_
                0x0000000000007a48       0x14 zephyr/drivers/clock_control/libdrivers__clock_control.a(clock_control_nrf.c.obj)
                0x0000000000007a48                __device_dts_ord_83
 ._device.static.1_40_
                0x0000000000007a5c       0x28 zephyr/drivers/gpio/libdrivers__gpio.a(gpio_nrfx.c.obj)
                0x0000000000007a5c                __device_dts_ord_111
                0x0000000000007a70                __device_dts_ord_11
 ._device.static.1_50_
                0x0000000000007a84       0x14 zephyr/drivers/serial/libdrivers__serial.a(uart_nrfx_uarte.c.obj)
                0x0000000000007a84                __device_dts_ord_119
 ._device.static.3_50_
                0x0000000000007a98       0x14 zephyr/drivers/i2c/libdrivers__i2c.a(i2c_nrfx_twi.c.obj)
                0x0000000000007a98                __device_dts_ord_131
 ._device.static.3_50_
                0x0000000000007aac       0x28 zephyr/drivers/pwm/libdrivers__pwm.a(pwm_nrfx.c.obj)
                0x0000000000007aac                __device_dts_ord_76
                0x0000000000007ac0                __device_dts_ord_75
                0x0000000000007ad4                _device_list_end = .

sw_isr_table    0x0000000000007ad4      0x180
                0x0000000000007ad4                . = ALIGN (0x4)
 *(SORT_BY_ALIGNMENT(.gnu.linkonce.sw_isr_table*))
 .gnu.linkonce.sw_isr_table
                0x0000000000007ad4      0x180 zephyr/CMakeFiles/zephyr_final.dir/isr_tables.c.obj
                0x0000000000007ad4                _sw_isr_table

initlevel_error
                0x00000000000079c8        0x0
 *(SORT_BY_NAME(SORT_BY_ALIGNMENT(.z_init_[_A-Z0-9]*)))
                0x0000000000000001                ASSERT ((SIZEOF (initlevel_error) == 0x0), Undefined initialization levels used.)

app_shmem_regions
                0x0000000000007c54        0x0
                0x0000000000007c54                __app_shmem_regions_start = .
 *(SORT_BY_NAME(SORT_BY_ALIGNMENT(.app_regions.*)))
                0x0000000000007c54                __app_shmem_regions_end = .

k_p4wq_initparam_area
                0x0000000000007c54        0x0
                0x0000000000007c54                _k_p4wq_initparam_list_start = .
 *(SORT_BY_NAME(SORT_BY_ALIGNMENT(._k_p4wq_initparam.static.*)))
                0x0000000000007c54                _k_p4wq_initparam_list_end = .

_static_thread_data_area
                0x0000000000007c54        0x0
                0x0000000000007c54                __static_thread_data_list_start = .
 *(SORT_BY_NAME(SORT_BY_ALIGNMENT(.__static_thread_data.static.*)))
                0x0000000000007c54                __static_thread_data_list_end = .

device_deps     0x0000000000007c54        0x0
                0x0000000000007c54                __device_deps_start = .
 *(SORT_BY_NAME(SORT_BY_ALIGNMENT(.__device_deps_pass2*)))
                0x0000000000007c54                __device_deps_end = .

gpio_driver_api_area
                0x0000000000007c54       0x24
                0x0000000000007c54                _gpio_driver_api_list_start = .
 *(SORT_BY_NAME(SORT_BY_ALIGNMENT(._gpio_driver_api.static.*)))
 ._gpio_driver_api.static.gpio_nrfx_drv_api_funcs_
                0x0000000000007c54       0x24 zephyr/drivers/gpio/libdrivers__gpio.a(gpio_nrfx.c.obj)
                0x0000000000007c78                _gpio_driver_api_list_end = .

i2c_driver_api_area
                0x0000000000007c78       0x18
                0x0000000000007c78                _i2c_driver_api_list_start = .
 *(SORT_BY_NAME(SORT_BY_ALIGNMENT(._i2c_driver_api.static.*)))
 ._i2c_driver_api.static.i2c_nrfx_twi_driver_api_
                0x0000000000007c78       0x18 zephyr/drivers/i2c/libdrivers__i2c.a(i2c_nrfx_twi.c.obj)
                0x0000000000007c90                _i2c_driver_api_list_end = .

i2c_target_driver_api_area
                0x0000000000007c90        0x0
                0x0000000000007c90                _i2c_target_driver_api_list_start = .
 *(SORT_BY_NAME(SORT_BY_ALIGNMENT(._i2c_target_driver_api.static.*)))
                0x0000000000007c90                _i2c_target_driver_api_list_end = .

pwm_driver_api_area
                0x0000000000007c90        0x8
                0x0000000000007c90                _pwm_driver_api_list_start = .
 *(SORT_BY_NAME(SORT_BY_ALIGNMENT(._pwm_driver_api.static.*)))
 ._pwm_driver_api.static.pwm_nrfx_drv_api_funcs_
                0x0000000000007c90        0x8 zephyr/drivers/pwm/libdrivers__pwm.a(pwm_nrfx.c.obj)
                0x0000000000007c98                _pwm_driver_api_list_end = .

shared_irq_driver_api_area
                0x0000000000007c98        0x0
                0x0000000000007c98                _shared_irq_driver_api_list_start = .
 *(SORT_BY_NAME(SORT_BY_ALIGNMENT(._shared_irq_driver_api.static.*)))
                0x0000000000007c98                _shared_irq_driver_api_list_end = .

crypto_driver_api_area
                0x0000000000007c98        0x0
                0x0000000000007c98                _crypto_driver_api_list_start = .
 *(SORT_BY_NAME(SORT_BY_ALIGNMENT(._crypto_driver_api.static.*)))
                0x0000000000007c98                _crypto_driver_api_list_end = .

adc_driver_api_area
                0x0000000000007c98        0x0
                0x0000000000007c98                _adc_driver_api_list_start = .
 *(SORT_BY_NAME(SORT_BY_ALIGNMENT(._adc_driver_api.static.*)))
                0x0000000000007c98                _adc_driver_api_list_end = .

auxdisplay_driver_api_area
                0x0000000000007c98        0x0
                0x0000000000007c98                _auxdisplay_driver_api_list_start = .
 *(SORT_BY_NAME(SORT_BY_ALIGNMENT(._auxdisplay_driver_api.static.*)))
                0x0000000000007c98                _auxdisplay_driver_api_list_end = .

bbram_driver_api_area
                0x0000000000007c98        0x0
                0x0000000000007c98                _bbram_driver_api_list_start = .
 *(SORT_BY_NAME(SORT_BY_ALIGNMENT(._bbram_driver_api.static.*)))
                0x0000000000007c98                _bbram_driver_api_list_end = .

bt_hci_driver_api_area
                0x0000000000007c98        0x0
                0x0000000000007c98                _bt_hci_driver_api_list_start = .
 *(SORT_BY_NAME(SORT_BY_ALIGNMENT(._bt_hci_driver_api.static.*)))
                0x0000000000007c98                _bt_hci_driver_api_list_end = .

can_driver_api_area
                0x0000000000007c98        0x0
                0x0000000000007c98                _can_driver_api_list_start = .
 *(SORT_BY_NAME(SORT_BY_ALIGNMENT(._can_driver_api.static.*)))
                0x0000000000007c98                _can_driver_api_list_end = .

cellular_driver_api_area
                0x0000000000007c98        0x0
                0x0000000000007c98                _cellular_driver_api_list_start = .
 *(SORT_BY_NAME(SORT_BY_ALIGNMENT(._cellular_driver_api.static.*)))
                0x0000000000007c98                _cellular_driver_api_list_end = .

charger_driver_api_area
                0x0000000000007c98        0x0
                0x0000000000007c98                _charger_driver_api_list_start = .
 *(SORT_BY_NAME(SORT_BY_ALIGNMENT(._charger_driver_api.static.*)))
                0x0000000000007c98                _charger_driver_api_list_end = .

clock_control_driver_api_area
                0x0000000000007c98       0x1c
                0x0000000000007c98                _clock_control_driver_api_list_start = .
 *(SORT_BY_NAME(SORT_BY_ALIGNMENT(._clock_control_driver_api.static.*)))
 ._clock_control_driver_api.static.clock_control_api_
                0x0000000000007c98       0x1c zephyr/drivers/clock_control/libdrivers__clock_control.a(clock_control_nrf.c.obj)
                0x0000000000007cb4                _clock_control_driver_api_list_end = .

comparator_driver_api_area
                0x0000000000007cb4        0x0
                0x0000000000007cb4                _comparator_driver_api_list_start = .
 *(SORT_BY_NAME(SORT_BY_ALIGNMENT(._comparator_driver_api.static.*)))
                0x0000000000007cb4                _comparator_driver_api_list_end = .

coredump_driver_api_area
                0x0000000000007cb4        0x0
                0x0000000000007cb4                _coredump_driver_api_list_start = .
 *(SORT_BY_NAME(SORT_BY_ALIGNMENT(._coredump_driver_api.static.*)))
                0x0000000000007cb4                _coredump_driver_api_list_end = .

counter_driver_api_area
                0x0000000000007cb4        0x0
                0x0000000000007cb4                _counter_driver_api_list_start = .
 *(SORT_BY_NAME(SORT_BY_ALIGNMENT(._counter_driver_api.static.*)))
                0x0000000000007cb4                _counter_driver_api_list_end = .

dac_driver_api_area
                0x0000000000007cb4        0x0
                0x0000000000007cb4                _dac_driver_api_list_start = .
 *(SORT_BY_NAME(SORT_BY_ALIGNMENT(._dac_driver_api.static.*)))
                0x0000000000007cb4                _dac_driver_api_list_end = .

dai_driver_api_area
                0x0000000000007cb4        0x0
                0x0000000000007cb4                _dai_driver_api_list_start = .
 *(SORT_BY_NAME(SORT_BY_ALIGNMENT(._dai_driver_api.static.*)))
                0x0000000000007cb4                _dai_driver_api_list_end = .

display_driver_api_area
                0x0000000000007cb4        0x0
                0x0000000000007cb4                _display_driver_api_list_start = .
 *(SORT_BY_NAME(SORT_BY_ALIGNMENT(._display_driver_api.static.*)))
                0x0000000000007cb4                _display_driver_api_list_end = .

dma_driver_api_area
                0x0000000000007cb4        0x0
                0x0000000000007cb4                _dma_driver_api_list_start = .
 *(SORT_BY_NAME(SORT_BY_ALIGNMENT(._dma_driver_api.static.*)))
                0x0000000000007cb4                _dma_driver_api_list_end = .

edac_driver_api_area
                0x0000000000007cb4        0x0
                0x0000000000007cb4                _edac_driver_api_list_start = .
 *(SORT_BY_NAME(SORT_BY_ALIGNMENT(._edac_driver_api.static.*)))
                0x0000000000007cb4                _edac_driver_api_list_end = .

eeprom_driver_api_area
                0x0000000000007cb4        0x0
                0x0000000000007cb4                _eeprom_driver_api_list_start = .
 *(SORT_BY_NAME(SORT_BY_ALIGNMENT(._eeprom_driver_api.static.*)))
                0x0000000000007cb4                _eeprom_driver_api_list_end = .

emul_bbram_driver_api_area
                0x0000000000007cb4        0x0
                0x0000000000007cb4                _emul_bbram_driver_api_list_start = .
 *(SORT_BY_NAME(SORT_BY_ALIGNMENT(._emul_bbram_driver_api.static.*)))
                0x0000000000007cb4                _emul_bbram_driver_api_list_end = .

fuel_gauge_emul_driver_api_area
                0x0000000000007cb4        0x0
                0x0000000000007cb4                _fuel_gauge_emul_driver_api_list_start = .
 *(SORT_BY_NAME(SORT_BY_ALIGNMENT(._fuel_gauge_emul_driver_api.static.*)))
                0x0000000000007cb4                _fuel_gauge_emul_driver_api_list_end = .

emul_sensor_driver_api_area
                0x0000000000007cb4        0x0
                0x0000000000007cb4                _emul_sensor_driver_api_list_start = .
 *(SORT_BY_NAME(SORT_BY_ALIGNMENT(._emul_sensor_driver_api.static.*)))
                0x0000000000007cb4                _emul_sensor_driver_api_list_end = .

entropy_driver_api_area
                0x0000000000007cb4        0x0
                0x0000000000007cb4                _entropy_driver_api_list_start = .
 *(SORT_BY_NAME(SORT_BY_ALIGNMENT(._entropy_driver_api.static.*)))
                0x0000000000007cb4                _entropy_driver_api_list_end = .

espi_driver_api_area
                0x0000000000007cb4        0x0
                0x0000000000007cb4                _espi_driver_api_list_start = .
 *(SORT_BY_NAME(SORT_BY_ALIGNMENT(._espi_driver_api.static.*)))
                0x0000000000007cb4                _espi_driver_api_list_end = .

espi_saf_driver_api_area
                0x0000000000007cb4        0x0
                0x0000000000007cb4                _espi_saf_driver_api_list_start = .
 *(SORT_BY_NAME(SORT_BY_ALIGNMENT(._espi_saf_driver_api.static.*)))
                0x0000000000007cb4                _espi_saf_driver_api_list_end = .

flash_driver_api_area
                0x0000000000007cb4        0x0
                0x0000000000007cb4                _flash_driver_api_list_start = .
 *(SORT_BY_NAME(SORT_BY_ALIGNMENT(._flash_driver_api.static.*)))
                0x0000000000007cb4                _flash_driver_api_list_end = .

fpga_driver_api_area
                0x0000000000007cb4        0x0
                0x0000000000007cb4                _fpga_driver_api_list_start = .
 *(SORT_BY_NAME(SORT_BY_ALIGNMENT(._fpga_driver_api.static.*)))
                0x0000000000007cb4                _fpga_driver_api_list_end = .

fuel_gauge_driver_api_area
                0x0000000000007cb4        0x0
                0x0000000000007cb4                _fuel_gauge_driver_api_list_start = .
 *(SORT_BY_NAME(SORT_BY_ALIGNMENT(._fuel_gauge_driver_api.static.*)))
                0x0000000000007cb4                _fuel_gauge_driver_api_list_end = .

gnss_driver_api_area
                0x0000000000007cb4        0x0
                0x0000000000007cb4                _gnss_driver_api_list_start = .
 *(SORT_BY_NAME(SORT_BY_ALIGNMENT(._gnss_driver_api.static.*)))
                0x0000000000007cb4                _gnss_driver_api_list_end = .

haptics_driver_api_area
                0x0000000000007cb4        0x0
                0x0000000000007cb4                _haptics_driver_api_list_start = .
 *(SORT_BY_NAME(SORT_BY_ALIGNMENT(._haptics_driver_api.static.*)))
                0x0000000000007cb4                _haptics_driver_api_list_end = .

hwspinlock_driver_api_area
                0x0000000000007cb4        0x0
                0x0000000000007cb4                _hwspinlock_driver_api_list_start = .
 *(SORT_BY_NAME(SORT_BY_ALIGNMENT(._hwspinlock_driver_api.static.*)))
                0x0000000000007cb4                _hwspinlock_driver_api_list_end = .

i2s_driver_api_area
                0x0000000000007cb4        0x0
                0x0000000000007cb4                _i2s_driver_api_list_start = .
 *(SORT_BY_NAME(SORT_BY_ALIGNMENT(._i2s_driver_api.static.*)))
                0x0000000000007cb4                _i2s_driver_api_list_end = .

i3c_driver_api_area
                0x0000000000007cb4        0x0
                0x0000000000007cb4                _i3c_driver_api_list_start = .
 *(SORT_BY_NAME(SORT_BY_ALIGNMENT(._i3c_driver_api.static.*)))
                0x0000000000007cb4                _i3c_driver_api_list_end = .

ipm_driver_api_area
                0x0000000000007cb4        0x0
                0x0000000000007cb4                _ipm_driver_api_list_start = .
 *(SORT_BY_NAME(SORT_BY_ALIGNMENT(._ipm_driver_api.static.*)))
                0x0000000000007cb4                _ipm_driver_api_list_end = .

kscan_driver_api_area
                0x0000000000007cb4        0x0
                0x0000000000007cb4                _kscan_driver_api_list_start = .
 *(SORT_BY_NAME(SORT_BY_ALIGNMENT(._kscan_driver_api.static.*)))
                0x0000000000007cb4                _kscan_driver_api_list_end = .

led_driver_api_area
                0x0000000000007cb4        0x0
                0x0000000000007cb4                _led_driver_api_list_start = .
 *(SORT_BY_NAME(SORT_BY_ALIGNMENT(._led_driver_api.static.*)))
                0x0000000000007cb4                _led_driver_api_list_end = .

led_strip_driver_api_area
                0x0000000000007cb4        0x0
                0x0000000000007cb4                _led_strip_driver_api_list_start = .
 *(SORT_BY_NAME(SORT_BY_ALIGNMENT(._led_strip_driver_api.static.*)))
                0x0000000000007cb4                _led_strip_driver_api_list_end = .

lora_driver_api_area
                0x0000000000007cb4        0x0
                0x0000000000007cb4                _lora_driver_api_list_start = .
 *(SORT_BY_NAME(SORT_BY_ALIGNMENT(._lora_driver_api.static.*)))
                0x0000000000007cb4                _lora_driver_api_list_end = .

mbox_driver_api_area
                0x0000000000007cb4        0x0
                0x0000000000007cb4                _mbox_driver_api_list_start = .
 *(SORT_BY_NAME(SORT_BY_ALIGNMENT(._mbox_driver_api.static.*)))
                0x0000000000007cb4                _mbox_driver_api_list_end = .

mdio_driver_api_area
                0x0000000000007cb4        0x0
                0x0000000000007cb4                _mdio_driver_api_list_start = .