Archive member included to satisfy reference by file (symbol)

app/libapp.a(main.c.obj)      (--whole-archive)
app/libapp.a(i2c.c.obj)       (--whole-archive)
app/libapp.a(cmdproc.c.obj)   (--whole-archive)
app/libapp.a(data.c.obj)      (--whole-archive)
app/libapp.a(uart.c.obj)      (--whole-archive)
app/libapp.a(gpio.c.obj)      (--whole-archive)
zephyr/libzephyr.a(heap.c.obj)
                              (--whole-archive)
zephyr/libzephyr.a(cbprintf_packaged.c.obj)
                              (--whole-archive)
zephyr/libzephyr.a(printk.c.obj)
                              (--whole-archive)
zephyr/libzephyr.a(sem.c.obj)
                              (--whole-archive)
zephyr/libzephyr.a(thread_entry.c.obj)
                              (--whole-archive)
zephyr/libzephyr.a(cbprintf_complete.c.obj)
                              (--whole-archive)
zephyr/libzephyr.a(assert.c.obj)
                              (--whole-archive)
zephyr/libzephyr.a(dec.c.obj)
                              (--whole-archive)
zephyr/libzephyr.a(hex.c.obj)
                              (--whole-archive)
zephyr/libzephyr.a(rb.c.obj)  (--whole-archive)
zephyr/libzephyr.a(timeutil.c.obj)
                              (--whole-archive)
zephyr/libzephyr.a(bitarray.c.obj)
                              (--whole-archive)
zephyr/libzephyr.a(onoff.c.obj)
                              (--whole-archive)
zephyr/libzephyr.a(notify.c.obj)
                              (--whole-archive)
zephyr/libzephyr.a(last_section_id.c.obj)
                              (--whole-archive)
zephyr/libzephyr.a(configs.c.obj)
                              (--whole-archive)
zephyr/libzephyr.a(mem_attr.c.obj)
                              (--whole-archive)
zephyr/libzephyr.a(tracing_none.c.obj)
                              (--whole-archive)
zephyr/libzephyr.a(banner.c.obj)
                              (--whole-archive)
zephyr/libzephyr.a(flash_map_partition_manager.c.obj)
                              (--whole-archive)
zephyr/libzephyr.a(nrf_cc3xx_platform_abort_zephyr.c.obj)
                              (--whole-archive)
zephyr/libzephyr.a(nrf_cc3xx_platform_mutex_zephyr.c.obj)
                              (--whole-archive)
zephyr/arch/common/libarch__common.a(sw_isr_common.c.obj)
                              (--whole-archive)
zephyr/arch/arch/arm/core/libarch__arm__core.a(fatal.c.obj)
                              (--whole-archive)
zephyr/arch/arch/arm/core/libarch__arm__core.a(nmi.c.obj)
                              (--whole-archive)
zephyr/arch/arch/arm/core/libarch__arm__core.a(nmi_on_reset.S.obj)
                              (--whole-archive)
zephyr/arch/arch/arm/core/libarch__arm__core.a(tls.c.obj)
                              (--whole-archive)
zephyr/arch/arch/arm/core/cortex_m/libarch__arm__core__cortex_m.a(exc_exit.c.obj)
                              (--whole-archive)
zephyr/arch/arch/arm/core/cortex_m/libarch__arm__core__cortex_m.a(fault.c.obj)
                              (--whole-archive)
zephyr/arch/arch/arm/core/cortex_m/libarch__arm__core__cortex_m.a(fault_s.S.obj)
                              (--whole-archive)
zephyr/arch/arch/arm/core/cortex_m/libarch__arm__core__cortex_m.a(fpu.c.obj)
                              (--whole-archive)
zephyr/arch/arch/arm/core/cortex_m/libarch__arm__core__cortex_m.a(reset.S.obj)
                              (--whole-archive)
zephyr/arch/arch/arm/core/cortex_m/libarch__arm__core__cortex_m.a(scb.c.obj)
                              (--whole-archive)
zephyr/arch/arch/arm/core/cortex_m/libarch__arm__core__cortex_m.a(thread_abort.c.obj)
                              (--whole-archive)
zephyr/arch/arch/arm/core/cortex_m/libarch__arm__core__cortex_m.a(vector_table.S.obj)
                              (--whole-archive)
zephyr/arch/arch/arm/core/cortex_m/libarch__arm__core__cortex_m.a(swap_helper.S.obj)
                              (--whole-archive)
zephyr/arch/arch/arm/core/cortex_m/libarch__arm__core__cortex_m.a(irq_manage.c.obj)
                              (--whole-archive)
zephyr/arch/arch/arm/core/cortex_m/libarch__arm__core__cortex_m.a(prep_c.c.obj)
                              (--whole-archive)
zephyr/arch/arch/arm/core/cortex_m/libarch__arm__core__cortex_m.a(thread.c.obj)
                              (--whole-archive)
zephyr/arch/arch/arm/core/cortex_m/libarch__arm__core__cortex_m.a(cpu_idle.c.obj)
                              (--whole-archive)
zephyr/arch/arch/arm/core/cortex_m/libarch__arm__core__cortex_m.a(irq_init.c.obj)
                              (--whole-archive)
zephyr/arch/arch/arm/core/cortex_m/libarch__arm__core__cortex_m.a(isr_wrapper.c.obj)
                              (--whole-archive)
zephyr/arch/arch/arm/core/cortex_m/libarch__arm__core__cortex_m.a(__aeabi_read_tp.S.obj)
                              (--whole-archive)
zephyr/arch/arch/arm/core/mpu/libarch__arm__core__mpu.a(arm_core_mpu.c.obj)
                              (--whole-archive)
[...]
Memory Configuration

Name             Origin             Length             Attributes
FLASH            0x0000000000000000 0x0000000000100000 xr
RAM              0x0000000020000000 0x0000000000040000 xw
IDT_LIST         0x00000000ffff7fff 0x0000000000008000 xw
*default*        0x0000000000000000 0xffffffffffffffff

Linker script and memory map

                0x0000000000005c68                vfprintf = __l_vfprintf
                0x0000000000000000                vfscanf = __l_vfscanf
LOAD zephyr/CMakeFiles/zephyr_pre0.dir/misc/empty_file.c.obj
LOAD zephyr/CMakeFiles/offsets.dir/./arch/arm/core/offsets/offsets.c.obj
LOAD app/libapp.a
LOAD zephyr/libzephyr.a
LOAD zephyr/arch/common/libarch__common.a
LOAD zephyr/arch/arch/arm/core/libarch__arm__core.a
LOAD zephyr/arch/arch/arm/core/cortex_m/libarch__arm__core__cortex_m.a
LOAD zephyr/arch/arch/arm/core/mpu/libarch__arm__core__mpu.a
LOAD zephyr/lib/libc/picolibc/liblib__libc__picolibc.a
LOAD zephyr/lib/libc/common/liblib__libc__common.a
LOAD zephyr/soc/soc/nrf52840/libsoc__nordic.a
LOAD zephyr/drivers/clock_control/libdrivers__clock_control.a
LOAD zephyr/drivers/console/libdrivers__console.a
LOAD zephyr/drivers/gpio/libdrivers__gpio.a
LOAD zephyr/drivers/i2c/libdrivers__i2c.a
LOAD zephyr/drivers/pinctrl/libdrivers__pinctrl.a
LOAD zephyr/drivers/pwm/libdrivers__pwm.a
LOAD zephyr/drivers/serial/libdrivers__serial.a
LOAD zephyr/drivers/timer/libdrivers__timer.a
LOAD modules/nrf/drivers/hw_cc3xx/lib..__nrf__drivers__hw_cc3xx.a
LOAD modules/hal_nordic/modules/hal_nordic/nrfx/libmodules__hal_nordic__nrfx.a
LOAD modules/segger/libmodules__segger.a
LOAD zephyr/kernel/libkernel.a
LOAD zephyr/arch/common/libisr_tables.a
LOAD C:/ncs/v3.0.1/nrfxlib/crypto/nrf_cc310_platform/lib/cortex-m4/soft-float/no-interrupts/libnrf_cc310_platform_0.9.19.a
LOAD c:\ncs\toolchains\0b393f9e1b\opt\zephyr-sdk\arm-zephyr-eabi\bin\../lib/gcc/../../picolibc/arm-zephyr-eabi/lib/thumb/v7e-m/nofp\libc.a
LOAD c:/ncs/toolchains/0b393f9e1b/opt/zephyr-sdk/arm-zephyr-eabi/bin/../lib/gcc/arm-zephyr-eabi/12.2.0/thumb/v7e-m/nofp\libgcc.a
                0x0000000000000020                _region_min_align = 0x20

.rel.plt        0x0000000000000000        0x0
 *(SORT_BY_ALIGNMENT(.rel.plt))
                [!provide]                        PROVIDE (__rel_iplt_start = .)
 *(SORT_BY_ALIGNMENT(.rel.iplt))
 .rel.iplt      0x0000000000000000        0x0 app/libapp.a(main.c.obj)
                [!provide]                        PROVIDE (__rel_iplt_end = .)

.rela.plt       0x0000000000000000        0x0
 *(SORT_BY_ALIGNMENT(.rela.plt))
                [!provide]                        PROVIDE (__rela_iplt_start = .)
 *(SORT_BY_ALIGNMENT(.rela.iplt))
                [!provide]                        PROVIDE (__rela_iplt_end = .)

.rel.dyn
 *(SORT_BY_ALIGNMENT(.rel.*))

.rela.dyn
 *(SORT_BY_ALIGNMENT(.rela.*))

/DISCARD/
 *(SORT_BY_ALIGNMENT(.plt))

/DISCARD/
 *(SORT_BY_ALIGNMENT(.iplt))
                0x0000000000000000                __rom_region_start = 0x0

rom_start       0x0000000000000000      0x100
                0x0000000000000000                __rom_start_address = .
 FILL mask 0x00
                0x0000000000000000                . = (. + (0x0 - (. - __rom_start_address)))
                0x0000000000000000                . = ALIGN (0x4)
                0x0000000000000000                . = ALIGN (0x80)
                0x0000000000000000                . = ALIGN (0x100)
                0x0000000000000000                _vector_start = .
 *(SORT_BY_ALIGNMENT(.exc_vector_table))
 *(SORT_BY_ALIGNMENT(.exc_vector_table.*))
 .exc_vector_table._vector_table_section
                0x0000000000000000       0x40 zephyr/arch/arch/arm/core/cortex_m/libarch__arm__core__cortex_m.a(vector_table.S.obj)
                0x0000000000000000                _vector_table
 *(SORT_BY_ALIGNMENT(.vectors))
                0x0000000000000100                _vector_end = .
                0x0000000000000040                . = ALIGN (0x4)
 *(SORT_BY_ALIGNMENT(.gnu.linkonce.irq_vector_table*))
 .gnu.linkonce.irq_vector_table
                0x0000000000000040       0xc0 zephyr/arch/common/libisr_tables.a(isr_tables.c.obj)
                0x0000000000000040                _irq_vector_table
                0x0000000000000100                _vector_end = .

text            0x0000000000000100     0x7824
                0x0000000000000100                __text_region_start = .
 *(SORT_BY_ALIGNMENT(.text))
 .text          0x0000000000000100       0x30 c:/ncs/toolchains/0b393f9e1b/opt/zephyr-sdk/arm-zephyr-eabi/bin/../lib/gcc/arm-zephyr-eabi/12.2.0/thumb/v7e-m/nofp\libgcc.a(_aeabi_uldivmod.o)
                0x0000000000000100                __aeabi_uldivmod
 .text          0x0000000000000130        0x4 c:/ncs/toolchains/0b393f9e1b/opt/zephyr-sdk/arm-zephyr-eabi/bin/../lib/gcc/arm-zephyr-eabi/12.2.0/thumb/v7e-m/nofp\libgcc.a(_dvmd_tls.o)
                0x0000000000000130                __aeabi_idiv0
                0x0000000000000130                __aeabi_ldiv0
 .text          0x0000000000000134       0x10 c:\ncs\toolchains\0b393f9e1b\opt\zephyr-sdk\arm-zephyr-eabi\bin\../lib/gcc/../../picolibc/arm-zephyr-eabi/lib/thumb/v7e-m/nofp\libc.a(strlen.S.o)
                0x0000000000000134                strlen
 .text          0x0000000000000144      0x2a0 c:/ncs/toolchains/0b393f9e1b/opt/zephyr-sdk/arm-zephyr-eabi/bin/../lib/gcc/arm-zephyr-eabi/12.2.0/thumb/v7e-m/nofp\libgcc.a(_udivmoddi4.o)
                0x0000000000000144                __udivmoddi4
 *(SORT_BY_ALIGNMENT(.text.*))
 .text.control_thread_func
                0x00000000000003e4       0x20 app/libapp.a(main.c.obj)
                0x00000000000003e4                control_thread_func
 .text.command_thread_func
                0x0000000000000404       0x6c app/libapp.a(main.c.obj)
                0x0000000000000404                command_thread_func
 .text.main     0x0000000000000470      0x148 app/libapp.a(main.c.obj)
                0x0000000000000470                main
 .text.i2c_init
                0x00000000000005b8       0x24 app/libapp.a(i2c.c.obj)
                0x00000000000005b8                i2c_init
 .text.sensor_thread_func
                0x00000000000005dc       0x74 app/libapp.a(i2c.c.obj)
                0x00000000000005dc                sensor_thread_func
 .text.checkSofEof
                0x0000000000000650       0x50 app/libapp.a(cmdproc.c.obj)
                0x0000000000000650                checkSofEof
 .text.checkRxChecksum
                0x00000000000006a0       0x5c app/libapp.a(cmdproc.c.obj)
                0x00000000000006a0                checkRxChecksum
 .text.rxChar   0x00000000000006fc       0x24 app/libapp.a(cmdproc.c.obj)
                0x00000000000006fc                rxChar
 .text.txChar   0x0000000000000720       0x24 app/libapp.a(cmdproc.c.obj)
                0x0000000000000720                txChar
 .text.cmdProcessor
                0x0000000000000744      0x274 app/libapp.a(cmdproc.c.obj)
                0x0000000000000744                cmdProcessor
 .text.resetTxBuffer
                0x00000000000009b8       0x20 app/libapp.a(cmdproc.c.obj)
                0x00000000000009b8                resetTxBuffer
 .text.getTxBuffer
                0x00000000000009d8       0x14 app/libapp.a(cmdproc.c.obj)
                0x00000000000009d8                getTxBuffer
 .text.uart_cb  0x00000000000009ec       0xd4 app/libapp.a(uart.c.obj)
                0x00000000000009ec                uart_cb
 .text.uart_init
                0x0000000000000ac0       0xc4 app/libapp.a(uart.c.obj)
                0x0000000000000ac0                uart_init
 .text.uart_send
                0x0000000000000b84       0x20 app/libapp.a(uart.c.obj)
                0x0000000000000b84                uart_send
 .text.gpio_init
                0x0000000000000ba4       0xc0 app/libapp.a(gpio.c.obj)
                0x0000000000000ba4                gpio_init
 .text.ui_task  0x0000000000000c64       0x7c app/libapp.a(gpio.c.obj)
                0x0000000000000c64                ui_task
 .text.char_out
                0x0000000000000ce0        0xc zephyr/libzephyr.a(printk.c.obj)
 .text.__printk_hook_install
                0x0000000000000cec        0xc zephyr/libzephyr.a(printk.c.obj)
                0x0000000000000cec                __printk_hook_install
 .text.vprintk  0x0000000000000cf8       0x30 zephyr/libzephyr.a(printk.c.obj)
                0x0000000000000cf8                vprintk
 .text.z_thread_entry
                0x0000000000000d28       0x34 zephyr/libzephyr.a(thread_entry.c.obj)
                0x0000000000000d28                z_thread_entry
 .text.process_event
                0x0000000000000d5c      0x21c zephyr/libzephyr.a(onoff.c.obj)
 .text.mem_attr_get_regions
                0x0000000000000f78        0xc zephyr/libzephyr.a(mem_attr.c.obj)
                0x0000000000000f78                mem_attr_get_regions
 .text.boot_banner
                0x0000000000000f84       0x1c zephyr/libzephyr.a(banner.c.obj)
                0x0000000000000f84                boot_banner
 .text.nrf_cc3xx_platform_abort_init
                0x0000000000000fa0        0xc zephyr/libzephyr.a(nrf_cc3xx_platform_abort_zephyr.c.obj)
                0x0000000000000fa0                nrf_cc3xx_platform_abort_init
 .text.mutex_free_platform
                0x0000000000000fac       0x54 zephyr/libzephyr.a(nrf_cc3xx_platform_mutex_zephyr.c.obj)
 .text.mutex_lock_platform
                0x0000000000001000       0x60 zephyr/libzephyr.a(nrf_cc3xx_platform_mutex_zephyr.c.obj)
 .text.mutex_unlock_platform
                0x0000000000001060       0x58 zephyr/libzephyr.a(nrf_cc3xx_platform_mutex_zephyr.c.obj)
 .text.mutex_init_platform
                0x00000000000010b8       0x94 zephyr/libzephyr.a(nrf_cc3xx_platform_mutex_zephyr.c.obj)
 .text.nrf_cc3xx_platform_mutex_init
                0x000000000000114c       0x2c zephyr/libzephyr.a(nrf_cc3xx_platform_mutex_zephyr.c.obj)
                0x000000000000114c                nrf_cc3xx_platform_mutex_init
 .text.z_SysNmiOnReset
                0x0000000000001178        0x8 zephyr/arch/arch/arm/core/libarch__arm__core.a(nmi_on_reset.S.obj)
                0x0000000000001178                z_SysNmiOnReset
 .text.arch_tls_stack_setup
                0x0000000000001180       0x40 zephyr/arch/arch/arm/core/libarch__arm__core.a(tls.c.obj)
                0x0000000000001180                arch_tls_stack_setup
 .text._HandlerModeExit
                0x00000000000011c0       0x28 zephyr/arch/arch/arm/core/cortex_m/libarch__arm__core__cortex_m.a(exc_exit.c.obj)
                0x00000000000011c0                z_arm_int_exit
                0x00000000000011c0                z_arm_exc_exit
 .text.mem_manage_fault
                0x00000000000011e8       0xa0 zephyr/arch/arch/arm/core/cortex_m/libarch__arm__core__cortex_m.a(fault.c.obj)
 .text.usage_fault.constprop.0
                0x0000000000001288       0x54 zephyr/arch/arch/arm/core/cortex_m/libarch__arm__core__cortex_m.a(fault.c.obj)
 .text.bus_fault.constprop.0
                0x00000000000012dc       0x6c zephyr/arch/arch/arm/core/cortex_m/libarch__arm__core__cortex_m.a(fault.c.obj)
 .text.z_arm_fault
                0x0000000000001348      0x128 zephyr/arch/arch/arm/core/cortex_m/libarch__arm__core__cortex_m.a(fault.c.obj)
                0x0000000000001348                z_arm_fault
 .text.z_arm_fault_init
                0x0000000000001470       0x18 zephyr/arch/arch/arm/core/cortex_m/libarch__arm__core__cortex_m.a(fault.c.obj)
                0x0000000000001470                z_arm_fault_init
 .text.__fault  0x0000000000001488       0x14 zephyr/arch/arch/arm/core/cortex_m/libarch__arm__core__cortex_m.a(fault_s.S.obj)
                0x0000000000001488                z_arm_usage_fault
                0x0000000000001488                z_arm_mpu_fault
                0x0000000000001488                z_arm_exc_spurious
                0x0000000000001488                z_arm_debug_monitor
                0x0000000000001488                z_arm_hard_fault
                0x0000000000001488                z_arm_bus_fault
 .text._reset_section
                0x000000000000149c       0x54 zephyr/arch/arch/arm/core/cortex_m/libarch__arm__core__cortex_m.a(reset.S.obj)
                0x000000000000149c                __start
                0x000000000000149c                z_arm_reset
 .text.z_arm_clear_arm_mpu_config
                0x00000000000014f0       0x24 zephyr/arch/arch/arm/core/cortex_m/libarch__arm__core__cortex_m.a(scb.c.obj)
                0x00000000000014f0                z_arm_clear_arm_mpu_config
 .text.z_arm_init_arch_hw_at_boot
                0x0000000000001514       0x64 zephyr/arch/arch/arm/core/cortex_m/libarch__arm__core__cortex_m.a(scb.c.obj)
                0x0000000000001514                z_arm_init_arch_hw_at_boot
 .text.z_impl_k_thread_abort
                0x0000000000001578       0x2c zephyr/arch/arch/arm/core/cortex_m/libarch__arm__core__cortex_m.a(thread_abort.c.obj)
                0x0000000000001578                z_impl_k_thread_abort
 .text.z_arm_pendsv
                0x00000000000015a4       0x64 zephyr/arch/arch/arm/core/cortex_m/libarch__arm__core__cortex_m.a(swap_helper.S.obj)
                0x00000000000015a4                z_arm_pendsv
 .text.z_arm_svc
                0x0000000000001608       0x24 zephyr/arch/arch/arm/core/cortex_m/libarch__arm__core__cortex_m.a(swap_helper.S.obj)
                0x0000000000001608                z_arm_svc
 .text.arch_irq_enable
                0x000000000000162c       0x1c zephyr/arch/arch/arm/core/cortex_m/libarch__arm__core__cortex_m.a(irq_manage.c.obj)
                0x000000000000162c                arch_irq_enable
 .text.arch_irq_is_enabled
                0x0000000000001648       0x1c zephyr/arch/arch/arm/core/cortex_m/libarch__arm__core__cortex_m.a(irq_manage.c.obj)
                0x0000000000001648                arch_irq_is_enabled
 .text.z_arm_irq_priority_set
                0x0000000000001664       0x30 zephyr/arch/arch/arm/core/cortex_m/libarch__arm__core__cortex_m.a(irq_manage.c.obj)
                0x0000000000001664                z_arm_irq_priority_set
 .text.z_prep_c
                0x0000000000001694       0x38 zephyr/arch/arch/arm/core/cortex_m/libarch__arm__core__cortex_m.a(prep_c.c.obj)
                0x0000000000001694                z_prep_c
 .text.arch_new_thread
                0x00000000000016cc       0x38 zephyr/arch/arch/arm/core/cortex_m/libarch__arm__core__cortex_m.a(thread.c.obj)
                0x00000000000016cc                arch_new_thread
 .text.z_check_thread_stack_fail
                0x0000000000001704       0x2c zephyr/arch/arch/arm/core/cortex_m/libarch__arm__core__cortex_m.a(thread.c.obj)
                0x0000000000001704                z_check_thread_stack_fail
 .text.arch_switch_to_main_thread
                0x0000000000001730       0x3c zephyr/arch/arch/arm/core/cortex_m/libarch__arm__core__cortex_m.a(thread.c.obj)
                0x0000000000001730                arch_switch_to_main_thread
 .text.z_arm_cpu_idle_init
                0x000000000000176c        0xc zephyr/arch/arch/arm/core/cortex_m/libarch__arm__core__cortex_m.a(cpu_idle.c.obj)
                0x000000000000176c                z_arm_cpu_idle_init
 .text.z_arm_interrupt_init
                0x0000000000001778       0x18 zephyr/arch/arch/arm/core/cortex_m/libarch__arm__core__cortex_m.a(irq_init.c.obj)
                0x0000000000001778                z_arm_interrupt_init
 .text._isr_wrapper
                0x0000000000001790       0x24 zephyr/arch/arch/arm/core/cortex_m/libarch__arm__core__cortex_m.a(isr_wrapper.c.obj)
                0x0000000000001790                _isr_wrapper
 .text.z_arm_configure_static_mpu_regions
                0x00000000000017b4       0x18 zephyr/arch/arch/arm/core/mpu/libarch__arm__core__mpu.a(arm_core_mpu.c.obj)
                0x00000000000017b4                z_arm_configure_static_mpu_regions
 .text.z_arm_configure_dynamic_mpu_regions
                0x00000000000017cc       0x20 zephyr/arch/arch/arm/core/mpu/libarch__arm__core__mpu.a(arm_core_mpu.c.obj)
                0x00000000000017cc                z_arm_configure_dynamic_mpu_regions
 .text.region_init
                0x00000000000017ec       0x28 zephyr/arch/arch/arm/core/mpu/libarch__arm__core__mpu.a(arm_mpu.c.obj)
 .text.mpu_configure_regions
                0x0000000000001814       0x6c zephyr/arch/arch/arm/core/mpu/libarch__arm__core__mpu.a(arm_mpu.c.obj)
 .text.arm_core_mpu_enable
                0x0000000000001880       0x18 zephyr/arch/arch/arm/core/mpu/libarch__arm__core__mpu.a(arm_mpu.c.obj)
                0x0000000000001880                arm_core_mpu_enable
 .text.arm_core_mpu_disable
                0x0000000000001898       0x14 zephyr/arch/arch/arm/core/mpu/libarch__arm__core__mpu.a(arm_mpu.c.obj)
                0x0000000000001898                arm_core_mpu_disable
 .text.arm_core_mpu_configure_static_mpu_regions
                0x00000000000018ac       0x14 zephyr/arch/arch/arm/core/mpu/libarch__arm__core__mpu.a(arm_mpu.c.obj)
                0x00000000000018ac                arm_core_mpu_configure_static_mpu_regions
 .text.arm_core_mpu_configure_dynamic_mpu_regions
                0x00000000000018c0       0x38 zephyr/arch/arch/arm/core/mpu/libarch__arm__core__mpu.a(arm_mpu.c.obj)
                0x00000000000018c0                arm_core_mpu_configure_dynamic_mpu_regions
 .text.z_arm_mpu_init
                0x00000000000018f8      0x168 zephyr/arch/arch/arm/core/mpu/libarch__arm__core__mpu.a(arm_mpu.c.obj)
                0x00000000000018f8                z_arm_mpu_init
 .text._exit    0x0000000000001a60       0x10 zephyr/lib/libc/picolibc/liblib__libc__picolibc.a(exit.c.obj)
                0x0000000000001a60                _exit
 .text.z_impl_zephyr_fputc
                0x0000000000001a70       0x10 zephyr/lib/libc/picolibc/liblib__libc__picolibc.a(stdio.c.obj)
                0x0000000000001a70                z_impl_zephyr_fputc
 .text.__stdout_hook_install
                0x0000000000001a80       0x18 zephyr/lib/libc/picolibc/liblib__libc__picolibc.a(stdio.c.obj)
                0x0000000000001a80                __stdout_hook_install
 .text.malloc_prepare
                0x0000000000001a98       0x24 zephyr/lib/libc/common/liblib__libc__common.a(malloc.c.obj)
 .text.nordicsemi_nrf52_init
                0x0000000000001abc       0x44 zephyr/soc/soc/nrf52840/libsoc__nordic.a(soc.c.obj)
 .text.arch_busy_wait
                0x0000000000001b00       0x14 zephyr/soc/soc/nrf52840/libsoc__nordic.a(soc.c.obj)
                0x0000000000001b00                arch_busy_wait
 .text.onoff_stop
                0x0000000000001b14       0x30 zephyr/drivers/clock_control/libdrivers__clock_control.a(clock_control_nrf.c.obj)
 .text.onoff_start
                0x0000000000001b44       0x44 zephyr/drivers/clock_control/libdrivers__clock_control.a(clock_control_nrf.c.obj)
 .text.generic_hfclk_stop
                0x0000000000001b88       0x34 zephyr/drivers/clock_control/libdrivers__clock_control.a(clock_control_nrf.c.obj)
 .text.clk_init
                0x0000000000001bbc       0x58 zephyr/drivers/clock_control/libdrivers__clock_control.a(clock_control_nrf.c.obj)
 .text.api_blocking_start
                0x0000000000001c14       0x34 zephyr/drivers/clock_control/libdrivers__clock_control.a(clock_control_nrf.c.obj)
 .text.clkstarted_handle.constprop.0
                0x0000000000001c48       0x4c zephyr/drivers/clock_control/libdrivers__clock_control.a(clock_control_nrf.c.obj)
 .text.generic_hfclk_start
                0x0000000000001c94       0x78 zephyr/drivers/clock_control/libdrivers__clock_control.a(clock_control_nrf.c.obj)
 .text.clock_event_handler
                0x0000000000001d0c       0x1c zephyr/drivers/clock_control/libdrivers__clock_control.a(clock_control_nrf.c.obj)
 .text.z_nrf_clock_control_lf_on
                0x0000000000001d28       0xfc zephyr/drivers/clock_control/libdrivers__clock_control.a(clock_control_nrf.c.obj)
                0x0000000000001d28                z_nrf_clock_control_lf_on
 .text.uart_console_init
                0x0000000000001e24       0x28 zephyr/drivers/console/libdrivers__console.a(uart_console.c.obj)
 .text.console_out
                0x0000000000001e4c       0x28 zephyr/drivers/console/libdrivers__console.a(uart_console.c.obj)
 .text.gpio_nrfx_pin_interrupt_configure
                0x0000000000001e74      0x100 zephyr/drivers/gpio/libdrivers__gpio.a(gpio_nrfx.c.obj)
 .text.gpio_nrfx_init
                0x0000000000001f74       0x48 zephyr/drivers/gpio/libdrivers__gpio.a(gpio_nrfx.c.obj)
 .text.nrfx_gpio_handler
                0x0000000000001fbc       0x4c zephyr/drivers/gpio/libdrivers__gpio.a(gpio_nrfx.c.obj)
 .text.gpio_nrfx_pin_configure
                0x0000000000002008      0x18c zephyr/drivers/gpio/libdrivers__gpio.a(gpio_nrfx.c.obj)
 .text.event_handler
                0x0000000000002194       0x38 zephyr/drivers/i2c/libdrivers__i2c.a(i2c_nrfx_twi.c.obj)
 .text.i2c_nrfx_twi_transfer
                0x00000000000021cc       0xc0 zephyr/drivers/i2c/libdrivers__i2c.a(i2c_nrfx_twi.c.obj)
 .text.i2c_nrfx_twi_init
                0x000000000000228c       0x24 zephyr/drivers/i2c/libdrivers__i2c.a(i2c_nrfx_twi_common.c.obj)
                0x000000000000228c                i2c_nrfx_twi_init
 .text.i2c_nrfx_twi_recover_bus
                0x00000000000022b0       0x24 zephyr/drivers/i2c/libdrivers__i2c.a(i2c_nrfx_twi_common.c.obj)
                0x00000000000022b0                i2c_nrfx_twi_recover_bus
 .text.i2c_nrfx_twi_msg_transfer
                0x00000000000022d4       0x7c zephyr/drivers/i2c/libdrivers__i2c.a(i2c_nrfx_twi_common.c.obj)
                0x00000000000022d4                i2c_nrfx_twi_msg_transfer
 .text.nrf_gpio_pin_port_decode
                0x0000000000002350       0x20 zephyr/drivers/pinctrl/libdrivers__pinctrl.a(pinctrl_nrf.c.obj)
 .text.pinctrl_configure_pins
                0x0000000000002370      0x1a4 zephyr/drivers/pinctrl/libdrivers__pinctrl.a(pinctrl_nrf.c.obj)
                0x0000000000002370                pinctrl_configure_pins
 .text.nrf_gpio_pin_port_decode
                0x0000000000002514       0x20 zephyr/drivers/pwm/libdrivers__pwm.a(pwm_nrfx.c.obj)
 .text.pwm_nrfx_init0
                0x0000000000002534       0xac zephyr/drivers/pwm/libdrivers__pwm.a(pwm_nrfx.c.obj)
 .text.uarte_0_init
                0x00000000000025e0      0x134 zephyr/drivers/serial/libdrivers__serial.a(uart_nrfx_uarte.c.obj)
 .text.uarte_nrfx_poll_out
                0x0000000000002714       0xd0 zephyr/drivers/serial/libdrivers__serial.a(uart_nrfx_uarte.c.obj)
 .text.uarte_nrfx_tx
                0x00000000000027e4       0xb4 zephyr/drivers/serial/libdrivers__serial.a(uart_nrfx_uarte.c.obj)
 .text.uarte_nrfx_rx_enable
                0x0000000000002898      0x194 zephyr/drivers/serial/libdrivers__serial.a(uart_nrfx_uarte.c.obj)
 .text.compare_int_lock
                0x0000000000002a2c       0x48 zephyr/drivers/timer/libdrivers__timer.a(nrf_rtc_timer.c.obj)
 .text.sys_clock_timeout_handler
                0x0000000000002a74       0x48 zephyr/drivers/timer/libdrivers__timer.a(nrf_rtc_timer.c.obj)
 .text.compare_int_unlock
                0x0000000000002abc       0x5c zephyr/drivers/timer/libdrivers__timer.a(nrf_rtc_timer.c.obj)
 .text.z_nrf_rtc_timer_read
                0x0000000000002b18       0x44 zephyr/drivers/timer/libdrivers__timer.a(nrf_rtc_timer.c.obj)
                0x0000000000002b18                z_nrf_rtc_timer_read
 .text.compare_set
                0x0000000000002b5c      0x130 zephyr/drivers/timer/libdrivers__timer.a(nrf_rtc_timer.c.obj)
 .text.sys_clock_driver_init
                0x0000000000002c8c       0x90 zephyr/drivers/timer/libdrivers__timer.a(nrf_rtc_timer.c.obj)
 .text.rtc_nrf_isr
                0x0000000000002d1c       0xd4 zephyr/drivers/timer/libdrivers__timer.a(nrf_rtc_timer.c.obj)
                0x0000000000002d1c                rtc_nrf_isr
 .text.sys_clock_set_timeout
                0x0000000000002df0       0x5c zephyr/drivers/timer/libdrivers__timer.a(nrf_rtc_timer.c.obj)
                0x0000000000002df0                sys_clock_set_timeout
 .text.sys_clock_elapsed
                0x0000000000002e4c       0x14 zephyr/drivers/timer/libdrivers__timer.a(nrf_rtc_timer.c.obj)
                0x0000000000002e4c                sys_clock_elapsed
 .text.nrf52_errata_98
                0x0000000000002e60       0x24 modules/hal_nordic/modules/hal_nordic/nrfx/libmodules__hal_nordic__nrfx.a(system_nrf52840.c.obj)
 .text.nvmc_wait
                0x0000000000002e84       0x10 modules/hal_nordic/modules/hal_nordic/nrfx/libmodules__hal_nordic__nrfx.a(system_nrf52840.c.obj)
                0x0000000000002e84                nvmc_wait
 .text.SystemInit
                0x0000000000002e94      0x1bc modules/hal_nordic/modules/hal_nordic/nrfx/libmodules__hal_nordic__nrfx.a(system_nrf52840.c.obj)
                0x0000000000002e94                SystemInit
 .text.nrfx_flag32_alloc
                0x0000000000003050       0x48 modules/hal_nordic/modules/hal_nordic/nrfx/libmodules__hal_nordic__nrfx.a(nrfx_flag32_allocator.c.obj)
                0x0000000000003050                nrfx_flag32_alloc
 .text.nrfx_flag32_free
                0x0000000000003098       0x40 modules/hal_nordic/modules/hal_nordic/nrfx/libmodules__hal_nordic__nrfx.a(nrfx_flag32_allocator.c.obj)
                0x0000000000003098                nrfx_flag32_free
 .text.nrfx_gppi_channels_enable
                0x00000000000030d8        0xc modules/hal_nordic/modules/hal_nordic/nrfx/libmodules__hal_nordic__nrfx.a(nrfx_gppi_ppi.c.obj)
                0x00000000000030d8                nrfx_gppi_channels_enable
 .text.clock_stop
                0x00000000000030e4       0xc4 modules/hal_nordic/modules/hal_nordic/nrfx/libmodules__hal_nordic__nrfx.a(nrfx_clock.c.obj)
 .text.nrfx_clock_init
                0x00000000000031a8       0x20 modules/hal_nordic/modules/hal_nordic/nrfx/libmodules__hal_nordic__nrfx.a(nrfx_clock.c.obj)
                0x00000000000031a8                nrfx_clock_init
 .text.nrfx_clock_enable
                0x00000000000031c8       0x24 modules/hal_nordic/modules/hal_nordic/nrfx/libmodules__hal_nordic__nrfx.a(nrfx_clock.c.obj)
                0x00000000000031c8                nrfx_clock_enable
 .text.nrfx_clock_start
                0x00000000000031ec       0xa8 modules/hal_nordic/modules/hal_nordic/nrfx/libmodules__hal_nordic__nrfx.a(nrfx_clock.c.obj)
                0x00000000000031ec                nrfx_clock_start
 .text.nrfx_power_clock_irq_handler
                0x0000000000003294       0x7c modules/hal_nordic/modules/hal_nordic/nrfx/libmodules__hal_nordic__nrfx.a(nrfx_clock.c.obj)
                0x0000000000003294                nrfx_power_clock_irq_handler
 .text.nrf_gpio_pin_port_decode
                0x0000000000003310       0x20 modules/hal_nordic/modules/hal_nordic/nrfx/libmodules__hal_nordic__nrfx.a(nrfx_gpiote.c.obj)
 .text.get_pin_idx
                0x0000000000003330       0x14 modules/hal_nordic/modules/hal_nordic/nrfx/libmodules__hal_nordic__nrfx.a(nrfx_gpiote.c.obj)
 .text.call_handler.constprop.0
                0x0000000000003344       0x40 modules/hal_nordic/modules/hal_nordic/nrfx/libmodules__hal_nordic__nrfx.a(nrfx_gpiote.c.obj)
 .text.pin_te_get.constprop.0
                0x0000000000003384       0x18 modules/hal_nordic/modules/hal_nordic/nrfx/libmodules__hal_nordic__nrfx.a(nrfx_gpiote.c.obj)
 .text.pin_is_output.constprop.0
                0x000000000000339c       0x18 modules/hal_nordic/modules/hal_nordic/nrfx/libmodules__hal_nordic__nrfx.a(nrfx_gpiote.c.obj)
 .text.pin_in_use_by_te.constprop.0
                0x00000000000033b4       0x18 modules/hal_nordic/modules/hal_nordic/nrfx/libmodules__hal_nordic__nrfx.a(nrfx_gpiote.c.obj)
 .text.latch_pending_read_and_check
                0x00000000000033cc       0x40 modules/hal_nordic/modules/hal_nordic/nrfx/libmodules__hal_nordic__nrfx.a(nrfx_gpiote.c.obj)
 .text.release_handler.isra.0
                0x000000000000340c       0x58 modules/hal_nordic/modules/hal_nordic/nrfx/libmodules__hal_nordic__nrfx.a(nrfx_gpiote.c.obj)
 .text.__nrfy_internal_gpiote_events_process.constprop.0
                0x0000000000003464       0x5c modules/hal_nordic/modules/hal_nordic/nrfx/libmodules__hal_nordic__nrfx.a(nrfx_gpiote.c.obj)
 .text.pin_uninit
                0x00000000000034c0       0x80 modules/hal_nordic/modules/hal_nordic/nrfx/libmodules__hal_nordic__nrfx.a(nrfx_gpiote.c.obj)
 .text.nrfx_gpiote_input_configure
                0x0000000000003540      0x174 modules/hal_nordic/modules/hal_nordic/nrfx/libmodules__hal_nordic__nrfx.a(nrfx_gpiote.c.obj)
                0x0000000000003540                nrfx_gpiote_input_configure
 .text.nrfx_gpiote_output_configure
                0x00000000000036b4       0xfc modules/hal_nordic/modules/hal_nordic/nrfx/libmodules__hal_nordic__nrfx.a(nrfx_gpiote.c.obj)
                0x00000000000036b4                nrfx_gpiote_output_configure
 .text.nrfx_gpiote_global_callback_set
                0x00000000000037b0        0xc modules/hal_nordic/modules/hal_nordic/nrfx/libmodules__hal_nordic__nrfx.a(nrfx_gpiote.c.obj)
                0x00000000000037b0                nrfx_gpiote_global_callback_set
 .text.nrfx_gpiote_channel_get
                0x00000000000037bc       0x34 modules/hal_nordic/modules/hal_nordic/nrfx/libmodules__hal_nordic__nrfx.a(nrfx_gpiote.c.obj)
                0x00000000000037bc                nrfx_gpiote_channel_get
 .text.nrfx_gpiote_init
                0x00000000000037f0       0x68 modules/hal_nordic/modules/hal_nordic/nrfx/libmodules__hal_nordic__nrfx.a(nrfx_gpiote.c.obj)
                0x00000000000037f0                nrfx_gpiote_init
 .text.nrfx_gpiote_init_check
                0x0000000000003858       0x14 modules/hal_nordic/modules/hal_nordic/nrfx/libmodules__hal_nordic__nrfx.a(nrfx_gpiote.c.obj)
                0x0000000000003858                nrfx_gpiote_init_check
 .text.nrfx_gpiote_channel_free
                0x000000000000386c        0xc modules/hal_nordic/modules/hal_nordic/nrfx/libmodules__hal_nordic__nrfx.a(nrfx_gpiote.c.obj)
                0x000000000000386c                nrfx_gpiote_channel_free
 .text.nrfx_gpiote_channel_alloc
                0x0000000000003878        0xc modules/hal_nordic/modules/hal_nordic/nrfx/libmodules__hal_nordic__nrfx.a(nrfx_gpiote.c.obj)
                0x0000000000003878                nrfx_gpiote_channel_alloc
 .text.nrfx_gpiote_trigger_enable
                0x0000000000003884       0xb0 modules/hal_nordic/modules/hal_nordic/nrfx/libmodules__hal_nordic__nrfx.a(nrfx_gpiote.c.obj)
                0x0000000000003884                nrfx_gpiote_trigger_enable
 .text.nrfx_gpiote_0_irq_handler
                0x0000000000003934      0x1bc modules/hal_nordic/modules/hal_nordic/nrfx/libmodules__hal_nordic__nrfx.a(nrfx_gpiote.c.obj)
                0x0000000000003934                nrfx_gpiote_0_irq_handler
 .text.nrfx_ppi_channel_alloc
                0x0000000000003af0        0xc modules/hal_nordic/modules/hal_nordic/nrfx/libmodules__hal_nordic__nrfx.a(nrfx_ppi.c.obj)
                0x0000000000003af0                nrfx_ppi_channel_alloc
 .text.nrf_gpio_pin_port_decode
                0x0000000000003afc       0x20 modules/hal_nordic/modules/hal_nordic/nrfx/libmodules__hal_nordic__nrfx.a(nrfx_pwm.c.obj)
 .text.pwm_stopped_check
                0x0000000000003b1c       0x34 modules/hal_nordic/modules/hal_nordic/nrfx/libmodules__hal_nordic__nrfx.a(nrfx_pwm.c.obj)
 .text.pwm_configure
                0x0000000000003b50       0xe8 modules/hal_nordic/modules/hal_nordic/nrfx/libmodules__hal_nordic__nrfx.a(nrfx_pwm.c.obj)
 .text.nrfx_pwm_init
                0x0000000000003c38       0x4c modules/hal_nordic/modules/hal_nordic/nrfx/libmodules__hal_nordic__nrfx.a(nrfx_pwm.c.obj)
                0x0000000000003c38                nrfx_pwm_init
 .text.nrfx_pwm_simple_playback
                0x0000000000003c84       0x7c modules/hal_nordic/modules/hal_nordic/nrfx/libmodules__hal_nordic__nrfx.a(nrfx_pwm.c.obj)
                0x0000000000003c84                nrfx_pwm_simple_playback
 .text.nrfx_pwm_stop
                0x0000000000003d00       0x44 modules/hal_nordic/modules/hal_nordic/nrfx/libmodules__hal_nordic__nrfx.a(nrfx_pwm.c.obj)
                0x0000000000003d00                nrfx_pwm_stop
 .text.nrfx_pwm_0_irq_handler
                0x0000000000003d44       0x78 modules/hal_nordic/modules/hal_nordic/nrfx/libmodules__hal_nordic__nrfx.a(nrfx_pwm.c.obj)
                0x0000000000003d44                nrfx_pwm_0_irq_handler
 .text.nrf_gpio_cfg.constprop.0
                0x0000000000003dbc       0x48 modules/hal_nordic/modules/hal_nordic/nrfx/libmodules__hal_nordic__nrfx.a(nrfx_twi.c.obj)
 .text.twi_configure
                0x0000000000003e04       0x3c modules/hal_nordic/modules/hal_nordic/nrfx/libmodules__hal_nordic__nrfx.a(nrfx_twi.c.obj)
 .text.twi_tx_start_transfer
                0x0000000000003e40      0x104 modules/hal_nordic/modules/hal_nordic/nrfx/libmodules__hal_nordic__nrfx.a(nrfx_twi.c.obj)
 .text.twi_rx_start_transfer
                0x0000000000003f44       0xe4 modules/hal_nordic/modules/hal_nordic/nrfx/libmodules__hal_nordic__nrfx.a(nrfx_twi.c.obj)
 .text.nrfx_twi_init
                0x0000000000004028       0x88 modules/hal_nordic/modules/hal_nordic/nrfx/libmodules__hal_nordic__nrfx.a(nrfx_twi.c.obj)
                0x0000000000004028                nrfx_twi_init
 .text.nrfx_twi_enable
                0x00000000000040b0       0x20 modules/hal_nordic/modules/hal_nordic/nrfx/libmodules__hal_nordic__nrfx.a(nrfx_twi.c.obj)
                0x00000000000040b0                nrfx_twi_enable
 .text.nrfx_twi_disable
                0x00000000000040d0       0x38 modules/hal_nordic/modules/hal_nordic/nrfx/libmodules__hal_nordic__nrfx.a(nrfx_twi.c.obj)
                0x00000000000040d0                nrfx_twi_disable
 .text.nrfx_twi_xfer
                0x0000000000004108       0xdc modules/hal_nordic/modules/hal_nordic/nrfx/libmodules__hal_nordic__nrfx.a(nrfx_twi.c.obj)
                0x0000000000004108                nrfx_twi_xfer
 .text.nrfx_twi_0_irq_handler
                0x00000000000041e4       0xd8 modules/hal_nordic/modules/hal_nordic/nrfx/libmodules__hal_nordic__nrfx.a(nrfx_twi.c.obj)
                0x00000000000041e4                nrfx_twi_0_irq_handler
 .text.nrf_gpio_pin_port_decode
                0x00000000000042bc       0x20 modules/hal_nordic/modules/hal_nordic/nrfx/libmodules__hal_nordic__nrfx.a(nrfx_twi_twim.c.obj)
 .text.nrfx_twi_twim_bus_recover
                0x00000000000042dc       0xdc modules/hal_nordic/modules/hal_nordic/nrfx/libmodules__hal_nordic__nrfx.a(nrfx_twi_twim.c.obj)
                0x00000000000042dc                nrfx_twi_twim_bus_recover
 .text._DoInit  0x00000000000043b8       0x68 modules/segger/libmodules__segger.a(SEGGER_RTT.c.obj)
 .text.SEGGER_RTT_Init
                0x0000000000004420       0x3c modules/segger/libmodules__segger.a(SEGGER_RTT.c.obj)
                0x0000000000004420                SEGGER_RTT_Init
 .text.z_fatal_error
                0x000000000000445c       0x30 zephyr/kernel/libkernel.a(fatal.c.obj)
                0x000000000000445c                z_fatal_error
 .text.z_sys_init_run_level
                0x000000000000448c       0x2c zephyr/kernel/libkernel.a(init.c.obj)
 .text.bg_thread_main
                0x00000000000044b8       0xc4 zephyr/kernel/libkernel.a(init.c.obj)
 .text.z_bss_zero
                0x000000000000457c       0x18 zephyr/kernel/libkernel.a(init.c.obj)
                0x000000000000457c                z_bss_zero
 .text.z_init_cpu
                0x0000000000004594       0x70 zephyr/kernel/libkernel.a(init.c.obj)
                0x0000000000004594                z_init_cpu
 .text.z_cstart
                0x0000000000004604       0xdc zephyr/kernel/libkernel.a(init.c.obj)
                0x0000000000004604                z_cstart
 .text.init_mem_slab_obj_core_list
                0x00000000000046e0       0x24 zephyr/kernel/libkernel.a(mem_slab.c.obj)
 .text.k_mem_slab_alloc
                0x0000000000004704       0x5c zephyr/kernel/libkernel.a(mem_slab.c.obj)
                0x0000000000004704                k_mem_slab_alloc
 .text.z_impl_k_msgq_put
                0x0000000000004760       0xac zephyr/kernel/libkernel.a(msg_q.c.obj)
                0x0000000000004760                z_impl_k_msgq_put
 .text.z_impl_k_msgq_get
                0x000000000000480c       0xc4 zephyr/kernel/libkernel.a(msg_q.c.obj)
                0x000000000000480c                z_impl_k_msgq_get
 .text.z_impl_k_mutex_lock
                0x00000000000048d0       0xf0 zephyr/kernel/libkernel.a(mutex.c.obj)
                0x00000000000048d0                z_impl_k_mutex_lock
 .text.z_impl_k_mutex_unlock
                0x00000000000049c0       0xa0 zephyr/kernel/libkernel.a(mutex.c.obj)
                0x00000000000049c0                z_impl_k_mutex_unlock
 .text.z_impl_k_sem_give
                0x0000000000004a60       0x68 zephyr/kernel/libkernel.a(sem.c.obj)
                0x0000000000004a60                z_impl_k_sem_give
 .text.z_impl_k_sem_take
                0x0000000000004ac8       0x4c zephyr/kernel/libkernel.a(sem.c.obj)
                0x0000000000004ac8                z_impl_k_sem_take
 .text.z_setup_new_thread
                0x0000000000004b14       0x98 zephyr/kernel/libkernel.a(thread.c.obj)
                0x0000000000004b14                z_setup_new_thread
 .text.z_impl_k_thread_create
                0x0000000000004bac       0x58 zephyr/kernel/libkernel.a(thread.c.obj)
                0x0000000000004bac                z_impl_k_thread_create
 .text.z_swap_irqlock
                0x0000000000004c04       0x30 zephyr/kernel/libkernel.a(sched.c.obj)
 .text.ready_thread
                0x0000000000004c34       0x90 zephyr/kernel/libkernel.a(sched.c.obj)
 .text.unready_thread
                0x0000000000004cc4       0x54 zephyr/kernel/libkernel.a(sched.c.obj)
 .text.move_thread_to_end_of_prio_q
                0x0000000000004d18       0x90 zephyr/kernel/libkernel.a(sched.c.obj)
                0x0000000000004d18                move_thread_to_end_of_prio_q
 .text.z_pend_curr
                0x0000000000004da8       0x58 zephyr/kernel/libkernel.a(sched.c.obj)
                0x0000000000004da8                z_pend_curr
 .text.z_thread_prio_set
                0x0000000000004e00       0x9c zephyr/kernel/libkernel.a(sched.c.obj)
                0x0000000000004e00                z_thread_prio_set
 .text.z_reschedule
                0x0000000000004e9c       0x24 zephyr/kernel/libkernel.a(sched.c.obj)
                0x0000000000004e9c                z_reschedule
 .text.z_reschedule_irqlock
                0x0000000000004ec0       0x28 zephyr/kernel/libkernel.a(sched.c.obj)
                0x0000000000004ec0                z_reschedule_irqlock
 .text.k_sched_lock
                0x0000000000004ee8       0x28 zephyr/kernel/libkernel.a(sched.c.obj)
                0x0000000000004ee8                k_sched_lock
 .text.k_sched_unlock
                0x0000000000004f10       0x68 zephyr/kernel/libkernel.a(sched.c.obj)
                0x0000000000004f10                k_sched_unlock
 .text.z_sched_init
                0x0000000000004f78       0x10 zephyr/kernel/libkernel.a(sched.c.obj)
                0x0000000000004f78                z_sched_init
 .text.z_impl_k_yield
                0x0000000000004f88       0x88 zephyr/kernel/libkernel.a(sched.c.obj)
                0x0000000000004f88                z_impl_k_yield
 .text.z_tick_sleep
                0x0000000000005010       0x80 zephyr/kernel/libkernel.a(sched.c.obj)
 .text.z_impl_k_wakeup
                0x0000000000005090       0x4c zephyr/kernel/libkernel.a(sched.c.obj)
                0x0000000000005090                z_impl_k_wakeup
 .text.z_impl_k_sched_current_thread_query
                0x00000000000050dc        0xc zephyr/kernel/libkernel.a(sched.c.obj)
                0x00000000000050dc                z_impl_k_sched_current_thread_query
 .text.z_thread_abort
                0x00000000000050e8      0x110 zephyr/kernel/libkernel.a(sched.c.obj)
                0x00000000000050e8                z_thread_abort
 .text.slice_timeout
                0x00000000000051f8       0x20 zephyr/kernel/libkernel.a(timeslicing.c.obj)
 .text.thread_is_sliceable
                0x0000000000005218       0x3c zephyr/kernel/libkernel.a(timeslicing.c.obj)
                0x0000000000005218                thread_is_sliceable
 .text.z_reset_time_slice
                0x0000000000005254       0x50 zephyr/kernel/libkernel.a(timeslicing.c.obj)
                0x0000000000005254                z_reset_time_slice
 .text.z_time_slice
                0x00000000000052a4       0x60 zephyr/kernel/libkernel.a(timeslicing.c.obj)
                0x00000000000052a4                z_time_slice
 .text.z_data_copy
                0x0000000000005304       0x38 zephyr/kernel/libkernel.a(xip.c.obj)
                0x0000000000005304                z_data_copy
 .text.first    0x000000000000533c       0x10 zephyr/kernel/libkernel.a(timeout.c.obj)
 .text.elapsed  0x000000000000534c       0x14 zephyr/kernel/libkernel.a(timeout.c.obj)
 .text.remove_timeout
                0x0000000000005360       0x38 zephyr/kernel/libkernel.a(timeout.c.obj)
 .text.z_add_timeout
                0x0000000000005398       0xec zephyr/kernel/libkernel.a(timeout.c.obj)
                0x0000000000005398                z_add_timeout
 .text.sys_clock_announce
                0x0000000000005484       0xbc zephyr/kernel/libkernel.a(timeout.c.obj)
                0x0000000000005484                sys_clock_announce
 .text.sys_clock_tick_get
                0x0000000000005540       0x30 zephyr/kernel/libkernel.a(timeout.c.obj)
                0x0000000000005540                sys_clock_tick_get
 .text.z_timer_expiration_handler
                0x0000000000005570       0xe0 zephyr/kernel/libkernel.a(timer.c.obj)
                0x0000000000005570                z_timer_expiration_handler
 .text.z_impl_k_timer_start
                0x0000000000005650       0x74 zephyr/kernel/libkernel.a(timer.c.obj)
                0x0000000000005650                z_impl_k_timer_start
 .text.statics_init
                0x00000000000056c4       0x24 zephyr/kernel/libkernel.a(kheap.c.obj)
 .text.nrf_cc3xx_platform_init_no_rng
                0x00000000000056e8       0x38 C:/ncs/v3.0.1/nrfxlib/crypto/nrf_cc310_platform/lib/cortex-m4/soft-float/no-interrupts/libnrf_cc310_platform_0.9.19.a(nrf_cc3xx_platform.c.obj)
                0x00000000000056e8                nrf_cc3xx_platform_init_no_rng
 .text.nrf_cc3xx_platform_abort
                0x0000000000005720       0x24 C:/ncs/v3.0.1/nrfxlib/crypto/nrf_cc310_platform/lib/cortex-m4/soft-float/no-interrupts/libnrf_cc310_platform_0.9.19.a(nrf_cc3xx_platform_abort.c.obj)
 .text.CC_PalAbort
                0x0000000000005744       0x34 C:/ncs/v3.0.1/nrfxlib/crypto/nrf_cc310_platform/lib/cortex-m4/soft-float/no-interrupts/libnrf_cc310_platform_0.9.19.a(nrf_cc3xx_platform_abort.c.obj)
                0x0000000000005744                CC_PalAbort
 .text.nrf_cc3xx_platform_set_abort
                0x0000000000005778       0x10 C:/ncs/v3.0.1/nrfxlib/crypto/nrf_cc310_platform/lib/cortex-m4/soft-float/no-interrupts/libnrf_cc310_platform_0.9.19.a(nrf_cc3xx_platform_abort.c.obj)
                0x0000000000005778                nrf_cc3xx_platform_set_abort
 .text.mutex_free
                0x0000000000005788       0x34 C:/ncs/v3.0.1/nrfxlib/crypto/nrf_cc310_platform/lib/cortex-m4/soft-float/no-interrupts/libnrf_cc310_platform_0.9.19.a(nrf_cc3xx_platform_mutex.c.obj)
 .text.mutex_lock
                0x00000000000057bc       0x48 C:/ncs/v3.0.1/nrfxlib/crypto/nrf_cc310_platform/lib/cortex-m4/soft-float/no-interrupts/libnrf_cc310_platform_0.9.19.a(nrf_cc3xx_platform_mutex.c.obj)
 .text.mutex_unlock
                0x0000000000005804       0x38 C:/ncs/v3.0.1/nrfxlib/crypto/nrf_cc310_platform/lib/cortex-m4/soft-float/no-interrupts/libnrf_cc310_platform_0.9.19.a(nrf_cc3xx_platform_mutex.c.obj)
 .text.mutex_init
                0x000000000000583c       0x20 C:/ncs/v3.0.1/nrfxlib/crypto/nrf_cc310_platform/lib/cortex-m4/soft-float/no-interrupts/libnrf_cc310_platform_0.9.19.a(nrf_cc3xx_platform_mutex.c.obj)
 .text.nrf_cc3xx_platform_set_mutexes
                0x000000000000585c       0x74 C:/ncs/v3.0.1/nrfxlib/crypto/nrf_cc310_platform/lib/cortex-m4/soft-float/no-interrupts/libnrf_cc310_platform_0.9.19.a(nrf_cc3xx_platform_mutex.c.obj)
                0x000000000000585c                nrf_cc3xx_platform_set_mutexes
 .text.CC_LibInitNoRng
                0x00000000000058d0       0x64 C:/ncs/v3.0.1/nrfxlib/crypto/nrf_cc310_platform/lib/cortex-m4/soft-float/no-interrupts/libnrf_cc310_platform_0.9.19.a(cc_lib.c.obj)
                0x00000000000058d0                CC_LibInitNoRng
 .text.CC_HalInit
                0x0000000000005934        0x4 C:/ncs/v3.0.1/nrfxlib/crypto/nrf_cc310_platform/lib/cortex-m4/soft-float/no-interrupts/libnrf_cc310_platform_0.9.19.a(cc_hal.c.obj)
                0x0000000000005934                CC_HalInit
 .text.CC_HalTerminate
                0x0000000000005938        0x4 C:/ncs/v3.0.1/nrfxlib/crypto/nrf_cc310_platform/lib/cortex-m4/soft-float/no-interrupts/libnrf_cc310_platform_0.9.19.a(cc_hal.c.obj)
                0x0000000000005938                CC_HalTerminate
 .text.CC_HalMaskInterrupt
                0x000000000000593c        0xc C:/ncs/v3.0.1/nrfxlib/crypto/nrf_cc310_platform/lib/cortex-m4/soft-float/no-interrupts/libnrf_cc310_platform_0.9.19.a(cc_hal.c.obj)
                0x000000000000593c                CC_HalMaskInterrupt
 .text.CC_PalInit
                0x0000000000005948       0x5c C:/ncs/v3.0.1/nrfxlib/crypto/nrf_cc310_platform/lib/cortex-m4/soft-float/no-interrupts/libnrf_cc310_platform_0.9.19.a(cc_pal.c.obj)
                0x0000000000005948                CC_PalInit
 .text.CC_PalTerminate
                0x00000000000059a4       0x34 C:/ncs/v3.0.1/nrfxlib/crypto/nrf_cc310_platform/lib/cortex-m4/soft-float/no-interrupts/libnrf_cc310_platform_0.9.19.a(cc_pal.c.obj)
                0x00000000000059a4                CC_PalTerminate
 .text.CC_PalDmaInit
                0x00000000000059d8        0x4 C:/ncs/v3.0.1/nrfxlib/crypto/nrf_cc310_platform/lib/cortex-m4/soft-float/no-interrupts/libnrf_cc310_platform_0.9.19.a(cc_pal_dma.c.obj)
                0x00000000000059d8                CC_PalDmaInit
 .text.CC_PalDmaTerminate
                0x00000000000059dc        0x4 C:/ncs/v3.0.1/nrfxlib/crypto/nrf_cc310_platform/lib/cortex-m4/soft-float/no-interrupts/libnrf_cc310_platform_0.9.19.a(cc_pal_dma.c.obj)
                0x00000000000059dc                CC_PalDmaTerminate
 .text.CC_PalMutexCreate
                0x00000000000059e0       0x14 C:/ncs/v3.0.1/nrfxlib/crypto/nrf_cc310_platform/lib/cortex-m4/soft-float/no-interrupts/libnrf_cc310_platform_0.9.19.a(cc_pal_mutex.c.obj)
                0x00000000000059e0                CC_PalMutexCreate
 .text.CC_PalMutexDestroy
                0x00000000000059f4       0x14 C:/ncs/v3.0.1/nrfxlib/crypto/nrf_cc310_platform/lib/cortex-m4/soft-float/no-interrupts/libnrf_cc310_platform_0.9.19.a(cc_pal_mutex.c.obj)
                0x00000000000059f4                CC_PalMutexDestroy
 .text.CC_PalPowerSaveModeInit
                0x0000000000005a08       0x3c C:/ncs/v3.0.1/nrfxlib/crypto/nrf_cc310_platform/lib/cortex-m4/soft-float/no-interrupts/libnrf_cc310_platform_0.9.19.a(cc_pal_pm.c.obj)
                0x0000000000005a08                CC_PalPowerSaveModeInit
 .text.CC_PalPowerSaveModeSelect
                0x0000000000005a44       0x84 C:/ncs/v3.0.1/nrfxlib/crypto/nrf_cc310_platform/lib/cortex-m4/soft-float/no-interrupts/libnrf_cc310_platform_0.9.19.a(cc_pal_pm.c.obj)
                0x0000000000005a44                CC_PalPowerSaveModeSelect
 .text.exit     0x0000000000005ac8       0x1c c:\ncs\toolchains\0b393f9e1b\opt\zephyr-sdk\arm-zephyr-eabi\bin\../lib/gcc/../../picolibc/arm-zephyr-eabi/lib/thumb/v7e-m/nofp\libc.a(libc_stdlib_pico-exit.c.o)
                0x0000000000005ac8                exit
 .text.puts     0x0000000000005ae4       0x40 c:\ncs\toolchains\0b393f9e1b\opt\zephyr-sdk\arm-zephyr-eabi\bin\../lib/gcc/../../picolibc/arm-zephyr-eabi/lib/thumb/v7e-m/nofp\libc.a(libc_tinystdio_puts.c.o)
                0x0000000000005ae4                puts
 .text.snprintf
                0x0000000000005b24       0x58 c:\ncs\toolchains\0b393f9e1b\opt\zephyr-sdk\arm-zephyr-eabi\bin\../lib/gcc/../../picolibc/arm-zephyr-eabi/lib/thumb/v7e-m/nofp\libc.a(libc_tinystdio_snprintf.c.o)
                0x0000000000005b24                snprintf
 .text.strtol   0x0000000000005b7c       0xec c:\ncs\toolchains\0b393f9e1b\opt\zephyr-sdk\arm-zephyr-eabi\bin\../lib/gcc/../../picolibc/arm-zephyr-eabi/lib/thumb/v7e-m/nofp\libc.a(libc_tinystdio_strtol.c.o)
                0x0000000000005b7c                strtol
 .text.__l_vfprintf
                0x0000000000005c68      0x4b8 c:\ncs\toolchains\0b393f9e1b\opt\zephyr-sdk\arm-zephyr-eabi\bin\../lib/gcc/../../picolibc/arm-zephyr-eabi/lib/thumb/v7e-m/nofp\libc.a(libc_tinystdio_vflprintf.c.o)
                0x0000000000005c68                __l_vfprintf
 .text.__libc_fini_array
                0x0000000000006120       0x2c c:\ncs\toolchains\0b393f9e1b\opt\zephyr-sdk\arm-zephyr-eabi\bin\../lib/gcc/../../picolibc/arm-zephyr-eabi/lib/thumb/v7e-m/nofp\libc.a(libc_misc_fini.c.o)
                0x0000000000006120                __libc_fini_array
 .text._OffsetAbsSyms
                0x000000000000614c        0x2 zephyr/CMakeFiles/offsets.dir/./arch/arm/core/offsets/offsets.c.obj
                0x000000000000614c                _OffsetAbsSyms
 .text.ui_thread_func
                0x000000000000614e        0x8 app/libapp.a(main.c.obj)
                0x000000000000614e                ui_thread_func
 .text.actuator_thread_func
                0x0000000000006156        0x6 app/libapp.a(main.c.obj)
                0x0000000000006156                actuator_thread_func
 .text.i2c_write_read.constprop.0
                0x000000000000615c       0x36 app/libapp.a(i2c.c.obj)
 .text.calcChecksum
                0x0000000000006192       0x16 app/libapp.a(cmdproc.c.obj)
                0x0000000000006192                calcChecksum
 .text.gpio_pin_configure_dt.isra.0
                0x00000000000061a8       0x3e app/libapp.a(gpio.c.obj)
 .text.chunk_field
                0x00000000000061e6       0x16 zephyr/libzephyr.a(heap.c.obj)
 .text.chunk_set
                0x00000000000061fc       0x16 zephyr/libzephyr.a(heap.c.obj)
 .text.chunk_size
                0x0000000000006212        0xc zephyr/libzephyr.a(heap.c.obj)
 .text.set_chunk_used
                0x000000000000621e       0x30 zephyr/libzephyr.a(heap.c.obj)
 .text.set_chunk_size
                0x000000000000624e        0x8 zephyr/libzephyr.a(heap.c.obj)
 .text.bucket_idx.isra.0
                0x0000000000006256       0x1c zephyr/libzephyr.a(heap.c.obj)
 .text.free_list_add
                0x0000000000006272       0x84 zephyr/libzephyr.a(heap.c.obj)
 .text.sys_heap_init
                0x00000000000062f6       0xb0 zephyr/libzephyr.a(heap.c.obj)
                0x00000000000062f6                sys_heap_init
 .text.arch_printk_char_out
                0x00000000000063a6        0x4 zephyr/libzephyr.a(printk.c.obj)
                0x00000000000063a6                arch_printk_char_out
 .text.printk   0x00000000000063aa       0x1a zephyr/libzephyr.a(printk.c.obj)
                0x00000000000063aa                printk
 .text.process_recheck
                0x00000000000063c4       0x38 zephyr/libzephyr.a(onoff.c.obj)
 .text.validate_args
                0x00000000000063fc       0x20 zephyr/libzephyr.a(onoff.c.obj)
 .text.notify_one
                0x000000000000641c       0x2c zephyr/libzephyr.a(onoff.c.obj)
 .text.transition_complete
                0x0000000000006448       0x1a zephyr/libzephyr.a(onoff.c.obj)
 .text.onoff_manager_init
                0x0000000000006462       0x26 zephyr/libzephyr.a(onoff.c.obj)
                0x0000000000006462                onoff_manager_init
 .text.onoff_request
                0x0000000000006488       0xae zephyr/libzephyr.a(onoff.c.obj)
                0x0000000000006488                onoff_request
 .text.sys_notify_validate
                0x0000000000006536       0x22 zephyr/libzephyr.a(notify.c.obj)
                0x0000000000006536                sys_notify_validate
 .text.sys_notify_finalize
                0x0000000000006558       0x1a zephyr/libzephyr.a(notify.c.obj)
                0x0000000000006558                sys_notify_finalize
 .text._ConfigAbsSyms
                0x0000000000006572        0x2 zephyr/libzephyr.a(configs.c.obj)
                0x0000000000006572                _ConfigAbsSyms
 .text.abort_function
                0x0000000000006574        0x2 zephyr/libzephyr.a(nrf_cc3xx_platform_abort_zephyr.c.obj)
 .text.z_arm_fatal_error
                0x0000000000006576        0xc zephyr/arch/arch/arm/core/libarch__arm__core.a(fatal.c.obj)
                0x0000000000006576                z_arm_fatal_error
 .text.z_do_kernel_oops
                0x0000000000006582        0x8 zephyr/arch/arch/arm/core/libarch__arm__core.a(fatal.c.obj)
                0x0000000000006582                z_do_kernel_oops
 .text.z_arm_nmi
                0x000000000000658a        0xe zephyr/arch/arch/arm/core/libarch__arm__core.a(nmi.c.obj)
                0x000000000000658a                z_arm_nmi
 .text.z_irq_spurious
                0x0000000000006598        0x8 zephyr/arch/arch/arm/core/cortex_m/libarch__arm__core__cortex_m.a(irq_manage.c.obj)
                0x0000000000006598                z_irq_spurious
 .text.arch_irq_unlock_outlined
                0x00000000000065a0        0xe zephyr/arch/arch/arm/core/cortex_m/libarch__arm__core__cortex_m.a(thread.c.obj)
                0x00000000000065a0                arch_irq_unlock_outlined
 .text.arch_cpu_idle
                0x00000000000065ae       0x1a zephyr/arch/arch/arm/core/cortex_m/libarch__arm__core__cortex_m.a(cpu_idle.c.obj)
                0x00000000000065ae                arch_cpu_idle
 .text.arch_cpu_atomic_idle
                0x00000000000065c8       0x1e zephyr/arch/arch/arm/core/cortex_m/libarch__arm__core__cortex_m.a(cpu_idle.c.obj)
                0x00000000000065c8                arch_cpu_atomic_idle
 .text.size_to_mpu_rasr_size
                0x00000000000065e6       0x20 zephyr/arch/arch/arm/core/mpu/libarch__arm__core__mpu.a(arm_mpu.c.obj)
 .text.picolibc_put
                0x0000000000006606        0xa zephyr/lib/libc/picolibc/liblib__libc__picolibc.a(stdio.c.obj)
 .text.get_status
                0x0000000000006610       0x12 zephyr/drivers/clock_control/libdrivers__clock_control.a(clock_control_nrf.c.obj)
 .text.stop     0x0000000000006622       0x52 zephyr/drivers/clock_control/libdrivers__clock_control.a(clock_control_nrf.c.obj)
 .text.api_stop
                0x0000000000006674        0x6 zephyr/drivers/clock_control/libdrivers__clock_control.a(clock_control_nrf.c.obj)
 .text.async_start
                0x000000000000667a       0x5c zephyr/drivers/clock_control/libdrivers__clock_control.a(clock_control_nrf.c.obj)
 .text.api_start
                0x00000000000066d6        0xe zephyr/drivers/clock_control/libdrivers__clock_control.a(clock_control_nrf.c.obj)
 .text.onoff_started_callback
                0x00000000000066e4       0x12 zephyr/drivers/clock_control/libdrivers__clock_control.a(clock_control_nrf.c.obj)
 .text.lfclk_start
                0x00000000000066f6        0x6 zephyr/drivers/clock_control/libdrivers__clock_control.a(clock_control_nrf.c.obj)
 .text.lfclk_stop
                0x00000000000066fc        0x6 zephyr/drivers/clock_control/libdrivers__clock_control.a(clock_control_nrf.c.obj)
 .text.blocking_start_callback
                0x0000000000006702        0x6 zephyr/drivers/clock_control/libdrivers__clock_control.a(clock_control_nrf.c.obj)
 .text.gpio_nrfx_port_get_raw
                0x0000000000006708        0xe zephyr/drivers/gpio/libdrivers__gpio.a(gpio_nrfx.c.obj)
 .text.gpio_nrfx_port_set_masked_raw
                0x0000000000006716       0x18 zephyr/drivers/gpio/libdrivers__gpio.a(gpio_nrfx.c.obj)
 .text.gpio_nrfx_port_set_bits_raw
                0x000000000000672e        0xc zephyr/drivers/gpio/libdrivers__gpio.a(gpio_nrfx.c.obj)
 .text.gpio_nrfx_port_clear_bits_raw
                0x000000000000673a        0xc zephyr/drivers/gpio/libdrivers__gpio.a(gpio_nrfx.c.obj)
 .text.gpio_nrfx_port_toggle_bits
                0x0000000000006746       0x1a zephyr/drivers/gpio/libdrivers__gpio.a(gpio_nrfx.c.obj)
 .text.gpio_nrfx_manage_callback
                0x0000000000006760       0x52 zephyr/drivers/gpio/libdrivers__gpio.a(gpio_nrfx.c.obj)
 .text.twi_0_init
                0x00000000000067b2       0x40 zephyr/drivers/i2c/libdrivers__i2c.a(i2c_nrfx_twi.c.obj)
 .text.i2c_nrfx_twi_configure
                0x00000000000067f2       0x32 zephyr/drivers/i2c/libdrivers__i2c.a(i2c_nrfx_twi_common.c.obj)
                0x00000000000067f2                i2c_nrfx_twi_configure
 .text.pinctrl_lookup_state
                0x0000000000006824       0x26 zephyr/drivers/pinctrl/libdrivers__pinctrl.a(common.c.obj)
                0x0000000000006824                pinctrl_lookup_state
 .text.pwm_handler
                0x000000000000684a        0x2 zephyr/drivers/pwm/libdrivers__pwm.a(pwm_nrfx.c.obj)
 .text.pwm_nrfx_get_cycles_per_sec
                0x000000000000684c        0xc zephyr/drivers/pwm/libdrivers__pwm.a(pwm_nrfx.c.obj)
 .text.pwm_nrfx_set_cycles
                0x0000000000006858      0x130 zephyr/drivers/pwm/libdrivers__pwm.a(pwm_nrfx.c.obj)
 .text.uarte_nrfx_err_check
                0x0000000000006988        0xe zephyr/drivers/serial/libdrivers__serial.a(uart_nrfx_uarte.c.obj)
 .text.user_callback
                0x0000000000006996        0xe zephyr/drivers/serial/libdrivers__serial.a(uart_nrfx_uarte.c.obj)
 .text.notify_uart_rx_rdy
                0x00000000000069a4       0x34 zephyr/drivers/serial/libdrivers__serial.a(uart_nrfx_uarte.c.obj)
 .text.rx_buf_release
                0x00000000000069d8       0x28 zephyr/drivers/serial/libdrivers__serial.a(uart_nrfx_uarte.c.obj)
 .text.notify_rx_disable
                0x0000000000006a00       0x22 zephyr/drivers/serial/libdrivers__serial.a(uart_nrfx_uarte.c.obj)
 .text.uarte_nrfx_rx_buf_rsp
                0x0000000000006a22       0x56 zephyr/drivers/serial/libdrivers__serial.a(uart_nrfx_uarte.c.obj)
 .text.uarte_nrfx_callback_set
                0x0000000000006a78       0x16 zephyr/drivers/serial/libdrivers__serial.a(uart_nrfx_uarte.c.obj)
 .text.uarte_nrfx_poll_in
                0x0000000000006a8e       0x32 zephyr/drivers/serial/libdrivers__serial.a(uart_nrfx_uarte.c.obj)
 .text.uarte_nrfx_rx_disable
                0x0000000000006ac0       0x5c zephyr/drivers/serial/libdrivers__serial.a(uart_nrfx_uarte.c.obj)
 .text.setup_tx_cache
                0x0000000000006b1c       0x3e zephyr/drivers/serial/libdrivers__serial.a(uart_nrfx_uarte.c.obj)
 .text.is_tx_ready.isra.0
                0x0000000000006b5a       0x20 zephyr/drivers/serial/libdrivers__serial.a(uart_nrfx_uarte.c.obj)
 .text.tx_start
                0x0000000000006b7a       0x44 zephyr/drivers/serial/libdrivers__serial.a(uart_nrfx_uarte.c.obj)
 .text.start_tx_locked
                0x0000000000006bbe       0x42 zephyr/drivers/serial/libdrivers__serial.a(uart_nrfx_uarte.c.obj)
 .text.rx_timeout
                0x0000000000006c00       0x44 zephyr/drivers/serial/libdrivers__serial.a(uart_nrfx_uarte.c.obj)
 .text.uarte_nrfx_isr_async
                0x0000000000006c44      0x428 zephyr/drivers/serial/libdrivers__serial.a(uart_nrfx_uarte.c.obj)
 .text.uarte_nrfx_tx_abort
                0x000000000000706c       0x2c zephyr/drivers/serial/libdrivers__serial.a(uart_nrfx_uarte.c.obj)
 .text.tx_timeout
                0x0000000000007098        0x6 zephyr/drivers/serial/libdrivers__serial.a(uart_nrfx_uarte.c.obj)
 .text.event_clear
                0x000000000000709e       0x18 zephyr/drivers/timer/libdrivers__timer.a(nrf_rtc_timer.c.obj)
 .text.hw_cc3xx_init_internal
                0x00000000000070b6        0x4 modules/nrf/drivers/hw_cc3xx/lib..__nrf__drivers__hw_cc3xx.a(hw_cc3xx.c.obj)
 .text.hw_cc3xx_init
                0x00000000000070ba       0x12 modules/nrf/drivers/hw_cc3xx/lib..__nrf__drivers__hw_cc3xx.a(hw_cc3xx.c.obj)
 .text.nrfx_isr
                0x00000000000070cc        0x2 modules/hal_nordic/modules/hal_nordic/nrfx/libmodules__hal_nordic__nrfx.a(nrfx_glue.c.obj)
                0x00000000000070cc                nrfx_isr
 .text.nrfx_busy_wait
                0x00000000000070ce        0x4 modules/hal_nordic/modules/hal_nordic/nrfx/libmodules__hal_nordic__nrfx.a(nrfx_glue.c.obj)
                0x00000000000070ce                nrfx_busy_wait
 .text.nrfx_gppi_channel_endpoints_setup
                0x00000000000070d2       0x14 modules/hal_nordic/modules/hal_nordic/nrfx/libmodules__hal_nordic__nrfx.a(nrfx_gppi_ppi.c.obj)
                0x00000000000070d2                nrfx_gppi_channel_endpoints_setup
 .text.nrfx_gppi_channel_alloc
                0x00000000000070e6        0x4 modules/hal_nordic/modules/hal_nordic/nrfx/libmodules__hal_nordic__nrfx.a(nrfx_gppi_ppi.c.obj)
                0x00000000000070e6                nrfx_gppi_channel_alloc
 .text.nrfx_clock_stop
                0x00000000000070ea        0x4 modules/hal_nordic/modules/hal_nordic/nrfx/libmodules__hal_nordic__nrfx.a(nrfx_clock.c.obj)
                0x00000000000070ea                nrfx_clock_stop
 .text.nrf_gpio_reconfigure
                0x00000000000070ee       0x92 modules/hal_nordic/modules/hal_nordic/nrfx/libmodules__hal_nordic__nrfx.a(nrfx_gpiote.c.obj)
 .text.nrf_gpio_cfg_sense_set
                0x0000000000007180       0x1e modules/hal_nordic/modules/hal_nordic/nrfx/libmodules__hal_nordic__nrfx.a(nrfx_gpiote.c.obj)
 .text.pin_trigger_disable
                0x000000000000719e       0x48 modules/hal_nordic/modules/hal_nordic/nrfx/libmodules__hal_nordic__nrfx.a(nrfx_gpiote.c.obj)
 .text.nrfx_gpiote_pin_uninit
                0x00000000000071e6        0x4 modules/hal_nordic/modules/hal_nordic/nrfx/libmodules__hal_nordic__nrfx.a(nrfx_gpiote.c.obj)
                0x00000000000071e6                nrfx_gpiote_pin_uninit
 .text.nrfx_gpiote_trigger_disable
                0x00000000000071ea        0x4 modules/hal_nordic/modules/hal_nordic/nrfx/libmodules__hal_nordic__nrfx.a(nrfx_gpiote.c.obj)
                0x00000000000071ea                nrfx_gpiote_trigger_disable
 .text.start_playback
                0x00000000000071ee       0x48 modules/hal_nordic/modules/hal_nordic/nrfx/libmodules__hal_nordic__nrfx.a(nrfx_pwm.c.obj)
 .text.__nrfy_internal_pwm_event_handle.isra.0
                0x0000000000007236       0x22 modules/hal_nordic/modules/hal_nordic/nrfx/libmodules__hal_nordic__nrfx.a(nrfx_pwm.c.obj)
 .text.__nrfy_internal_pwm_events_process
                0x0000000000007258       0x54 modules/hal_nordic/modules/hal_nordic/nrfx/libmodules__hal_nordic__nrfx.a(nrfx_pwm.c.obj)
 .text.nrfx_pwm_stopped_check
                0x00000000000072ac        0x4 modules/hal_nordic/modules/hal_nordic/nrfx/libmodules__hal_nordic__nrfx.a(nrfx_pwm.c.obj)
                0x00000000000072ac                nrfx_pwm_stopped_check
 .text.twi_transfer
                0x00000000000072b0      0x130 modules/hal_nordic/modules/hal_nordic/nrfx/libmodules__hal_nordic__nrfx.a(nrfx_twi.c.obj)
 .text.nrf_gpio_pin_set
                0x00000000000073e0       0x1a modules/hal_nordic/modules/hal_nordic/nrfx/libmodules__hal_nordic__nrfx.a(nrfx_twi_twim.c.obj)
 .text.rtt_init
                0x00000000000073fa        0xa modules/segger/libmodules__segger.a(SEGGER_RTT_zephyr.c.obj)
 .text.z_impl_k_busy_wait
                0x0000000000007404        0x8 zephyr/kernel/libkernel.a(busy_wait.c.obj)
                0x0000000000007404                z_impl_k_busy_wait
 .text.z_device_state_init
                0x000000000000740c        0x2 zephyr/kernel/libkernel.a(device.c.obj)
                0x000000000000740c                z_device_state_init
 .text.z_impl_device_is_ready
                0x000000000000740e       0x16 zephyr/kernel/libkernel.a(device.c.obj)
                0x000000000000740e                z_impl_device_is_ready
 .text.arch_system_halt
                0x0000000000007424       0x10 zephyr/kernel/libkernel.a(fatal.c.obj)
                0x0000000000007424                arch_system_halt
 .text.k_sys_fatal_error_handler
                0x0000000000007434        0x6 zephyr/kernel/libkernel.a(fatal.c.obj)
                0x0000000000007434                k_sys_fatal_error_handler
 .text.do_device_init
                0x000000000000743a       0x30 zephyr/kernel/libkernel.a(init.c.obj)
 .text.z_early_memset
                0x000000000000746a        0x4 zephyr/kernel/libkernel.a(init.c.obj)
                0x000000000000746a                z_early_memset
 .text.z_early_memcpy
                0x000000000000746e        0x4 zephyr/kernel/libkernel.a(init.c.obj)
                0x000000000000746e                z_early_memcpy
 .text.z_init_static
                0x0000000000007472        0x2 zephyr/kernel/libkernel.a(init_static.c.obj)
                0x0000000000007472                z_init_static
 .text.create_free_list
                0x0000000000007474       0x34 zephyr/kernel/libkernel.a(mem_slab.c.obj)
 .text.k_mem_slab_init
                0x00000000000074a8       0x1c zephyr/kernel/libkernel.a(mem_slab.c.obj)
                0x00000000000074a8                k_mem_slab_init
 .text.k_mem_slab_free
                0x00000000000074c4       0x6e zephyr/kernel/libkernel.a(mem_slab.c.obj)
                0x00000000000074c4                k_mem_slab_free
 .text.idle     0x0000000000007532       0x16 zephyr/kernel/libkernel.a(idle.c.obj)
                0x0000000000007532                idle
 .text.unpend_thread_no_timeout
                0x0000000000007548       0x1a zephyr/kernel/libkernel.a(msg_q.c.obj)
 .text.adjust_owner_prio.isra.0
                0x0000000000007562       0x10 zephyr/kernel/libkernel.a(mutex.c.obj)
 .text.z_impl_k_mutex_init
                0x0000000000007572        0xe zephyr/kernel/libkernel.a(mutex.c.obj)
                0x0000000000007572                z_impl_k_mutex_init
 .text.z_impl_k_sem_init
                0x0000000000007580       0x18 zephyr/kernel/libkernel.a(sem.c.obj)
                0x0000000000007580                z_impl_k_sem_init
 .text.k_is_in_isr
                0x0000000000007598        0xc zephyr/kernel/libkernel.a(thread.c.obj)
                0x0000000000007598                k_is_in_isr
 .text.sys_dlist_remove
                0x00000000000075a4       0x10 zephyr/kernel/libkernel.a(sched.c.obj)
 .text.unpend_thread_no_timeout
                0x00000000000075b4       0x14 zephyr/kernel/libkernel.a(sched.c.obj)
 .text.add_to_waitq_locked
                0x00000000000075c8       0x50 zephyr/kernel/libkernel.a(sched.c.obj)
 .text.z_ready_thread
                0x0000000000007618       0x1e zephyr/kernel/libkernel.a(sched.c.obj)
                0x0000000000007618                z_ready_thread
 .text.z_unpend_thread_no_timeout
                0x0000000000007636       0x22 zephyr/kernel/libkernel.a(sched.c.obj)
                0x0000000000007636                z_unpend_thread_no_timeout
 .text.z_sched_wake_thread
                0x0000000000007658       0x3a zephyr/kernel/libkernel.a(sched.c.obj)
                0x0000000000007658                z_sched_wake_thread
 .text.z_thread_timeout
                0x0000000000007692        0x8 zephyr/kernel/libkernel.a(sched.c.obj)
                0x0000000000007692                z_thread_timeout
 .text.z_unpend1_no_timeout
                0x000000000000769a       0x2c zephyr/kernel/libkernel.a(sched.c.obj)
                0x000000000000769a                z_unpend1_no_timeout
 .text.z_impl_k_sleep
                0x00000000000076c6       0x32 zephyr/kernel/libkernel.a(sched.c.obj)
                0x00000000000076c6                z_impl_k_sleep
 .text.next_timeout
                0x00000000000076f8       0x32 zephyr/kernel/libkernel.a(timeout.c.obj)
 .text.z_abort_timeout
                0x000000000000772a       0x42 zephyr/kernel/libkernel.a(timeout.c.obj)
                0x000000000000772a                z_abort_timeout
 .text.sys_clock_tick_get_32
                0x000000000000776c        0x8 zephyr/kernel/libkernel.a(timeout.c.obj)
                0x000000000000776c                sys_clock_tick_get_32
 .text.z_impl_k_uptime_ticks
                0x0000000000007774        0x4 zephyr/kernel/libkernel.a(timeout.c.obj)
                0x0000000000007774                z_impl_k_uptime_ticks
 .text.k_timer_init
                0x0000000000007778       0x18 zephyr/kernel/libkernel.a(timer.c.obj)
                0x0000000000007778                k_timer_init
 .text.z_impl_k_timer_stop
                0x0000000000007790       0x38 zephyr/kernel/libkernel.a(timer.c.obj)
                0x0000000000007790                z_impl_k_timer_stop
 .text.k_heap_init
                0x00000000000077c8       0x10 zephyr/kernel/libkernel.a(kheap.c.obj)
                0x00000000000077c8                k_heap_init
 .text.memcpy   0x00000000000077d8       0x1c c:\ncs\toolchains\0b393f9e1b\opt\zephyr-sdk\arm-zephyr-eabi\bin\../lib/gcc/../../picolibc/arm-zephyr-eabi/lib/thumb/v7e-m/nofp\libc.a(memcpy.c.o)
                0x00000000000077d8                __aeabi_memcpy
                0x00000000000077d8                __aeabi_memcpy4
                0x00000000000077d8                __aeabi_memcpy8
                0x00000000000077d8                memcpy
 .text.memmove  0x00000000000077f4       0x34 c:\ncs\toolchains\0b393f9e1b\opt\zephyr-sdk\arm-zephyr-eabi\bin\../lib/gcc/../../picolibc/arm-zephyr-eabi/lib/thumb/v7e-m/nofp\libc.a(memmove.c.o)
                0x00000000000077f4                __aeabi_memmove8
                0x00000000000077f4                __aeabi_memmove
                0x00000000000077f4                __aeabi_memmove4
                0x00000000000077f4                memmove
 .text.memset   0x0000000000007828       0x10 c:\ncs\toolchains\0b393f9e1b\opt\zephyr-sdk\arm-zephyr-eabi\bin\../lib/gcc/../../picolibc/arm-zephyr-eabi/lib/thumb/v7e-m/nofp\libc.a(memset.c.o)
                0x0000000000007828                memset
 .text.atoi     0x0000000000007838        0x8 c:\ncs\toolchains\0b393f9e1b\opt\zephyr-sdk\arm-zephyr-eabi\bin\../lib/gcc/../../picolibc/arm-zephyr-eabi/lib/thumb/v7e-m/nofp\libc.a(libc_stdlib_atoi.c.o)
                0x0000000000007838                atoi
 .text.strnlen  0x0000000000007840       0x18 c:\ncs\toolchains\0b393f9e1b\opt\zephyr-sdk\arm-zephyr-eabi\bin\../lib/gcc/../../picolibc/arm-zephyr-eabi/lib/thumb/v7e-m/nofp\libc.a(libc_string_strnlen.c.o)
                0x0000000000007840                strnlen
 .text.__ultoa_invert
                0x0000000000007858       0xae c:\ncs\toolchains\0b393f9e1b\opt\zephyr-sdk\arm-zephyr-eabi\bin\../lib/gcc/../../picolibc/arm-zephyr-eabi/lib/thumb/v7e-m/nofp\libc.a(libc_tinystdio_vflprintf.c.o)
 .text.__file_str_put
                0x0000000000007906       0x10 c:\ncs\toolchains\0b393f9e1b\opt\zephyr-sdk\arm-zephyr-eabi\bin\../lib/gcc/../../picolibc/arm-zephyr-eabi/lib/thumb/v7e-m/nofp\libc.a(libc_tinystdio_filestrput.c.o)
                0x0000000000007906                __file_str_put
 *(SORT_BY_ALIGNMENT(.TEXT.*))
 *fill*         0x0000000000007916        0x2 
 .TEXT.__aeabi_read_tp
                0x0000000000007918        0xc zephyr/arch/arch/arm/core/cortex_m/libarch__arm__core__cortex_m.a(__aeabi_read_tp.S.obj)
                0x0000000000007918                __aeabi_read_tp
 *(SORT_BY_ALIGNMENT(.gnu.linkonce.t.*))
 *(SORT_BY_ALIGNMENT(.glue_7t))
 .glue_7t       0x0000000000007924        0x0 linker stubs
 *(SORT_BY_ALIGNMENT(.glue_7))
 .glue_7        0x0000000000007924        0x0 linker stubs
 *(SORT_BY_ALIGNMENT(.vfp11_veneer))
 .vfp11_veneer  0x0000000000007924        0x0 linker stubs
 *(SORT_BY_ALIGNMENT(.v4_bx))
 .v4_bx         0x0000000000007924        0x0 linker stubs
                0x0000000000007924                . = ALIGN (0x4)
                0x0000000000007924                __text_region_end = .

.ARM.exidx      0x0000000000007924        0x8
                0x0000000000007924                __exidx_start = .
 *(SORT_BY_ALIGNMENT(.ARM.exidx*) SORT_BY_ALIGNMENT(gnu.linkonce.armexidx.*))
 .ARM.exidx     0x0000000000007924        0x8 c:\ncs\toolchains\0b393f9e1b\opt\zephyr-sdk\arm-zephyr-eabi\bin\../lib/gcc/../../picolibc/arm-zephyr-eabi/lib/thumb/v7e-m/nofp\libc.a(strlen.S.o)
 .ARM.exidx     0x000000000000792c        0x0 c:/ncs/toolchains/0b393f9e1b/opt/zephyr-sdk/arm-zephyr-eabi/bin/../lib/gcc/arm-zephyr-eabi/12.2.0/thumb/v7e-m/nofp\libgcc.a(_udivmoddi4.o)
                                          0x8 (size before relaxing)
                0x000000000000792c                __exidx_end = .
                0x000000000000792c                __rodata_region_start = .

initlevel       0x000000000000792c       0x78
                0x000000000000792c                __init_start = .
                0x000000000000792c                __init_EARLY_start = .
 *(SORT_BY_NAME(SORT_BY_ALIGNMENT(.z_init_EARLY?_*)))
 *(SORT_BY_NAME(SORT_BY_ALIGNMENT(.z_init_EARLY??_*)))
                0x000000000000792c                __init_PRE_KERNEL_1_start = .
 *(SORT_BY_NAME(SORT_BY_ALIGNMENT(.z_init_PRE_KERNEL_1?_*)))
 .z_init_PRE_KERNEL_10_0_
                0x000000000000792c        0x8 zephyr/soc/soc/nrf52840/libsoc__nordic.a(soc.c.obj)
 *(SORT_BY_NAME(SORT_BY_ALIGNMENT(.z_init_PRE_KERNEL_1??_*)))
 .z_init_PRE_KERNEL_130_00075_
                0x0000000000007934        0x8 zephyr/drivers/clock_control/libdrivers__clock_control.a(clock_control_nrf.c.obj)
 .z_init_PRE_KERNEL_130_0_
                0x000000000000793c        0x8 modules/segger/libmodules__segger.a(SEGGER_RTT_zephyr.c.obj)
 .z_init_PRE_KERNEL_130_0_
                0x0000000000007944        0x8 zephyr/kernel/libkernel.a(mem_slab.c.obj)
 .z_init_PRE_KERNEL_130_0_
                0x000000000000794c        0x8 zephyr/kernel/libkernel.a(kheap.c.obj)
 .z_init_PRE_KERNEL_140_00011_
                0x0000000000007954        0x8 zephyr/drivers/gpio/libdrivers__gpio.a(gpio_nrfx.c.obj)
 .z_init_PRE_KERNEL_140_00104_
                0x000000000000795c        0x8 zephyr/drivers/gpio/libdrivers__gpio.a(gpio_nrfx.c.obj)
 .z_init_PRE_KERNEL_140_0_
                0x0000000000007964        0x8 modules/nrf/drivers/hw_cc3xx/lib..__nrf__drivers__hw_cc3xx.a(hw_cc3xx.c.obj)
 .z_init_PRE_KERNEL_150_00112_
                0x000000000000796c        0x8 zephyr/drivers/serial/libdrivers__serial.a(uart_nrfx_uarte.c.obj)
 .z_init_PRE_KERNEL_160_0_
                0x0000000000007974        0x8 zephyr/drivers/console/libdrivers__console.a(uart_console.c.obj)
                0x000000000000797c                __init_PRE_KERNEL_2_start = .
 *(SORT_BY_NAME(SORT_BY_ALIGNMENT(.z_init_PRE_KERNEL_2?_*)))
 .z_init_PRE_KERNEL_20_0_
                0x000000000000797c        0x8 zephyr/drivers/timer/libdrivers__timer.a(nrf_rtc_timer.c.obj)
 *(SORT_BY_NAME(SORT_BY_ALIGNMENT(.z_init_PRE_KERNEL_2??_*)))
                0x0000000000007984                __init_POST_KERNEL_start = .
 *(SORT_BY_NAME(SORT_BY_ALIGNMENT(.z_init_POST_KERNEL?_*)))
 *(SORT_BY_NAME(SORT_BY_ALIGNMENT(.z_init_POST_KERNEL??_*)))
 .z_init_POST_KERNEL35_0_
                0x0000000000007984        0x8 zephyr/lib/libc/common/liblib__libc__common.a(malloc.c.obj)
 .z_init_POST_KERNEL40_0_
                0x000000000000798c        0x8 modules/nrf/drivers/hw_cc3xx/lib..__nrf__drivers__hw_cc3xx.a(hw_cc3xx.c.obj)
 .z_init_POST_KERNEL50_00069_
                0x0000000000007994        0x8 zephyr/drivers/pwm/libdrivers__pwm.a(pwm_nrfx.c.obj)
 .z_init_POST_KERNEL50_00124_
                0x000000000000799c        0x8 zephyr/drivers/i2c/libdrivers__i2c.a(i2c_nrfx_twi.c.obj)
                0x00000000000079a4                __init_APPLICATION_start = .
 *(SORT_BY_NAME(SORT_BY_ALIGNMENT(.z_init_APPLICATION?_*)))
 *(SORT_BY_NAME(SORT_BY_ALIGNMENT(.z_init_APPLICATION??_*)))
                0x00000000000079a4                __init_SMP_start = .
 *(SORT_BY_NAME(SORT_BY_ALIGNMENT(.z_init_SMP?_*)))
 *(SORT_BY_NAME(SORT_BY_ALIGNMENT(.z_init_SMP??_*)))
                0x00000000000079a4                __init_end = .
                0x00000000000079a4                __deferred_init_list_start = .
 *(SORT_BY_ALIGNMENT(.z_deferred_init*))
                0x00000000000079a4                __deferred_init_list_end = .

device_area     0x00000000000079a4       0x78
                0x00000000000079a4                _device_list_start = .
 *(SORT_BY_NAME(SORT_BY_ALIGNMENT(._device.static.*_?_*)))
 *(SORT_BY_NAME(SORT_BY_ALIGNMENT(._device.static.*_??_*)))
 ._device.static.1_30_
                0x00000000000079a4       0x14 zephyr/drivers/clock_control/libdrivers__clock_control.a(clock_control_nrf.c.obj)
                0x00000000000079a4                __device_dts_ord_75
 ._device.static.1_40_
                0x00000000000079b8       0x28 zephyr/drivers/gpio/libdrivers__gpio.a(gpio_nrfx.c.obj)
                0x00000000000079b8                __device_dts_ord_104
                0x00000000000079cc                __device_dts_ord_11
 ._device.static.1_50_
                0x00000000000079e0       0x14 zephyr/drivers/serial/libdrivers__serial.a(uart_nrfx_uarte.c.obj)
                0x00000000000079e0                __device_dts_ord_112
 ._device.static.3_50_
                0x00000000000079f4       0x14 zephyr/drivers/i2c/libdrivers__i2c.a(i2c_nrfx_twi.c.obj)
                0x00000000000079f4                __device_dts_ord_124
 ._device.static.3_50_
                0x0000000000007a08       0x14 zephyr/drivers/pwm/libdrivers__pwm.a(pwm_nrfx.c.obj)
                0x0000000000007a08                __device_dts_ord_69
                0x0000000000007a1c                _device_list_end = .

sw_isr_table    0x0000000000007a1c      0x180
                0x0000000000007a1c                . = ALIGN (0x4)
 *(SORT_BY_ALIGNMENT(.gnu.linkonce.sw_isr_table*))
 .gnu.linkonce.sw_isr_table
                0x0000000000007a1c      0x180 zephyr/arch/common/libisr_tables.a(isr_tables.c.obj)
                0x0000000000007a1c                _sw_isr_table

initlevel_error
                0x000000000000792c        0x0
 *(SORT_BY_NAME(SORT_BY_ALIGNMENT(.z_init_[_A-Z0-9]*)))
                0x0000000000000001                ASSERT ((SIZEOF (initlevel_error) == 0x0), Undefined initialization levels used.)

app_shmem_regions
                0x0000000000007b9c        0x0
                0x0000000000007b9c                __app_shmem_regions_start = .
 *(SORT_BY_NAME(SORT_BY_ALIGNMENT(.app_regions.*)))
                0x0000000000007b9c                __app_shmem_regions_end = .

k_p4wq_initparam_area
                0x0000000000007b9c        0x0
                0x0000000000007b9c                _k_p4wq_initparam_list_start = .
 *(SORT_BY_NAME(SORT_BY_ALIGNMENT(._k_p4wq_initparam.static.*)))
                0x0000000000007b9c                _k_p4wq_initparam_list_end = .

_static_thread_data_area
                0x0000000000007b9c        0x0
                0x0000000000007b9c                __static_thread_data_list_start = .
 *(SORT_BY_NAME(SORT_BY_ALIGNMENT(.__static_thread_data.static.*)))
                0x0000000000007b9c                __static_thread_data_list_end = .

device_deps     0x0000000000007b9c        0x0
                0x0000000000007b9c                __device_deps_start = .
 *(SORT_BY_NAME(SORT_BY_ALIGNMENT(.__device_deps_pass2*)))
                0x0000000000007b9c                __device_deps_end = .

gpio_driver_api_area
                0x0000000000007b9c       0x24
                0x0000000000007b9c                _gpio_driver_api_list_start = .
 *(SORT_BY_NAME(SORT_BY_ALIGNMENT(._gpio_driver_api.static.*)))
 ._gpio_driver_api.static.gpio_nrfx_drv_api_funcs_
                0x0000000000007b9c       0x24 zephyr/drivers/gpio/libdrivers__gpio.a(gpio_nrfx.c.obj)
                0x0000000000007bc0                _gpio_driver_api_list_end = .

i2c_driver_api_area
                0x0000000000007bc0       0x18
                0x0000000000007bc0                _i2c_driver_api_list_start = .
 *(SORT_BY_NAME(SORT_BY_ALIGNMENT(._i2c_driver_api.static.*)))
 ._i2c_driver_api.static.i2c_nrfx_twi_driver_api_
                0x0000000000007bc0       0x18 zephyr/drivers/i2c/libdrivers__i2c.a(i2c_nrfx_twi.c.obj)
                0x0000000000007bd8                _i2c_driver_api_list_end = .

i2c_target_driver_api_area
                0x0000000000007bd8        0x0
                0x0000000000007bd8                _i2c_target_driver_api_list_start = .
 *(SORT_BY_NAME(SORT_BY_ALIGNMENT(._i2c_target_driver_api.static.*)))
                0x0000000000007bd8                _i2c_target_driver_api_list_end = .

pwm_driver_api_area
                0x0000000000007bd8        0x8
                0x0000000000007bd8                _pwm_driver_api_list_start = .
 *(SORT_BY_NAME(SORT_BY_ALIGNMENT(._pwm_driver_api.static.*)))
 ._pwm_driver_api.static.pwm_nrfx_drv_api_funcs_
                0x0000000000007bd8        0x8 zephyr/drivers/pwm/libdrivers__pwm.a(pwm_nrfx.c.obj)
                0x0000000000007be0                _pwm_driver_api_list_end = .

shared_irq_driver_api_area
                0x0000000000007be0        0x0
                0x0000000000007be0                _shared_irq_driver_api_list_start = .
 *(SORT_BY_NAME(SORT_BY_ALIGNMENT(._shared_irq_driver_api.static.*)))
                0x0000000000007be0                _shared_irq_driver_api_list_end = .

crypto_driver_api_area
                0x0000000000007be0        0x0
                0x0000000000007be0                _crypto_driver_api_list_start = .
 *(SORT_BY_NAME(SORT_BY_ALIGNMENT(._crypto_driver_api.static.*)))
                0x0000000000007be0                _crypto_driver_api_list_end = .

adc_driver_api_area
                0x0000000000007be0        0x0
                0x0000000000007be0                _adc_driver_api_list_start = .
 *(SORT_BY_NAME(SORT_BY_ALIGNMENT(._adc_driver_api.static.*)))
                0x0000000000007be0                _adc_driver_api_list_end = .

auxdisplay_driver_api_area
                0x0000000000007be0        0x0
                0x0000000000007be0                _auxdisplay_driver_api_list_start = .
 *(SORT_BY_NAME(SORT_BY_ALIGNMENT(._auxdisplay_driver_api.static.*)))
                0x0000000000007be0                _auxdisplay_driver_api_list_end = .

bbram_driver_api_area
                0x0000000000007be0        0x0
                0x0000000000007be0                _bbram_driver_api_list_start = .
 *(SORT_BY_NAME(SORT_BY_ALIGNMENT(._bbram_driver_api.static.*)))
                0x0000000000007be0                _bbram_driver_api_list_end = .

bt_hci_driver_api_area
                0x0000000000007be0        0x0
                0x0000000000007be0                _bt_hci_driver_api_list_start = .
 *(SORT_BY_NAME(SORT_BY_ALIGNMENT(._bt_hci_driver_api.static.*)))
                0x0000000000007be0                _bt_hci_driver_api_list_end = .

can_driver_api_area
                0x0000000000007be0        0x0
                0x0000000000007be0                _can_driver_api_list_start = .
 *(SORT_BY_NAME(SORT_BY_ALIGNMENT(._can_driver_api.static.*)))
                0x0000000000007be0                _can_driver_api_list_end = .

cellular_driver_api_area
                0x0000000000007be0        0x0
                0x0000000000007be0                _cellular_driver_api_list_start = .
 *(SORT_BY_NAME(SORT_BY_ALIGNMENT(._cellular_driver_api.static.*)))
                0x0000000000007be0                _cellular_driver_api_list_end = .

charger_driver_api_area
                0x0000000000007be0        0x0
                0x0000000000007be0                _charger_driver_api_list_start = .
 *(SORT_BY_NAME(SORT_BY_ALIGNMENT(._charger_driver_api.static.*)))
                0x0000000000007be0                _charger_driver_api_list_end = .

clock_control_driver_api_area
                0x0000000000007be0       0x1c
                0x0000000000007be0                _clock_control_driver_api_list_start = .
 *(SORT_BY_NAME(SORT_BY_ALIGNMENT(._clock_control_driver_api.static.*)))
 ._clock_control_driver_api.static.clock_control_api_
                0x0000000000007be0       0x1c zephyr/drivers/clock_control/libdrivers__clock_control.a(clock_control_nrf.c.obj)
                0x0000000000007bfc                _clock_control_driver_api_list_end = .

comparator_driver_api_area
                0x0000000000007bfc        0x0
                0x0000000000007bfc                _comparator_driver_api_list_start = .
 *(SORT_BY_NAME(SORT_BY_ALIGNMENT(._comparator_driver_api.static.*)))
                0x0000000000007bfc                _comparator_driver_api_list_end = .

coredump_driver_api_area
                0x0000000000007bfc        0x0
                0x0000000000007bfc                _coredump_driver_api_list_start = .
 *(SORT_BY_NAME(SORT_BY_ALIGNMENT(._coredump_driver_api.static.*)))
                0x0000000000007bfc                _coredump_driver_api_list_end = .

counter_driver_api_area
                0x0000000000007bfc        0x0
                0x0000000000007bfc                _counter_driver_api_list_start = .
 *(SORT_BY_NAME(SORT_BY_ALIGNMENT(._counter_driver_api.static.*)))
                0x0000000000007bfc                _counter_driver_api_list_end = .

dac_driver_api_area
                0x0000000000007bfc        0x0
                0x0000000000007bfc                _dac_driver_api_list_start = .
 *(SORT_BY_NAME(SORT_BY_ALIGNMENT(._dac_driver_api.static.*)))
                0x0000000000007bfc                _dac_driver_api_list_end = .

dai_driver_api_area
                0x0000000000007bfc        0x0
                0x0000000000007bfc                _dai_driver_api_list_start = .
 *(SORT_BY_NAME(SORT_BY_ALIGNMENT(._dai_driver_api.static.*)))
                0x0000000000007bfc                _dai_driver_api_list_end = .

display_driver_api_area
                0x0000000000007bfc        0x0
                0x0000000000007bfc                _display_driver_api_list_start = .
 *(SORT_BY_NAME(SORT_BY_ALIGNMENT(._display_driver_api.static.*)))
                0x0000000000007bfc                _display_driver_api_list_end = .

dma_driver_api_area
                0x0000000000007bfc        0x0
                0x0000000000007bfc                _dma_driver_api_list_start = .
 *(SORT_BY_NAME(SORT_BY_ALIGNMENT(._dma_driver_api.static.*)))
                0x0000000000007bfc                _dma_driver_api_list_end = .

edac_driver_api_area
                0x0000000000007bfc        0x0
                0x0000000000007bfc                _edac_driver_api_list_start = .
 *(SORT_BY_NAME(SORT_BY_ALIGNMENT(._edac_driver_api.static.*)))
                0x0000000000007bfc                _edac_driver_api_list_end = .

eeprom_driver_api_area
                0x0000000000007bfc        0x0
                0x0000000000007bfc                _eeprom_driver_api_list_start = .
 *(SORT_BY_NAME(SORT_BY_ALIGNMENT(._eeprom_driver_api.static.*)))
                0x0000000000007bfc                _eeprom_driver_api_list_end = .

emul_bbram_driver_api_area
                0x0000000000007bfc        0x0
                0x0000000000007bfc                _emul_bbram_driver_api_list_start = .
 *(SORT_BY_NAME(SORT_BY_ALIGNMENT(._emul_bbram_driver_api.static.*)))
                0x0000000000007bfc                _emul_bbram_driver_api_list_end = .

fuel_gauge_emul_driver_api_area
                0x0000000000007bfc        0x0
                0x0000000000007bfc                _fuel_gauge_emul_driver_api_list_start = .
 *(SORT_BY_NAME(SORT_BY_ALIGNMENT(._fuel_gauge_emul_driver_api.static.*)))
                0x0000000000007bfc                _fuel_gauge_emul_driver_api_list_end = .

emul_sensor_driver_api_area
                0x0000000000007bfc        0x0
                0x0000000000007bfc                _emul_sensor_driver_api_list_start = .
 *(SORT_BY_NAME(SORT_BY_ALIGNMENT(._emul_sensor_driver_api.static.*)))
                0x0000000000007bfc                _emul_sensor_driver_api_list_end = .

entropy_driver_api_area
                0x0000000000007bfc        0x0
                0x0000000000007bfc                _entropy_driver_api_list_start = .
 *(SORT_BY_NAME(SORT_BY_ALIGNMENT(._entropy_driver_api.static.*)))
                0x0000000000007bfc                _entropy_driver_api_list_end = .

espi_driver_api_area
                0x0000000000007bfc        0x0
                0x0000000000007bfc                _espi_driver_api_list_start = .
 *(SORT_BY_NAME(SORT_BY_ALIGNMENT(._espi_driver_api.static.*)))
                0x0000000000007bfc                _espi_driver_api_list_end = .

espi_saf_driver_api_area
                0x0000000000007bfc        0x0
                0x0000000000007bfc                _espi_saf_driver_api_list_start = .
 *(SORT_BY_NAME(SORT_BY_ALIGNMENT(._espi_saf_driver_api.static.*)))
                0x0000000000007bfc                _espi_saf_driver_api_list_end = .

flash_driver_api_area
                0x0000000000007bfc        0x0
                0x0000000000007bfc                _flash_driver_api_list_start = .
 *(SORT_BY_NAME(SORT_BY_ALIGNMENT(._flash_driver_api.static.*)))
                0x0000000000007bfc                _flash_driver_api_list_end = .

fpga_driver_api_area
                0x0000000000007bfc        0x0
                0x0000000000007bfc                _fpga_driver_api_list_start = .
 *(SORT_BY_NAME(SORT_BY_ALIGNMENT(._fpga_driver_api.static.*)))
                0x0000000000007bfc                _fpga_driver_api_list_end = .

fuel_gauge_driver_api_area
                0x0000000000007bfc        0x0
                0x0000000000007bfc                _fuel_gauge_driver_api_list_start = .
 *(SORT_BY_NAME(SORT_BY_ALIGNMENT(._fuel_gauge_driver_api.static.*)))
                0x0000000000007bfc                _fuel_gauge_driver_api_list_end = .

gnss_driver_api_area
                0x0000000000007bfc        0x0
                0x0000000000007bfc                _gnss_driver_api_list_start = .
 *(SORT_BY_NAME(SORT_BY_ALIGNMENT(._gnss_driver_api.static.*)))
                0x0000000000007bfc                _gnss_driver_api_list_end = .

haptics_driver_api_area
                0x0000000000007bfc        0x0
                0x0000000000007bfc                _haptics_driver_api_list_start = .
 *(SORT_BY_NAME(SORT_BY_ALIGNMENT(._haptics_driver_api.static.*)))
                0x0000000000007bfc                _haptics_driver_api_list_end = .

hwspinlock_driver_api_area
                0x0000000000007bfc        0x0
                0x0000000000007bfc                _hwspinlock_driver_api_list_start = .
 *(SORT_BY_NAME(SORT_BY_ALIGNMENT(._hwspinlock_driver_api.static.*)))
                0x0000000000007bfc                _hwspinlock_driver_api_list_end = .

i2s_driver_api_area
                0x0000000000007bfc        0x0
                0x0000000000007bfc                _i2s_driver_api_list_start = .
 *(SORT_BY_NAME(SORT_BY_ALIGNMENT(._i2s_driver_api.static.*)))
                0x0000000000007bfc                _i2s_driver_api_list_end = .

i3c_driver_api_area
                0x0000000000007bfc        0x0
                0x0000000000007bfc                _i3c_driver_api_list_start = .
 *(SORT_BY_NAME(SORT_BY_ALIGNMENT(._i3c_driver_api.static.*)))
                0x0000000000007bfc                _i3c_driver_api_list_end = .

ipm_driver_api_area
                0x0000000000007bfc        0x0
                0x0000000000007bfc                _ipm_driver_api_list_start = .
 *(SORT_BY_NAME(SORT_BY_ALIGNMENT(._ipm_driver_api.static.*)))
                0x0000000000007bfc                _ipm_driver_api_list_end = .

kscan_driver_api_area
                0x0000000000007bfc        0x0
                0x0000000000007bfc                _kscan_driver_api_list_start = .
 *(SORT_BY_NAME(SORT_BY_ALIGNMENT(._kscan_driver_api.static.*)))
                0x0000000000007bfc                _kscan_driver_api_list_end = .

led_driver_api_area
                0x0000000000007bfc        0x0
                0x0000000000007bfc                _led_driver_api_list_start = .
 *(SORT_BY_NAME(SORT_BY_ALIGNMENT(._led_driver_api.static.*)))
                0x0000000000007bfc                _led_driver_api_list_end = .

led_strip_driver_api_area
                0x0000000000007bfc        0x0
                0x0000000000007bfc                _led_strip_driver_api_list_start = .
 *(SORT_BY_NAME(SORT_BY_ALIGNMENT(._led_strip_driver_api.static.*)))
                0x0000000000007bfc                _led_strip_driver_api_list_end = .

lora_driver_api_area
                0x0000000000007bfc        0x0
                0x0000000000007bfc                _lora_driver_api_list_start = .
 *(SORT_BY_NAME(SORT_BY_ALIGNMENT(._lora_driver_api.static.*)))
                0x0000000000007bfc                _lora_driver_api_list_end = .

mbox_driver_api_area
                0x0000000000007bfc        0x0
                0x0000000000007bfc                _mbox_driver_api_list_start = .
 *(SORT_BY_NAME(SORT_BY_ALIGNMENT(._mbox_driver_api.static.*)))
                0x0000000000007bfc                _mbox_driver_api_list_end = .

mdio_driver_api_area
                0x0000000000007bfc        0x0
                0x0000000000007bfc                _mdio_driver_api_list_start = .
 *(SORT_BY_NAME(SORT_BY_ALIGNMENT(._mdio_driver_api.static.*)))
                0x0000000000007bfc                _mdio_driver_api_list_end = .

mipi_dbi_driver_api_area
                0x0000000000007bfc        0x0
                0x0000000000007bfc                _mipi_dbi_driver_api_list_start = .
 *(SORT_BY_NAME(SORT_BY_ALIGNMENT(._mipi_dbi_driver_api.static.*)))
                0x0000000000007bfc                _mipi_dbi_driver_api_list_end = .

mipi_dsi_driver_api_area
                0x0000000000007bfc        0x0
                0x0000000000007bfc                _mipi_dsi_driver_api_list_start = .
 *(SORT_BY_NAME(SORT_BY_ALIGNMENT(._mipi_dsi_driver_api.static.*)))
                0x0000000000007bfc                _mipi_dsi_driver_api_list_end = .

mspi_driver_api_area
                0x0000000000007bfc        0x0
                0x0000000000007bfc                _mspi_driver_api_list_start = .